Archive member included to satisfy reference by file (symbol)

/opt/devkitpro/libnds/lib/libmm9.a(mm_main9.o)
                              main.o (mmInitDefaultMem)
/opt/devkitpro/libnds/lib/libmm9.a(mm_memory.o)
                              main.o (mmLoadEffect)
/opt/devkitpro/libnds/lib/libmm9.a(mm_comms.o)
                              /opt/devkitpro/libnds/lib/libmm9.a(mm_main9.o) (mmSetupComms)
/opt/devkitpro/libnds/lib/libmm9.a(mm_flusher.o)
                              /opt/devkitpro/libnds/lib/libmm9.a(mm_memory.o) (mmFlushBank)
/opt/devkitpro/libnds/lib/libmm9.a(mm_soundbank.o)
                              /opt/devkitpro/libnds/lib/libmm9.a(mm_main9.o) (mmSoundBankInMemory)
/opt/devkitpro/libnds/lib/libnds9.a(keys.o)
                              main.o (scanKeys)
/opt/devkitpro/libnds/lib/libnds9.a(securearea.o)
                              /opt/devkitpro/devkitARM/lib/gcc/arm-none-eabi/7.1.0/../../../../arm-none-eabi/lib/thumb/ds_arm9_crt0.o (__secure_area__)
/opt/devkitpro/libnds/lib/libnds9.a(initSystem.o)
                              /opt/devkitpro/devkitARM/lib/gcc/arm-none-eabi/7.1.0/../../../../arm-none-eabi/lib/thumb/ds_arm9_crt0.o (initSystem)
/opt/devkitpro/libnds/lib/libnds9.a(fifosystem.o)
                              /opt/devkitpro/libnds/lib/libmm9.a(mm_comms.o) (fifoSetValue32Handler)
/opt/devkitpro/libnds/lib/libnds9.a(libnds_exit.arm.o)
                              /opt/devkitpro/devkitARM/lib/gcc/arm-none-eabi/7.1.0/../../../../arm-none-eabi/lib/thumb/ds_arm9_crt0.o (__libnds_exit)
/opt/devkitpro/libnds/lib/libnds9.a(interrupts.o)
                              /opt/devkitpro/libnds/lib/libnds9.a(fifosystem.o) (irqSet)
/opt/devkitpro/libnds/lib/libnds9.a(cpu_clock.o)
                              /opt/devkitpro/libnds/lib/libnds9.a(initSystem.o) (setCpuClock)
/opt/devkitpro/libnds/lib/libnds9.a(IntrWait.o)
                              main.o (swiWaitForVBlank)
/opt/devkitpro/libnds/lib/libnds9.a(mpu_setup.o)
                              /opt/devkitpro/devkitARM/lib/gcc/arm-none-eabi/7.1.0/../../../../arm-none-eabi/lib/thumb/ds_arm9_crt0.o (__libnds_mpu_setup)
/opt/devkitpro/libnds/lib/libnds9.a(swiSoftReset.o)
                              /opt/devkitpro/libnds/lib/libnds9.a(fifosystem.o) (swiSoftReset)
/opt/devkitpro/libnds/lib/libnds9.a(interruptDispatcher.o)
                              /opt/devkitpro/libnds/lib/libnds9.a(interrupts.o) (IntrMain)
/opt/devkitpro/libnds/lib/libnds9.a(system.o)
                              /opt/devkitpro/libnds/lib/libnds9.a(initSystem.o) (systemValueHandler)
/opt/devkitpro/libnds/lib/libnds9.a(video.o)
                              /opt/devkitpro/libnds/lib/libnds9.a(initSystem.o) (vramDefault)
/opt/devkitpro/libnds/lib/libnds9.a(timeSupport.o)
                              /opt/devkitpro/libnds/lib/libnds9.a(initSystem.o) (__libnds_gtod)
/opt/devkitpro/libnds/lib/libnds9.a(biosCalls.o)
                              /opt/devkitpro/libnds/lib/libnds9.a(system.o) (swiDelay)
/opt/devkitpro/devkitARM/lib/gcc/arm-none-eabi/7.1.0/thumb/libgcc.a(_divsi3.o)
                              ball.o (__aeabi_idiv)
/opt/devkitpro/devkitARM/lib/gcc/arm-none-eabi/7.1.0/thumb/libgcc.a(_dvmd_tls.o)
                              /opt/devkitpro/devkitARM/lib/gcc/arm-none-eabi/7.1.0/thumb/libgcc.a(_divsi3.o) (__aeabi_idiv0)
/opt/devkitpro/devkitARM/lib/gcc/arm-none-eabi/7.1.0/../../../../arm-none-eabi/lib/thumb/libg.a(lib_a-fclose.o)
                              /opt/devkitpro/libnds/lib/libmm9.a(mm_main9.o) (fclose)
/opt/devkitpro/devkitARM/lib/gcc/arm-none-eabi/7.1.0/../../../../arm-none-eabi/lib/thumb/libg.a(lib_a-fflush.o)
                              /opt/devkitpro/devkitARM/lib/gcc/arm-none-eabi/7.1.0/../../../../arm-none-eabi/lib/thumb/libg.a(lib_a-fclose.o) (__sflush_r)
/opt/devkitpro/devkitARM/lib/gcc/arm-none-eabi/7.1.0/../../../../arm-none-eabi/lib/thumb/libg.a(lib_a-findfp.o)
                              /opt/devkitpro/devkitARM/lib/gcc/arm-none-eabi/7.1.0/../../../../arm-none-eabi/lib/thumb/libg.a(lib_a-fclose.o) (__sinit)
/opt/devkitpro/devkitARM/lib/gcc/arm-none-eabi/7.1.0/../../../../arm-none-eabi/lib/thumb/libg.a(lib_a-fopen.o)
                              /opt/devkitpro/libnds/lib/libmm9.a(mm_main9.o) (fopen)
/opt/devkitpro/devkitARM/lib/gcc/arm-none-eabi/7.1.0/../../../../arm-none-eabi/lib/thumb/libg.a(lib_a-fread.o)
                              /opt/devkitpro/libnds/lib/libmm9.a(mm_main9.o) (fread)
/opt/devkitpro/devkitARM/lib/gcc/arm-none-eabi/7.1.0/../../../../arm-none-eabi/lib/thumb/libg.a(lib_a-freer.o)
                              /opt/devkitpro/devkitARM/lib/gcc/arm-none-eabi/7.1.0/../../../../arm-none-eabi/lib/thumb/libg.a(lib_a-fclose.o) (_free_r)
/opt/devkitpro/devkitARM/lib/gcc/arm-none-eabi/7.1.0/../../../../arm-none-eabi/lib/thumb/libg.a(lib_a-fseek.o)
                              /opt/devkitpro/devkitARM/lib/gcc/arm-none-eabi/7.1.0/../../../../arm-none-eabi/lib/thumb/libg.a(lib_a-fopen.o) (_fseek_r)
[...]
Memory Configuration

Name             Origin             Length             Attributes
ewram            0x0000000002000000 0x0000000000380000
dtcm             0x000000000b000000 0x0000000000004000
vectors          0x0000000001000000 0x0000000000000100
itcm             0x0000000001000100 0x0000000000007f00
*default*        0x0000000000000000 0xffffffffffffffff

Linker script and memory map

                0x0000000002380000                __ewram_end = (ORIGIN (ewram) + LENGTH (ewram))
                0x0000000002380000                __eheap_end = (ORIGIN (ewram) + LENGTH (ewram))
                0x000000000b004000                __dtcm_top = (ORIGIN (dtcm) + LENGTH (dtcm))
                0x000000000b003ff8                __irq_flags = (__dtcm_top - 0x8)
                0x000000000b003ffc                __irq_vector = (__dtcm_top - 0x4)
                0x000000000b003f00                __sp_svc = (__dtcm_top - 0x100)
                0x000000000b003e00                __sp_irq = (__sp_svc - 0x100)
                0x000000000b003d00                __sp_usr = (__sp_irq - 0x100)

.secure         0x0000000002000000      0x800
 *(.secure)
 .secure        0x0000000002000000      0x800 /opt/devkitpro/libnds/lib/libnds9.a(securearea.o)
                0x0000000002000000                __secure_area__

.crt0           0x0000000002000800      0x300
                0x0000000002000800                __text_start = .
 *(.crt0)
 .crt0          0x0000000002000800      0x300 /opt/devkitpro/devkitARM/lib/gcc/arm-none-eabi/7.1.0/../../../../arm-none-eabi/lib/thumb/ds_arm9_crt0.o
                0x0000000002000800                _start
                0x0000000002000b00                . = ALIGN (0x4)

.plt
 *(.plt)

.init           0x0000000002000b00        0xc
 *(SORT(.init))
 .init          0x0000000002000b00        0x4 /opt/devkitpro/devkitARM/lib/gcc/arm-none-eabi/7.1.0/thumb/crti.o
                0x0000000002000b00                _init
 .init          0x0000000002000b04        0x8 /opt/devkitpro/devkitARM/lib/gcc/arm-none-eabi/7.1.0/thumb/crtn.o

.text           0x0000000002000b10     0x4670
 *(EXCLUDE_FILE(*.twl* *.vectors* *.itcm*) .text)
 .text          0x0000000002000b10      0x328 main.o
                0x0000000002000b10                setupGraphics
                0x0000000002000cf0                setupInterrupts
                0x0000000002000cfc                resetBall
                0x0000000002000d1c                updateGraphics
                0x0000000002000d44                processInput
                0x0000000002000d94                updateCamera
                0x0000000002000dd4                processLogic
                0x0000000002000e24                setupSounds
 .text          0x0000000002000e38      0x114 ball.o
                0x0000000002000e38                ballUpdate
                0x0000000002000ee0                ballRender
 .text          0x0000000002000f4c      0x108 /opt/devkitpro/libnds/lib/libmm9.a(mm_main9.o)
                0x0000000002000f4c                mmActive
                0x0000000002000f52                mmSetEventHandler
                0x0000000002000f58                mmInit
                0x0000000002000f82                mmInitDefault
                0x0000000002000fcc                mmInitDefaultMem
                0x0000000002000fee                mmSuspendIRQ_t
                0x000000000200100c                mmRestoreIRQ_t
 .text          0x0000000002001054      0x120 /opt/devkitpro/libnds/lib/libmm9.a(mm_memory.o)
                0x0000000002001054                mmLoad
                0x00000000020010a4                mmUnload
                0x00000000020010fc                mmLoadEffect
                0x0000000002001134                mmUnloadEffect
 .text          0x0000000002001174      0x24c /opt/devkitpro/libnds/lib/libmm9.a(mm_comms.o)
                0x0000000002001174                mmSetupComms
                0x00000000020011c6                mmSendBank
                0x00000000020011d0                mmLockChannels
                0x00000000020011d6                mmUnlockChannels
                0x00000000020011dc                mmStart
                0x00000000020011e6                mmPause
                0x00000000020011ea                mmResume
                0x00000000020011ee                mmStop
                0x00000000020011f2                mmPosition
                0x00000000020011f6                mmJingle
                0x00000000020011fa                mmSetModuleVolume
                0x00000000020011fe                mmSetJingleVolume
                0x0000000002001202                mmSetModuleTempo
                0x0000000002001206                mmSetModulePitch
                0x000000000200120a                mmSetEffectsVolume
                0x000000000200120e                mmSelectMode
                0x0000000002001212                mmStreamBegin
                0x0000000002001226                mmStreamEnd
                0x000000000200127c                mmEffect
                0x00000000020012a0                mmEffectVolume
                0x00000000020012a4                mmEffectPanning
                0x00000000020012a8                mmEffectRate
                0x00000000020012b2                mmEffectScaleRate
                0x00000000020012bc                mmEffectRelease
                0x00000000020012c2                mmEffectCancel
                0x00000000020012c8                mmEffectEx
                0x0000000002001306                mmEffectCancelAll
                0x000000000200130a                mmReverbEnable
                0x000000000200130e                mmReverbDisable
                0x0000000002001312                mmReverbConfigure
                0x000000000200136e                mmReverbStart
                0x0000000002001372                mmReverbStop
 .text          0x00000000020013c0       0x3c /opt/devkitpro/libnds/lib/libmm9.a(mm_flusher.o)
                0x00000000020013c0                mmFlushBank
 .text          0x00000000020013fc      0x100 /opt/devkitpro/libnds/lib/libmm9.a(mm_soundbank.o)
                0x00000000020013fc                mmSoundBankInMemory
                0x0000000002001404                mmSoundBankInFiles
                0x0000000002001416                mmSetCustomSoundBankHandler
                0x0000000002001442                mmsHandleFileOp
 .text          0x00000000020014fc      0x150 /opt/devkitpro/devkitARM/lib/gcc/arm-none-eabi/7.1.0/thumb/libgcc.a(_divsi3.o)
                0x00000000020014fc                __aeabi_idiv
                0x00000000020014fc                __divsi3
                0x000000000200162c                __aeabi_idivmod
 .text          0x000000000200164c        0x4 /opt/devkitpro/devkitARM/lib/gcc/arm-none-eabi/7.1.0/thumb/libgcc.a(_dvmd_tls.o)
                0x000000000200164c                __aeabi_ldiv0
                0x000000000200164c                __aeabi_idiv0
 .text          0x0000000002001650      0x11c /opt/devkitpro/devkitARM/lib/gcc/arm-none-eabi/7.1.0/thumb/libgcc.a(_udivsi3.o)
                0x0000000002001650                __udivsi3
                0x0000000002001650                __aeabi_uidiv
                0x000000000200174c                __aeabi_uidivmod
 *(EXCLUDE_FILE(*.twl* *.vectors* *.itcm*) .stub)
 *(EXCLUDE_FILE(*.twl* *.vectors* *.itcm*) .text.*)
 .text.deregister_tm_clones
                0x000000000200176c       0x2c /opt/devkitpro/devkitARM/lib/gcc/arm-none-eabi/7.1.0/thumb/crtbegin.o
 .text.register_tm_clones
                0x0000000002001798       0x34 /opt/devkitpro/devkitARM/lib/gcc/arm-none-eabi/7.1.0/thumb/crtbegin.o
 .text.__do_global_dtors_aux
                0x00000000020017cc       0x30 /opt/devkitpro/devkitARM/lib/gcc/arm-none-eabi/7.1.0/thumb/crtbegin.o
 .text.frame_dummy
                0x00000000020017fc       0x28 /opt/devkitpro/devkitARM/lib/gcc/arm-none-eabi/7.1.0/thumb/crtbegin.o
 .text.startup  0x0000000002001824       0x64 main.o
                0x0000000002001824                main
 .text.scanKeys
                0x0000000002001888       0x8c /opt/devkitpro/libnds/lib/libnds9.a(keys.o)
                0x0000000002001888                scanKeys
 .text.keysHeld
                0x0000000002001914        0xc /opt/devkitpro/libnds/lib/libnds9.a(keys.o)
                0x0000000002001914                keysHeld
 .text.initSystem
                0x0000000002001920      0x194 /opt/devkitpro/libnds/lib/libnds9.a(initSystem.o)
                0x0000000002001920                initSystem
 .text.__timeoutvbl
                0x0000000002001ab4       0x10 /opt/devkitpro/libnds/lib/libnds9.a(fifosystem.o)
 .text.fifo_allocBlock.part.0
                0x0000000002001ac4       0x34 /opt/devkitpro/libnds/lib/libnds9.a(fifosystem.o)
 .text.fifo_waitBlock
                0x0000000002001af8       0x48 /opt/devkitpro/libnds/lib/libnds9.a(fifosystem.o)
 .text.fifo_queueBlock
                0x0000000002001b40       0x44 /opt/devkitpro/libnds/lib/libnds9.a(fifosystem.o)
 .text.fifoInternalSendInterrupt
                0x0000000002001b84       0xac /opt/devkitpro/libnds/lib/libnds9.a(fifosystem.o)
 .text.fifoInternalSend.part.3
                0x0000000002001c30       0xd4 /opt/devkitpro/libnds/lib/libnds9.a(fifosystem.o)
 .text.fifoGetValue32.part.4
                0x0000000002001d04       0x74 /opt/devkitpro/libnds/lib/libnds9.a(fifosystem.o)
 .text.fifoSetValue32Handler
                0x0000000002001d78       0x74 /opt/devkitpro/libnds/lib/libnds9.a(fifosystem.o)
                0x0000000002001d78                fifoSetValue32Handler
 .text.fifoSendValue32
                0x0000000002001dec       0x4c /opt/devkitpro/libnds/lib/libnds9.a(fifosystem.o)
                0x0000000002001dec                fifoSendValue32
 .text.fifoSendDatamsg
                0x0000000002001e38       0x90 /opt/devkitpro/libnds/lib/libnds9.a(fifosystem.o)
                0x0000000002001e38                fifoSendDatamsg
 .text.fifoGetDatamsg
                0x0000000002001ec8      0x140 /opt/devkitpro/libnds/lib/libnds9.a(fifosystem.o)
                0x0000000002001ec8                fifoGetDatamsg
 .text.fifoInternalRecvInterrupt
                0x0000000002002008      0x3a0 /opt/devkitpro/libnds/lib/libnds9.a(fifosystem.o)
 .text.fifoSetDatamsgHandler
                0x00000000020023a8       0x9c /opt/devkitpro/libnds/lib/libnds9.a(fifosystem.o)
                0x00000000020023a8                fifoSetDatamsgHandler
 .text.fifoInit
                0x0000000002002444      0x1cc /opt/devkitpro/libnds/lib/libnds9.a(fifosystem.o)
                0x0000000002002444                fifoInit
 .text.systemErrorExit
                0x0000000002002610        0x4 /opt/devkitpro/libnds/lib/libnds9.a(libnds_exit.arm.o)
                0x0000000002002610                systemErrorExit
 *fill*         0x0000000002002614        0x4 ff
 .text.__libnds_exit
                0x0000000002002618       0x5c /opt/devkitpro/libnds/lib/libnds9.a(libnds_exit.arm.o)
                0x0000000002002618                __libnds_exit
 .text.irqDummy
                0x0000000002002674        0x4 /opt/devkitpro/libnds/lib/libnds9.a(interrupts.o)
                0x0000000002002674                irqDummy
 .text.irqSet   0x0000000002002678       0x6c /opt/devkitpro/libnds/lib/libnds9.a(interrupts.o)
                0x0000000002002678                irqSet
 .text.irqInit  0x00000000020026e4       0x50 /opt/devkitpro/libnds/lib/libnds9.a(interrupts.o)
                0x00000000020026e4                irqInit
 .text.irqEnable
                0x0000000002002734       0x64 /opt/devkitpro/libnds/lib/libnds9.a(interrupts.o)
                0x0000000002002734                irqEnable
 .text.irqDisable
                0x0000000002002798       0x64 /opt/devkitpro/libnds/lib/libnds9.a(interrupts.o)
                0x0000000002002798                irqDisable
 .text.setCpuClock
                0x00000000020027fc       0x50 /opt/devkitpro/libnds/lib/libnds9.a(cpu_clock.o)
                0x00000000020027fc                setCpuClock
 .text.swiWaitForVBlank
                0x000000000200284c        0x8 /opt/devkitpro/libnds/lib/libnds9.a(IntrWait.o)
                0x000000000200284c                swiWaitForVBlank
 .text.swiIntrWait
                0x0000000002002854       0x64 /opt/devkitpro/libnds/lib/libnds9.a(IntrWait.o)
                0x0000000002002854                swiIntrWait
 .text.__libnds_mpu_setup
                0x00000000020028b8      0x174 /opt/devkitpro/libnds/lib/libnds9.a(mpu_setup.o)
                0x00000000020028b8                __libnds_mpu_setup
 .text.memUncached
                0x0000000002002a2c       0x20 /opt/devkitpro/libnds/lib/libnds9.a(mpu_setup.o)
                0x0000000002002a2c                memUncached
 .text.swiSoftReset
                0x0000000002002a4c       0x2c /opt/devkitpro/libnds/lib/libnds9.a(swiSoftReset.o)
                0x0000000002002a4c                swiSoftReset
 .text.systemValueHandler
                0x0000000002002a78       0x48 /opt/devkitpro/libnds/lib/libnds9.a(system.o)
                0x0000000002002a78                systemValueHandler
 .text.systemMsgHandler
                0x0000000002002ac0       0x5c /opt/devkitpro/libnds/lib/libnds9.a(system.o)
                0x0000000002002ac0                systemMsgHandler
 .text.powerOn  0x0000000002002b1c       0x2c /opt/devkitpro/libnds/lib/libnds9.a(system.o)
                0x0000000002002b1c                powerOn
 .text.vramDefault
                0x0000000002002b48       0xd0 /opt/devkitpro/libnds/lib/libnds9.a(video.o)
                0x0000000002002b48                vramDefault
 .text.__libnds_gtod
                0x0000000002002c18       0x24 /opt/devkitpro/libnds/lib/libnds9.a(timeSupport.o)
                0x0000000002002c18                __libnds_gtod
 .text.swiDelay
                0x0000000002002c3c        0x4 /opt/devkitpro/libnds/lib/libnds9.a(biosCalls.o)
                0x0000000002002c3c                swiDelay
 .text._fclose_r
                0x0000000002002c40       0xe0 /opt/devkitpro/devkitARM/lib/gcc/arm-none-eabi/7.1.0/../../../../arm-none-eabi/lib/thumb/libg.a(lib_a-fclose.o)
                0x0000000002002c40                _fclose_r
 .text.fclose   0x0000000002002d20       0x14 /opt/devkitpro/devkitARM/lib/gcc/arm-none-eabi/7.1.0/../../../../arm-none-eabi/lib/thumb/libg.a(lib_a-fclose.o)
                0x0000000002002d20                fclose
 .text.__sflush_r
                0x0000000002002d34      0x19c /opt/devkitpro/devkitARM/lib/gcc/arm-none-eabi/7.1.0/../../../../arm-none-eabi/lib/thumb/libg.a(lib_a-fflush.o)
                0x0000000002002d34                __sflush_r
 .text._fflush_r
                0x0000000002002ed0       0x58 /opt/devkitpro/devkitARM/lib/gcc/arm-none-eabi/7.1.0/../../../../arm-none-eabi/lib/thumb/libg.a(lib_a-fflush.o)
                0x0000000002002ed0                _fflush_r
 .text.fflush   0x0000000002002f28       0x2c /opt/devkitpro/devkitARM/lib/gcc/arm-none-eabi/7.1.0/../../../../arm-none-eabi/lib/thumb/libg.a(lib_a-fflush.o)
                0x0000000002002f28                fflush
 .text._cleanup_r
                0x0000000002002f54       0x14 /opt/devkitpro/devkitARM/lib/gcc/arm-none-eabi/7.1.0/../../../../arm-none-eabi/lib/thumb/libg.a(lib_a-findfp.o)
                0x0000000002002f54                _cleanup_r
 .text.std.isra.0
                0x0000000002002f68       0x54 /opt/devkitpro/devkitARM/lib/gcc/arm-none-eabi/7.1.0/../../../../arm-none-eabi/lib/thumb/libg.a(lib_a-findfp.o)
 .text.__sfmoreglue
                0x0000000002002fbc       0x34 /opt/devkitpro/devkitARM/lib/gcc/arm-none-eabi/7.1.0/../../../../arm-none-eabi/lib/thumb/libg.a(lib_a-findfp.o)
                0x0000000002002fbc                __sfmoreglue
 .text.__sinit  0x0000000002002ff0       0x64 /opt/devkitpro/devkitARM/lib/gcc/arm-none-eabi/7.1.0/../../../../arm-none-eabi/lib/thumb/libg.a(lib_a-findfp.o)
                0x0000000002002ff0                __sinit
 .text.__sfp    0x0000000002003054       0xb0 /opt/devkitpro/devkitARM/lib/gcc/arm-none-eabi/7.1.0/../../../../arm-none-eabi/lib/thumb/libg.a(lib_a-findfp.o)
                0x0000000002003054                __sfp
 .text.__sfp_lock_acquire
                0x0000000002003104       0x14 /opt/devkitpro/devkitARM/lib/gcc/arm-none-eabi/7.1.0/../../../../arm-none-eabi/lib/thumb/libg.a(lib_a-findfp.o)
                0x0000000002003104                __sfp_lock_acquire
 .text.__sfp_lock_release
                0x0000000002003118       0x14 /opt/devkitpro/devkitARM/lib/gcc/arm-none-eabi/7.1.0/../../../../arm-none-eabi/lib/thumb/libg.a(lib_a-findfp.o)
                0x0000000002003118                __sfp_lock_release
 .text._fopen_r
                0x000000000200312c       0xb8 /opt/devkitpro/devkitARM/lib/gcc/arm-none-eabi/7.1.0/../../../../arm-none-eabi/lib/thumb/libg.a(lib_a-fopen.o)
                0x000000000200312c                _fopen_r
 .text.fopen    0x00000000020031e4       0x18 /opt/devkitpro/devkitARM/lib/gcc/arm-none-eabi/7.1.0/../../../../arm-none-eabi/lib/thumb/libg.a(lib_a-fopen.o)
                0x00000000020031e4                fopen
 .text._fread_r
                0x00000000020031fc      0x1fc /opt/devkitpro/devkitARM/lib/gcc/arm-none-eabi/7.1.0/../../../../arm-none-eabi/lib/thumb/libg.a(lib_a-fread.o)
                0x00000000020031fc                _fread_r
 .text.fread    0x00000000020033f8       0x24 /opt/devkitpro/devkitARM/lib/gcc/arm-none-eabi/7.1.0/../../../../arm-none-eabi/lib/thumb/libg.a(lib_a-fread.o)
                0x00000000020033f8                fread
 .text._malloc_trim_r
                0x000000000200341c       0xa4 /opt/devkitpro/devkitARM/lib/gcc/arm-none-eabi/7.1.0/../../../../arm-none-eabi/lib/thumb/libg.a(lib_a-freer.o)
                0x000000000200341c                _malloc_trim_r
 .text._free_r  0x00000000020034c0      0x1d8 /opt/devkitpro/devkitARM/lib/gcc/arm-none-eabi/7.1.0/../../../../arm-none-eabi/lib/thumb/libg.a(lib_a-freer.o)
                0x00000000020034c0                _free_r
 .text._fseek_r
                0x0000000002003698       0x14 /opt/devkitpro/devkitARM/lib/gcc/arm-none-eabi/7.1.0/../../../../arm-none-eabi/lib/thumb/libg.a(lib_a-fseek.o)
                0x0000000002003698                _fseek_r
 .text.fseek    0x00000000020036ac       0x24 /opt/devkitpro/devkitARM/lib/gcc/arm-none-eabi/7.1.0/../../../../arm-none-eabi/lib/thumb/libg.a(lib_a-fseek.o)
                0x00000000020036ac                fseek
 .text._fseeko_r
                0x00000000020036d0      0x428 /opt/devkitpro/devkitARM/lib/gcc/arm-none-eabi/7.1.0/../../../../arm-none-eabi/lib/thumb/libg.a(lib_a-fseeko.o)
                0x00000000020036d0                _fseeko_r
 .text._fwalk   0x0000000002003af8       0x4c /opt/devkitpro/devkitARM/lib/gcc/arm-none-eabi/7.1.0/../../../../arm-none-eabi/lib/thumb/libg.a(lib_a-fwalk.o)
                0x0000000002003af8                _fwalk
 .text._fwalk_reent
                0x0000000002003b44       0x54 /opt/devkitpro/devkitARM/lib/gcc/arm-none-eabi/7.1.0/../../../../arm-none-eabi/lib/thumb/libg.a(lib_a-fwalk.o)
                0x0000000002003b44                _fwalk_reent
 .text.__libc_init_array
                0x0000000002003b98       0x54 /opt/devkitpro/devkitARM/lib/gcc/arm-none-eabi/7.1.0/../../../../arm-none-eabi/lib/thumb/libg.a(lib_a-init.o)
                0x0000000002003b98                __libc_init_array
 .text.__swhatbuf_r
                0x0000000002003bec       0x64 /opt/devkitpro/devkitARM/lib/gcc/arm-none-eabi/7.1.0/../../../../arm-none-eabi/lib/thumb/libg.a(lib_a-makebuf.o)
                0x0000000002003bec                __swhatbuf_r
 .text.__smakebuf_r
                0x0000000002003c50       0x98 /opt/devkitpro/devkitARM/lib/gcc/arm-none-eabi/7.1.0/../../../../arm-none-eabi/lib/thumb/libg.a(lib_a-makebuf.o)
                0x0000000002003c50                __smakebuf_r
 .text.malloc   0x0000000002003ce8       0x14 /opt/devkitpro/devkitARM/lib/gcc/arm-none-eabi/7.1.0/../../../../arm-none-eabi/lib/thumb/libg.a(lib_a-malloc.o)
                0x0000000002003ce8                malloc
 .text.free     0x0000000002003cfc       0x14 /opt/devkitpro/devkitARM/lib/gcc/arm-none-eabi/7.1.0/../../../../arm-none-eabi/lib/thumb/libg.a(lib_a-malloc.o)
                0x0000000002003cfc                free
 .text._malloc_r
                0x0000000002003d10      0x56c /opt/devkitpro/devkitARM/lib/gcc/arm-none-eabi/7.1.0/../../../../arm-none-eabi/lib/thumb/libg.a(lib_a-mallocr.o)
                0x0000000002003d10                _malloc_r
 .text.memcpy   0x000000000200427c       0x8c /opt/devkitpro/devkitARM/lib/gcc/arm-none-eabi/7.1.0/../../../../arm-none-eabi/lib/thumb/libg.a(lib_a-memcpy-stub.o)
                0x000000000200427c                memcpy
 .text.memset   0x0000000002004308       0xa4 /opt/devkitpro/devkitARM/lib/gcc/arm-none-eabi/7.1.0/../../../../arm-none-eabi/lib/thumb/libg.a(lib_a-memset.o)
                0x0000000002004308                memset
 .text.__malloc_lock
                0x00000000020043ac       0x14 /opt/devkitpro/devkitARM/lib/gcc/arm-none-eabi/7.1.0/../../../../arm-none-eabi/lib/thumb/libg.a(lib_a-mlock.o)
                0x00000000020043ac                __malloc_lock
 .text.__malloc_unlock
                0x00000000020043c0       0x14 /opt/devkitpro/devkitARM/lib/gcc/arm-none-eabi/7.1.0/../../../../arm-none-eabi/lib/thumb/libg.a(lib_a-mlock.o)
                0x00000000020043c0                __malloc_unlock
 .text.lflush   0x00000000020043d4       0x20 /opt/devkitpro/devkitARM/lib/gcc/arm-none-eabi/7.1.0/../../../../arm-none-eabi/lib/thumb/libg.a(lib_a-refill.o)
 .text.__srefill_r
                0x00000000020043f4      0x110 /opt/devkitpro/devkitARM/lib/gcc/arm-none-eabi/7.1.0/../../../../arm-none-eabi/lib/thumb/libg.a(lib_a-refill.o)
                0x00000000020043f4                __srefill_r
 .text.__sread  0x0000000002004504       0x34 /opt/devkitpro/devkitARM/lib/gcc/arm-none-eabi/7.1.0/../../../../arm-none-eabi/lib/thumb/libg.a(lib_a-stdio.o)
                0x0000000002004504                __sread
 .text.__swrite
                0x0000000002004538       0x48 /opt/devkitpro/devkitARM/lib/gcc/arm-none-eabi/7.1.0/../../../../arm-none-eabi/lib/thumb/libg.a(lib_a-stdio.o)
                0x0000000002004538                __swrite
 .text.__sseek  0x0000000002004580       0x40 /opt/devkitpro/devkitARM/lib/gcc/arm-none-eabi/7.1.0/../../../../arm-none-eabi/lib/thumb/libg.a(lib_a-stdio.o)
                0x0000000002004580                __sseek
 .text.__sclose
                0x00000000020045c0       0x10 /opt/devkitpro/devkitARM/lib/gcc/arm-none-eabi/7.1.0/../../../../arm-none-eabi/lib/thumb/libg.a(lib_a-stdio.o)
                0x00000000020045c0                __sclose
 .text.__sflags
                0x00000000020045d0       0xa0 /opt/devkitpro/devkitARM/lib/gcc/arm-none-eabi/7.1.0/../../../../arm-none-eabi/lib/thumb/libg.a(lib_a-flags.o)
                0x00000000020045d0                __sflags
 .text._close_r
                0x0000000002004670       0x5c /opt/devkitpro/devkitARM/lib/gcc/arm-none-eabi/7.1.0/../../../../arm-none-eabi/lib/thumb/libsysbase.a(close.o)
                0x0000000002004670                _close_r
 .text._fstat_r
                0x00000000020046cc       0x4c /opt/devkitpro/devkitARM/lib/gcc/arm-none-eabi/7.1.0/../../../../arm-none-eabi/lib/thumb/libsysbase.a(fstat.o)
                0x00000000020046cc                _fstat_r
 .text._isatty_r
                0x0000000002004718        0x4 /opt/devkitpro/devkitARM/lib/gcc/arm-none-eabi/7.1.0/../../../../arm-none-eabi/lib/thumb/libsysbase.a(isatty.o)
                0x0000000002004718                _isatty_r
 .text._lseek_r
                0x000000000200471c       0x5c /opt/devkitpro/devkitARM/lib/gcc/arm-none-eabi/7.1.0/../../../../arm-none-eabi/lib/thumb/libsysbase.a(lseek.o)
                0x000000000200471c                _lseek_r
 .text._open_r  0x0000000002004778       0x94 /opt/devkitpro/devkitARM/lib/gcc/arm-none-eabi/7.1.0/../../../../arm-none-eabi/lib/thumb/libsysbase.a(open.o)
                0x0000000002004778                _open_r
 .text._read_r  0x000000000200480c       0x50 /opt/devkitpro/devkitARM/lib/gcc/arm-none-eabi/7.1.0/../../../../arm-none-eabi/lib/thumb/libsysbase.a(read.o)
                0x000000000200480c                _read_r
 .text._sbrk_r  0x000000000200485c       0x54 /opt/devkitpro/devkitARM/lib/gcc/arm-none-eabi/7.1.0/../../../../arm-none-eabi/lib/thumb/libsysbase.a(sbrk.o)
                0x000000000200485c                _sbrk_r
 .text._write_r
                0x00000000020048b0       0x50 /opt/devkitpro/devkitARM/lib/gcc/arm-none-eabi/7.1.0/../../../../arm-none-eabi/lib/thumb/libsysbase.a(write.o)
                0x00000000020048b0                _write_r
 .text.build_argv
                0x0000000002004900       0x4c /opt/devkitpro/devkitARM/lib/gcc/arm-none-eabi/7.1.0/../../../../arm-none-eabi/lib/thumb/libsysbase.a(build_argv.o)
                0x0000000002004900                build_argv
 .text.__flockfile
                0x000000000200494c       0x10 /opt/devkitpro/devkitARM/lib/gcc/arm-none-eabi/7.1.0/../../../../arm-none-eabi/lib/thumb/libsysbase.a(flock.o)
                0x000000000200494c                __flockfile
 .text.__funlockfile
                0x000000000200495c       0x10 /opt/devkitpro/devkitARM/lib/gcc/arm-none-eabi/7.1.0/../../../../arm-none-eabi/lib/thumb/libsysbase.a(flock.o)
                0x000000000200495c                __funlockfile
 .text.__libc_lock_acquire
                0x000000000200496c       0x1c /opt/devkitpro/devkitARM/lib/gcc/arm-none-eabi/7.1.0/../../../../arm-none-eabi/lib/thumb/libsysbase.a(syscall_support.o)
                0x000000000200496c                __libc_lock_acquire
 .text.__libc_lock_release
                0x0000000002004988       0x1c /opt/devkitpro/devkitARM/lib/gcc/arm-none-eabi/7.1.0/../../../../arm-none-eabi/lib/thumb/libsysbase.a(syscall_support.o)
                0x0000000002004988                __libc_lock_release
 .text.__libc_lock_init_recursive
                0x00000000020049a4       0x1c /opt/devkitpro/devkitARM/lib/gcc/arm-none-eabi/7.1.0/../../../../arm-none-eabi/lib/thumb/libsysbase.a(syscall_support.o)
                0x00000000020049a4                __libc_lock_init_recursive
 .text.__libc_lock_acquire_recursive
                0x00000000020049c0       0x1c /opt/devkitpro/devkitARM/lib/gcc/arm-none-eabi/7.1.0/../../../../arm-none-eabi/lib/thumb/libsysbase.a(syscall_support.o)
                0x00000000020049c0                __libc_lock_acquire_recursive
 .text.__libc_lock_release_recursive
                0x00000000020049dc       0x1c /opt/devkitpro/devkitARM/lib/gcc/arm-none-eabi/7.1.0/../../../../arm-none-eabi/lib/thumb/libsysbase.a(syscall_support.o)
                0x00000000020049dc                __libc_lock_release_recursive
 .text.__libc_lock_close_recursive
                0x00000000020049f8       0x1c /opt/devkitpro/devkitARM/lib/gcc/arm-none-eabi/7.1.0/../../../../arm-none-eabi/lib/thumb/libsysbase.a(syscall_support.o)
                0x00000000020049f8                __libc_lock_close_recursive
 .text.__release_handle
                0x0000000002004a14       0x6c /opt/devkitpro/devkitARM/lib/gcc/arm-none-eabi/7.1.0/../../../../arm-none-eabi/lib/thumb/libsysbase.a(handle_manager.o)
                0x0000000002004a14                __release_handle
 .text.__alloc_handle
                0x0000000002004a80       0x88 /opt/devkitpro/devkitARM/lib/gcc/arm-none-eabi/7.1.0/../../../../arm-none-eabi/lib/thumb/libsysbase.a(handle_manager.o)
                0x0000000002004a80                __alloc_handle
 .text.__get_handle
                0x0000000002004b08       0x1c /opt/devkitpro/devkitARM/lib/gcc/arm-none-eabi/7.1.0/../../../../arm-none-eabi/lib/thumb/libsysbase.a(handle_manager.o)
                0x0000000002004b08                __get_handle
 .text.__getreent
                0x0000000002004b24       0x28 /opt/devkitpro/devkitARM/lib/gcc/arm-none-eabi/7.1.0/../../../../arm-none-eabi/lib/thumb/libsysbase.a(getreent.o)
                0x0000000002004b24                __getreent
 .text.null_write
                0x0000000002004b4c        0x4 /opt/devkitpro/devkitARM/lib/gcc/arm-none-eabi/7.1.0/../../../../arm-none-eabi/lib/thumb/libsysbase.a(iosupport.o)
 .text.FindDevice
                0x0000000002004b50       0x94 /opt/devkitpro/devkitARM/lib/gcc/arm-none-eabi/7.1.0/../../../../arm-none-eabi/lib/thumb/libsysbase.a(iosupport.o)
                0x0000000002004b50                FindDevice
 .text.__errno  0x0000000002004be4        0xc /opt/devkitpro/devkitARM/lib/gcc/arm-none-eabi/7.1.0/../../../../arm-none-eabi/lib/thumb/libg.a(lib_a-errno.o)
                0x0000000002004be4                __errno
 .text.__locale_ctype_ptr
                0x0000000002004bf0       0x1c /opt/devkitpro/devkitARM/lib/gcc/arm-none-eabi/7.1.0/../../../../arm-none-eabi/lib/thumb/libg.a(lib_a-locale.o)
                0x0000000002004bf0                __locale_ctype_ptr
 .text.__utf8_mbtowc
                0x0000000002004c0c      0x28c /opt/devkitpro/devkitARM/lib/gcc/arm-none-eabi/7.1.0/../../../../arm-none-eabi/lib/thumb/libg.a(lib_a-mbtowc_r.o)
                0x0000000002004c0c                __utf8_mbtowc
 .text.strchr   0x0000000002004e98       0xd8 /opt/devkitpro/devkitARM/lib/gcc/arm-none-eabi/7.1.0/../../../../arm-none-eabi/lib/thumb/libg.a(lib_a-strchr.o)
                0x0000000002004e98                strchr
 .text.strlen   0x0000000002004f70       0x68 /opt/devkitpro/devkitARM/lib/gcc/arm-none-eabi/7.1.0/../../../../arm-none-eabi/lib/thumb/libg.a(lib_a-strlen-stub.o)
                0x0000000002004f70                strlen
 .text.strncmp  0x0000000002004fd8       0x94 /opt/devkitpro/devkitARM/lib/gcc/arm-none-eabi/7.1.0/../../../../arm-none-eabi/lib/thumb/libg.a(lib_a-strncmp.o)
                0x0000000002004fd8                strncmp
 .text.__utf8_wctomb
                0x000000000200506c       0xbc /opt/devkitpro/devkitARM/lib/gcc/arm-none-eabi/7.1.0/../../../../arm-none-eabi/lib/thumb/libg.a(lib_a-wctomb_r.o)
                0x000000000200506c                __utf8_wctomb
 .text.__utf8_wctomb.__stub
                0x0000000002005128       0x50 linker stubs
 *(EXCLUDE_FILE(*.twl*) .gnu.warning)
 *(EXCLUDE_FILE(*.twl*) .gnu.linkonce.t*)
 *(.glue_7)
 .glue_7        0x0000000002005180        0x0 linker stubs
 *(.glue_7t)
 .glue_7t       0x0000000002005180        0x0 linker stubs
                0x0000000002005180                . = ALIGN (0x4)

.vfp11_veneer   0x0000000002005180        0x0
 .vfp11_veneer  0x0000000002005180        0x0 linker stubs

.v4_bx          0x0000000002005180        0x0
 .v4_bx         0x0000000002005180        0x0 linker stubs

.iplt           0x0000000002005180        0x0
 .iplt          0x0000000002005180        0x0 /opt/devkitpro/devkitARM/lib/gcc/arm-none-eabi/7.1.0/../../../../arm-none-eabi/lib/thumb/ds_arm9_crt0.o

.fini           0x0000000002005180        0xc
 *(.fini)
 .fini          0x0000000002005180        0x4 /opt/devkitpro/devkitARM/lib/gcc/arm-none-eabi/7.1.0/thumb/crti.o
                0x0000000002005180                _fini
 .fini          0x0000000002005184        0x8 /opt/devkitpro/devkitARM/lib/gcc/arm-none-eabi/7.1.0/thumb/crtn.o
                0x000000000200518c                __text_end = .

.rodata         0x000000000200518c    0x2b0e0
 *(EXCLUDE_FILE(*.twl*) .rodata)
 .rodata        0x000000000200518c      0x120 gfx_gradient.o
                0x000000000200518c                gfx_gradientTiles
                0x000000000200528c                gfx_gradientPal
 .rodata        0x00000000020052ac       0x26 gfx_brick.o
                0x00000000020052ac                gfx_brickTiles
                0x00000000020052cc                gfx_brickPal
 *fill*         0x00000000020052d2        0x2 ff
 .rodata        0x00000000020052d4       0xa0 gfx_ball.o
                0x00000000020052d4                gfx_ballTiles
                0x0000000002005354                gfx_ballPal
 .rodata        0x0000000002005374    0x2ad38 soundbank.bin.o
                0x0000000002005374                soundbank_bin
                0x00000000020300a8                soundbank_bin_end
                0x00000000020300a8                soundbank_bin_size
 *all.rodata*(*)
 *(EXCLUDE_FILE(*.twl*) .roda)
 *(EXCLUDE_FILE(*.twl*) .rodata.*)
 .rodata._global_impure_ptr
                0x00000000020300ac        0x4 /opt/devkitpro/devkitARM/lib/gcc/arm-none-eabi/7.1.0/../../../../arm-none-eabi/lib/thumb/libg.a(lib_a-impure.o)
                0x00000000020300ac                _global_impure_ptr
 .rodata.AddDevice.str1.4
                0x00000000020300b0        0x8 /opt/devkitpro/devkitARM/lib/gcc/arm-none-eabi/7.1.0/../../../../arm-none-eabi/lib/thumb/libsysbase.a(iosupport.o)
 .rodata.dotab_stdnull
                0x00000000020300b8       0x68 /opt/devkitpro/devkitARM/lib/gcc/arm-none-eabi/7.1.0/../../../../arm-none-eabi/lib/thumb/libsysbase.a(iosupport.o)
                0x00000000020300b8                dotab_stdnull
 .rodata.str1.4
                0x0000000002030120       0x48 /opt/devkitpro/devkitARM/lib/gcc/arm-none-eabi/7.1.0/../../../../arm-none-eabi/lib/thumb/libg.a(lib_a-locale.o)
                                         0x4c (size before relaxing)
 .rodata._ctype_
                0x0000000002030168      0x101 /opt/devkitpro/devkitARM/lib/gcc/arm-none-eabi/7.1.0/../../../../arm-none-eabi/lib/thumb/libg.a(lib_a-ctype_.o)
                0x0000000002030168                _ctype_
 *(EXCLUDE_FILE(*.twl*) .gnu.linkonce.r*)
                0x000000000203026c                . = ALIGN (0x4)
 *fill*         0x0000000002030269        0x3 ff

.ARM.extab
 *(.ARM.extab* .gnu.linkonce.armextab.*)
                0x000000000203026c                __exidx_start = .

ARM.exidx
 *(.ARM.exidx* .gnu.linkonce.armexidx.*)
                0x000000000203026c                __exidx_end = .
                0x000000000203026c                . = ALIGN (0x4)
                0x000000000203026c                PROVIDE (__preinit_array_start, .)

.preinit_array
 *(.preinit_array)
                0x000000000203026c                PROVIDE (__preinit_array_end, .)
                0x000000000203026c                PROVIDE (__init_array_start, .)

.init_array     0x000000000203026c        0x4
 *(SORT(.init_array.*))
 *(.init_array)
 .init_array    0x000000000203026c        0x4 /opt/devkitpro/devkitARM/lib/gcc/arm-none-eabi/7.1.0/thumb/crtbegin.o
                0x0000000002030270                PROVIDE (__init_array_end, .)
                [!provide]                        PROVIDE (__fini_array_start, .)

.fini_array     0x0000000002030270        0x4
 *(.fini_array)
 .fini_array    0x0000000002030270        0x4 /opt/devkitpro/devkitARM/lib/gcc/arm-none-eabi/7.1.0/thumb/crtbegin.o
 *(SORT(.fini_array.*))
                [!provide]                        PROVIDE (__fini_array_end, .)

.ctors          0x0000000002030274        0x0
 *crtbegin.o(.ctors)
 *(EXCLUDE_FILE(*crtend.o) .ctors)
 *(SORT(.ctors.*))
 *(.ctors)
                0x0000000002030274                . = ALIGN (0x4)

.dtors          0x0000000002030274        0x0
 *crtbegin.o(.dtors)
 *(EXCLUDE_FILE(*crtend.o) .dtors)
 *(SORT(.dtors.*))
 *(.dtors)
                0x0000000002030274                . = ALIGN (0x4)

.eh_frame       0x0000000002030274        0x4
 *(.eh_frame)
 .eh_frame      0x0000000002030274        0x0 /opt/devkitpro/devkitARM/lib/gcc/arm-none-eabi/7.1.0/thumb/crtbegin.o
 .eh_frame      0x0000000002030274        0x4 /opt/devkitpro/devkitARM/lib/gcc/arm-none-eabi/7.1.0/thumb/crtend.o
                0x0000000002030278                . = ALIGN (0x4)

.rel.dyn        0x0000000002030278        0x0
 .rel.iplt      0x0000000002030278        0x0 /opt/devkitpro/devkitARM/lib/gcc/arm-none-eabi/7.1.0/../../../../arm-none-eabi/lib/thumb/ds_arm9_crt0.o

.gcc_except_table
                0x0000000002030278        0x0
 *(.gcc_except_table)
                0x0000000002030278                . = ALIGN (0x4)

.jcr
 *(.jcr)

.got
 *(.got.plt)
 *(.got)
 *(.rel.got)

.ewram          0x0000000002030278        0x0
                0x0000000002030278                __ewram_start = ABSOLUTE (.)
 *(.ewram)
 *ewram.*(.text)
                0x0000000002030278                . = ALIGN (0x4)

.data           0x0000000002030278     0x1abc
                0x0000000002030278                __data_start = ABSOLUTE (.)
 *(EXCLUDE_FILE(*.twl*) .data)
 .data          0x0000000002030278        0xc main.o
                0x0000000002030278                ambulance
 .data          0x0000000002030284       0x28 /opt/devkitpro/libnds/lib/libnds9.a(mpu_setup.o)
 *(EXCLUDE_FILE(*.twl*) .data.*)
 .data.count    0x00000000020302ac        0x1 /opt/devkitpro/libnds/lib/libnds9.a(keys.o)
 .data.delay    0x00000000020302ad        0x1 /opt/devkitpro/libnds/lib/libnds9.a(keys.o)
 .data.repeat   0x00000000020302ae        0x1 /opt/devkitpro/libnds/lib/libnds9.a(keys.o)
 *fill*         0x00000000020302af        0x1 ff
 .data.fifo_buffer_free
                0x00000000020302b0        0x4 /opt/devkitpro/libnds/lib/libnds9.a(fifosystem.o)
                0x00000000020302b0                fifo_buffer_free
 .data.fifo_freewords
                0x00000000020302b4        0x4 /opt/devkitpro/libnds/lib/libnds9.a(fifosystem.o)
                0x00000000020302b4                fifo_freewords
 .data.fifo_receive_queue
                0x00000000020302b8        0x4 /opt/devkitpro/libnds/lib/libnds9.a(fifosystem.o)
                0x00000000020302b8                fifo_receive_queue
 .data.fifo_send_queue
                0x00000000020302bc        0x4 /opt/devkitpro/libnds/lib/libnds9.a(fifosystem.o)
                0x00000000020302bc                fifo_send_queue
 .data.__sfp_lock
                0x00000000020302c0        0xc /opt/devkitpro/devkitARM/lib/gcc/arm-none-eabi/7.1.0/../../../../arm-none-eabi/lib/thumb/libg.a(lib_a-findfp.o)
 .data.__sinit_lock
                0x00000000020302cc        0xc /opt/devkitpro/devkitARM/lib/gcc/arm-none-eabi/7.1.0/../../../../arm-none-eabi/lib/thumb/libg.a(lib_a-findfp.o)
 .data._impure_ptr
                0x00000000020302d8        0x4 /opt/devkitpro/devkitARM/lib/gcc/arm-none-eabi/7.1.0/../../../../arm-none-eabi/lib/thumb/libg.a(lib_a-impure.o)
                0x00000000020302d8                _impure_ptr
 *fill*         0x00000000020302dc        0x4 ff
 .data.impure_data
                0x00000000020302e0      0x460 /opt/devkitpro/devkitARM/lib/gcc/arm-none-eabi/7.1.0/../../../../arm-none-eabi/lib/thumb/libg.a(lib_a-impure.o)
 .data.__malloc_av_
                0x0000000002030740      0x408 /opt/devkitpro/devkitARM/lib/gcc/arm-none-eabi/7.1.0/../../../../arm-none-eabi/lib/thumb/libg.a(lib_a-mallocr.o)
                0x0000000002030740                __malloc_av_
 .data.__malloc_sbrk_base
                0x0000000002030b48        0x4 /opt/devkitpro/devkitARM/lib/gcc/arm-none-eabi/7.1.0/../../../../arm-none-eabi/lib/thumb/libg.a(lib_a-mallocr.o)
                0x0000000002030b48                __malloc_sbrk_base
 .data.__malloc_trim_threshold
                0x0000000002030b4c        0x4 /opt/devkitpro/devkitARM/lib/gcc/arm-none-eabi/7.1.0/../../../../arm-none-eabi/lib/thumb/libg.a(lib_a-mallocr.o)
                0x0000000002030b4c                __malloc_trim_threshold
 .data.__malloc_lock_object
                0x0000000002030b50        0xc /opt/devkitpro/devkitARM/lib/gcc/arm-none-eabi/7.1.0/../../../../arm-none-eabi/lib/thumb/libg.a(lib_a-mlock.o)
 .data.__hndl_lock
                0x0000000002030b5c        0x4 /opt/devkitpro/devkitARM/lib/gcc/arm-none-eabi/7.1.0/../../../../arm-none-eabi/lib/thumb/libsysbase.a(handle_manager.o)
 .data.__stderr_handle
                0x0000000002030b60        0xc /opt/devkitpro/devkitARM/lib/gcc/arm-none-eabi/7.1.0/../../../../arm-none-eabi/lib/thumb/libsysbase.a(handle_manager.o)
 .data.__stdin_handle
                0x0000000002030b6c        0xc /opt/devkitpro/devkitARM/lib/gcc/arm-none-eabi/7.1.0/../../../../arm-none-eabi/lib/thumb/libsysbase.a(handle_manager.o)
 .data.__stdout_handle
                0x0000000002030b78        0xc /opt/devkitpro/devkitARM/lib/gcc/arm-none-eabi/7.1.0/../../../../arm-none-eabi/lib/thumb/libsysbase.a(handle_manager.o)
 .data.handles  0x0000000002030b84     0x1000 /opt/devkitpro/devkitARM/lib/gcc/arm-none-eabi/7.1.0/../../../../arm-none-eabi/lib/thumb/libsysbase.a(handle_manager.o)
 .data.defaultDevice
                0x0000000002031b84        0x4 /opt/devkitpro/devkitARM/lib/gcc/arm-none-eabi/7.1.0/../../../../arm-none-eabi/lib/thumb/libsysbase.a(iosupport.o)
 .data.devoptab_list
                0x0000000002031b88       0x40 /opt/devkitpro/devkitARM/lib/gcc/arm-none-eabi/7.1.0/../../../../arm-none-eabi/lib/thumb/libsysbase.a(iosupport.o)
                0x0000000002031b88                devoptab_list
 .data.__global_locale
                0x0000000002031bc8      0x16c /opt/devkitpro/devkitARM/lib/gcc/arm-none-eabi/7.1.0/../../../../arm-none-eabi/lib/thumb/libg.a(lib_a-locale.o)
                0x0000000002031bc8                __global_locale
 *(EXCLUDE_FILE(*.twl*) .gnu.linkonce.d*)
                0x0000000002031d34                . = ALIGN (0x4)
                0x0000000002031d34                __data_end = ABSOLUTE (.)
                0x0000000002031d34                __bss_vma = .

.igot.plt       0x0000000002031d34        0x0
 .igot.plt      0x0000000002031d34        0x0 /opt/devkitpro/devkitARM/lib/gcc/arm-none-eabi/7.1.0/../../../../arm-none-eabi/lib/thumb/ds_arm9_crt0.o

.tm_clone_table
                0x0000000002031d34        0x0
 .tm_clone_table
                0x0000000002031d34        0x0 /opt/devkitpro/devkitARM/lib/gcc/arm-none-eabi/7.1.0/thumb/crtbegin.o
 .tm_clone_table
                0x0000000002031d34        0x0 /opt/devkitpro/devkitARM/lib/gcc/arm-none-eabi/7.1.0/thumb/crtend.o

.dtcm           0x000000000b000000        0x0 load address 0x0000000002031d34
                0x0000000002031d34                __dtcm_lma = LOADADDR (.dtcm)
                0x000000000b000000                __dtcm_start = ABSOLUTE (.)
 *(.dtcm)
 *(.dtcm.*)
                0x000000000b000000                . = ALIGN (0x4)
                0x000000000b000000                __dtcm_end = ABSOLUTE (.)

.itcm           0x0000000001000100      0x194 load address 0x0000000002031d34
                0x0000000002031d34                __itcm_lma = LOADADDR (.itcm)
                0x0000000001000100                __itcm_start = ABSOLUTE (.)
 *(.itcm)
 .itcm          0x0000000001000100       0xc8 /opt/devkitpro/libnds/lib/libnds9.a(interrupts.o)
                0x0000000001000100                irqTable
 .itcm          0x00000000010001c8       0xcc /opt/devkitpro/libnds/lib/libnds9.a(interruptDispatcher.o)
                0x00000000010001c8                IntrMain
 *.itcm*(.text .stub .text.*)
                0x0000000001000294                . = ALIGN (0x4)
                0x0000000001000294                __itcm_end = ABSOLUTE (.)

.vectors        0x0000000001000000        0x0 load address 0x0000000002031ec8
                0x0000000002031ec8                __vectors_lma = LOADADDR (.vectors)
                0x0000000001000000                __vectors_start = ABSOLUTE (.)
 *(.vectors)
 *.vectors*(.text .stub .text.*)
                0x0000000001000000                . = ALIGN (0x4)
                0x0000000001000000                __vectors_end = ABSOLUTE (.)

.sbss           0x000000000b000000        0x0
                0x000000000b000000                __sbss_start = ABSOLUTE (.)
                0x000000000b000000                __sbss_start__ = ABSOLUTE (.)
 *(.sbss)
                0x000000000b000000                . = ALIGN (0x4)
                0x000000000b000000                __sbss_end = ABSOLUTE (.)

.bss            0x0000000002031d34      0xb88
                0x0000000002031d34                __bss_start = ABSOLUTE (.)
                0x0000000002031d34                __bss_start__ = ABSOLUTE (.)
 *(EXCLUDE_FILE(*.twl*) .dynbss)
 *(EXCLUDE_FILE(*.twl*) .gnu.linkonce.b*)
 *(EXCLUDE_FILE(*.twl*) .bss*)
 .bss.completed.6484
                0x0000000002031d34        0x1 /opt/devkitpro/devkitARM/lib/gcc/arm-none-eabi/7.1.0/thumb/crtbegin.o
 *fill*         0x0000000002031d35        0x3 
 .bss.object.6489
                0x0000000002031d38       0x18 /opt/devkitpro/devkitARM/lib/gcc/arm-none-eabi/7.1.0/thumb/crtbegin.o
 .bss           0x0000000002031d50       0x19 /opt/devkitpro/libnds/lib/libmm9.a(mm_main9.o)
                0x0000000002031d50                mmcbMemory
                0x0000000002031d54                mmModuleCount
                0x0000000002031d58                mmSampleCount
                0x0000000002031d5c                mmModuleBank
                0x0000000002031d5c                mmMemoryBank
                0x0000000002031d60                mmSampleBank
                0x0000000002031d64                mmCallback
                0x0000000002031d68                mmActiveStatus
 *fill*         0x0000000002031d69        0x3 
 .bss           0x0000000002031d6c       0x18 /opt/devkitpro/libnds/lib/libmm9.a(mm_comms.o)
 .bss           0x0000000002031d84       0x44 /opt/devkitpro/libnds/lib/libmm9.a(mm_soundbank.o)
 .bss.keys      0x0000000002031dc8        0x2 /opt/devkitpro/libnds/lib/libnds9.a(keys.o)
 .bss.keysold   0x0000000002031dca        0x2 /opt/devkitpro/libnds/lib/libnds9.a(keys.o)
 .bss.keysrepeat
                0x0000000002031dcc        0x2 /opt/devkitpro/libnds/lib/libnds9.a(keys.o)
 *fill*         0x0000000002031dce        0x2 
 .bss.__timeout
                0x0000000002031dd0        0x4 /opt/devkitpro/libnds/lib/libnds9.a(fifosystem.o)
 .bss.processing
                0x0000000002031dd4        0x4 /opt/devkitpro/libnds/lib/libnds9.a(fifosystem.o)
                0x0000000002031dd4                processing
 .bss.SDcallback
                0x0000000002031dd8        0x4 /opt/devkitpro/libnds/lib/libnds9.a(system.o)
 .bss.__malloc_current_mallinfo
                0x0000000002031ddc       0x28 /opt/devkitpro/devkitARM/lib/gcc/arm-none-eabi/7.1.0/../../../../arm-none-eabi/lib/thumb/libg.a(lib_a-mallocr.o)
                0x0000000002031ddc                __malloc_current_mallinfo
 .bss.__malloc_max_sbrked_mem
                0x0000000002031e04        0x4 /opt/devkitpro/devkitARM/lib/gcc/arm-none-eabi/7.1.0/../../../../arm-none-eabi/lib/thumb/libg.a(lib_a-mallocr.o)
                0x0000000002031e04                __malloc_max_sbrked_mem
 .bss.__malloc_max_total_mem
                0x0000000002031e08        0x4 /opt/devkitpro/devkitARM/lib/gcc/arm-none-eabi/7.1.0/../../../../arm-none-eabi/lib/thumb/libg.a(lib_a-mallocr.o)
                0x0000000002031e08                __malloc_max_total_mem
 .bss.__malloc_top_pad
                0x0000000002031e0c        0x4 /opt/devkitpro/devkitARM/lib/gcc/arm-none-eabi/7.1.0/../../../../arm-none-eabi/lib/thumb/libg.a(lib_a-mallocr.o)
                0x0000000002031e0c                __malloc_top_pad
 .bss.heap_start.5814
                0x0000000002031e10        0x4 /opt/devkitpro/devkitARM/lib/gcc/arm-none-eabi/7.1.0/../../../../arm-none-eabi/lib/thumb/libsysbase.a(sbrk.o)
 .bss.fake_heap_end
                0x0000000002031e14        0x4 /opt/devkitpro/devkitARM/lib/gcc/arm-none-eabi/7.1.0/../../../../arm-none-eabi/lib/thumb/libsysbase.a(malloc_vars.o)
                0x0000000002031e14                fake_heap_end
 .bss.fake_heap_start
                0x0000000002031e18        0x4 /opt/devkitpro/devkitARM/lib/gcc/arm-none-eabi/7.1.0/../../../../arm-none-eabi/lib/thumb/libsysbase.a(malloc_vars.o)
                0x0000000002031e18                fake_heap_start
 .bss.__syscalls
                0x0000000002031e1c       0x38 /opt/devkitpro/devkitARM/lib/gcc/arm-none-eabi/7.1.0/../../../../arm-none-eabi/lib/thumb/libsysbase.a(syscall_support.o)
                0x0000000002031e1c                __syscalls
 *(EXCLUDE_FILE(*.twl*) COMMON)
 COMMON         0x0000000002031e54       0x20 main.o
                0x0000000002031e54                g_ball
                0x0000000002031e6c                g_camera_y
                0x0000000002031e70                g_camera_x
 COMMON         0x0000000002031e74        0x1 /opt/devkitpro/libnds/lib/libnds9.a(initSystem.o)
                0x0000000002031e74                __dsimode
 *fill*         0x0000000002031e75        0x3 
 COMMON         0x0000000002031e78      0xa40 /opt/devkitpro/libnds/lib/libnds9.a(fifosystem.o)
                0x0000000002031e78                fifo_datamsg_data
                0x0000000002031eb8                fifo_buffer
                0x00000000020326b8                fifo_value32_func
                0x00000000020326f8                fifo_address_func
                0x0000000002032738                fifo_value32_data
                0x0000000002032778                fifo_value32_queue
                0x00000000020327b8                fifo_data_queue
                0x00000000020327f8                fifo_address_data
                0x0000000002032838                fifo_datamsg_func
                0x0000000002032878                fifo_address_queue
 COMMON         0x00000000020328b8        0x4 /opt/devkitpro/libnds/lib/libnds9.a(timeSupport.o)
                0x00000000020328b8                punixTime
                0x00000000020328bc                . = ALIGN (0x4)
                0x00000000020328bc                __bss_end__ = ABSOLUTE (.)
                0x00000000020328bc                __end__ = ABSOLUTE (.)

.twl            0x00000000020328bc        0x0 load address 0x0000000002400000
                0x0000000002400000                __arm9i_lma__ = LOADADDR (.twl)
                0x00000000020328bc                __arm9i_start__ = ABSOLUTE (.)
 *(.twl)
 *.twl*(.text .stub .text.* .gnu.linkonce.t.*)
 *.twl*(.rodata)
 *.twl*(.roda)
 *.twl*(.rodata.*)
 *.twl*(.data)
 *.twl*(.data.*)
 *.twl*(.gnu.linkonce.d*)
                0x00000000020328bc                __arm9i_end__ = ABSOLUTE (.)

.twl_bss        0x00000000020328bc        0x0
                0x00000000020328bc                __twl_bss_start__ = ABSOLUTE (.)
 *(.twl_bss)
 *.twl*(.dynbss)
 *.twl*(.gnu.linkonce.b*)
 *.twl*(.bss*)
 *.twl*(COMMON)
                0x00000000020328bc                . = ALIGN (0x4)
                0x00000000020328bc                __twl_bss_end__ = ABSOLUTE (.)
                0x00000000020328bc                __twl_end__ = ABSOLUTE (.)

.stab
 *(.stab)

.stabstr
 *(.stabstr)

.stab.excl
 *(.stab.excl)

.stab.exclstr
 *(.stab.exclstr)

.stab.index
 *(.stab.index)

.stab.indexstr
 *(.stab.indexstr)

.comment        0x0000000000000000       0x44
 *(.comment)
 .comment       0x0000000000000000       0x22 /opt/devkitpro/devkitARM/lib/gcc/arm-none-eabi/7.1.0/thumb/crtbegin.o
                                         0x23 (size before relaxing)
 .comment       0x0000000000000022       0x23 main.o
 .comment       0x0000000000000022       0x23 ball.o
 .comment       0x0000000000000022       0x22 /opt/devkitpro/libnds/lib/libnds9.a(keys.o)
                                         0x23 (size before relaxing)
 .comment       0x0000000000000044       0x23 /opt/devkitpro/libnds/lib/libnds9.a(securearea.o)
 .comment       0x0000000000000044       0x23 /opt/devkitpro/libnds/lib/libnds9.a(initSystem.o)
 .comment       0x0000000000000044       0x23 /opt/devkitpro/libnds/lib/libnds9.a(fifosystem.o)
 .comment       0x0000000000000044       0x23 /opt/devkitpro/libnds/lib/libnds9.a(libnds_exit.arm.o)
 .comment       0x0000000000000044       0x23 /opt/devkitpro/libnds/lib/libnds9.a(interrupts.o)
 .comment       0x0000000000000044       0x23 /opt/devkitpro/libnds/lib/libnds9.a(system.o)
 .comment       0x0000000000000044       0x23 /opt/devkitpro/libnds/lib/libnds9.a(video.o)
 .comment       0x0000000000000044       0x23 /opt/devkitpro/libnds/lib/libnds9.a(timeSupport.o)
 .comment       0x0000000000000044       0x23 /opt/devkitpro/devkitARM/lib/gcc/arm-none-eabi/7.1.0/../../../../arm-none-eabi/lib/thumb/libg.a(lib_a-fclose.o)
 .comment       0x0000000000000044       0x23 /opt/devkitpro/devkitARM/lib/gcc/arm-none-eabi/7.1.0/../../../../arm-none-eabi/lib/thumb/libg.a(lib_a-fflush.o)
 .comment       0x0000000000000044       0x23 /opt/devkitpro/devkitARM/lib/gcc/arm-none-eabi/7.1.0/../../../../arm-none-eabi/lib/thumb/libg.a(lib_a-findfp.o)
 .comment       0x0000000000000044       0x23 /opt/devkitpro/devkitARM/lib/gcc/arm-none-eabi/7.1.0/../../../../arm-none-eabi/lib/thumb/libg.a(lib_a-fopen.o)
 .comment       0x0000000000000044       0x23 /opt/devkitpro/devkitARM/lib/gcc/arm-none-eabi/7.1.0/../../../../arm-none-eabi/lib/thumb/libg.a(lib_a-fread.o)
 .comment       0x0000000000000044       0x23 /opt/devkitpro/devkitARM/lib/gcc/arm-none-eabi/7.1.0/../../../../arm-none-eabi/lib/thumb/libg.a(lib_a-freer.o)
 .comment       0x0000000000000044       0x23 /opt/devkitpro/devkitARM/lib/gcc/arm-none-eabi/7.1.0/../../../../arm-none-eabi/lib/thumb/libg.a(lib_a-fseek.o)
 .comment       0x0000000000000044       0x23 /opt/devkitpro/devkitARM/lib/gcc/arm-none-eabi/7.1.0/../../../../arm-none-eabi/lib/thumb/libg.a(lib_a-fseeko.o)
 .comment       0x0000000000000044       0x23 /opt/devkitpro/devkitARM/lib/gcc/arm-none-eabi/7.1.0/../../../../arm-none-eabi/lib/thumb/libg.a(lib_a-fwalk.o)
 .comment       0x0000000000000044       0x23 /opt/devkitpro/devkitARM/lib/gcc/arm-none-eabi/7.1.0/../../../../arm-none-eabi/lib/thumb/libg.a(lib_a-impure.o)
 .comment       0x0000000000000044       0x23 /opt/devkitpro/devkitARM/lib/gcc/arm-none-eabi/7.1.0/../../../../arm-none-eabi/lib/thumb/libg.a(lib_a-init.o)
 .comment       0x0000000000000044       0x23 /opt/devkitpro/devkitARM/lib/gcc/arm-none-eabi/7.1.0/../../../../arm-none-eabi/lib/thumb/libg.a(lib_a-makebuf.o)
 .comment       0x0000000000000044       0x23 /opt/devkitpro/devkitARM/lib/gcc/arm-none-eabi/7.1.0/../../../../arm-none-eabi/lib/thumb/libg.a(lib_a-malloc.o)
 .comment       0x0000000000000044       0x23 /opt/devkitpro/devkitARM/lib/gcc/arm-none-eabi/7.1.0/../../../../arm-none-eabi/lib/thumb/libg.a(lib_a-mallocr.o)
 .comment       0x0000000000000044       0x23 /opt/devkitpro/devkitARM/lib/gcc/arm-none-eabi/7.1.0/../../../../arm-none-eabi/lib/thumb/libg.a(lib_a-memcpy-stub.o)
 .comment       0x0000000000000044       0x23 /opt/devkitpro/devkitARM/lib/gcc/arm-none-eabi/7.1.0/../../../../arm-none-eabi/lib/thumb/libg.a(lib_a-memset.o)
 .comment       0x0000000000000044       0x23 /opt/devkitpro/devkitARM/lib/gcc/arm-none-eabi/7.1.0/../../../../arm-none-eabi/lib/thumb/libg.a(lib_a-mlock.o)
 .comment       0x0000000000000044       0x23 /opt/devkitpro/devkitARM/lib/gcc/arm-none-eabi/7.1.0/../../../../arm-none-eabi/lib/thumb/libg.a(lib_a-refill.o)
 .comment       0x0000000000000044       0x23 /opt/devkitpro/devkitARM/lib/gcc/arm-none-eabi/7.1.0/../../../../arm-none-eabi/lib/thumb/libg.a(lib_a-stdio.o)
 .comment       0x0000000000000044       0x23 /opt/devkitpro/devkitARM/lib/gcc/arm-none-eabi/7.1.0/../../../../arm-none-eabi/lib/thumb/libg.a(lib_a-flags.o)
 .comment       0x0000000000000044       0x23 /opt/devkitpro/devkitARM/lib/gcc/arm-none-eabi/7.1.0/../../../../arm-none-eabi/lib/thumb/libsysbase.a(close.o)
 .comment       0x0000000000000044       0x23 /opt/devkitpro/devkitARM/lib/gcc/arm-none-eabi/7.1.0/../../../../arm-none-eabi/lib/thumb/libsysbase.a(fstat.o)
 .comment       0x0000000000000044       0x23 /opt/devkitpro/devkitARM/lib/gcc/arm-none-eabi/7.1.0/../../../../arm-none-eabi/lib/thumb/libsysbase.a(isatty.o)
 .comment       0x0000000000000044       0x23 /opt/devkitpro/devkitARM/lib/gcc/arm-none-eabi/7.1.0/../../../../arm-none-eabi/lib/thumb/libsysbase.a(lseek.o)
 .comment       0x0000000000000044       0x23 /opt/devkitpro/devkitARM/lib/gcc/arm-none-eabi/7.1.0/../../../../arm-none-eabi/lib/thumb/libsysbase.a(open.o)
 .comment       0x0000000000000044       0x23 /opt/devkitpro/devkitARM/lib/gcc/arm-none-eabi/7.1.0/../../../../arm-none-eabi/lib/thumb/libsysbase.a(read.o)
 .comment       0x0000000000000044       0x23 /opt/devkitpro/devkitARM/lib/gcc/arm-none-eabi/7.1.0/../../../../arm-none-eabi/lib/thumb/libsysbase.a(sbrk.o)
 .comment       0x0000000000000044       0x23 /opt/devkitpro/devkitARM/lib/gcc/arm-none-eabi/7.1.0/../../../../arm-none-eabi/lib/thumb/libsysbase.a(write.o)
 .comment       0x0000000000000044       0x23 /opt/devkitpro/devkitARM/lib/gcc/arm-none-eabi/7.1.0/../../../../arm-none-eabi/lib/thumb/libsysbase.a(malloc_vars.o)
 .comment       0x0000000000000044       0x23 /opt/devkitpro/devkitARM/lib/gcc/arm-none-eabi/7.1.0/../../../../arm-none-eabi/lib/thumb/libsysbase.a(build_argv.o)
 .comment       0x0000000000000044       0x23 /opt/devkitpro/devkitARM/lib/gcc/arm-none-eabi/7.1.0/../../../../arm-none-eabi/lib/thumb/libsysbase.a(flock.o)
 .comment       0x0000000000000044       0x23 /opt/devkitpro/devkitARM/lib/gcc/arm-none-eabi/7.1.0/../../../../arm-none-eabi/lib/thumb/libsysbase.a(syscall_support.o)
 .comment       0x0000000000000044       0x23 /opt/devkitpro/devkitARM/lib/gcc/arm-none-eabi/7.1.0/../../../../arm-none-eabi/lib/thumb/libsysbase.a(handle_manager.o)
 .comment       0x0000000000000044       0x23 /opt/devkitpro/devkitARM/lib/gcc/arm-none-eabi/7.1.0/../../../../arm-none-eabi/lib/thumb/libsysbase.a(getreent.o)
 .comment       0x0000000000000044       0x23 /opt/devkitpro/devkitARM/lib/gcc/arm-none-eabi/7.1.0/../../../../arm-none-eabi/lib/thumb/libsysbase.a(iosupport.o)
 .comment       0x0000000000000044       0x23 /opt/devkitpro/devkitARM/lib/gcc/arm-none-eabi/7.1.0/../../../../arm-none-eabi/lib/thumb/libg.a(lib_a-errno.o)
 .comment       0x0000000000000044       0x23 /opt/devkitpro/devkitARM/lib/gcc/arm-none-eabi/7.1.0/../../../../arm-none-eabi/lib/thumb/libg.a(lib_a-locale.o)
 .comment       0x0000000000000044       0x23 /opt/devkitpro/devkitARM/lib/gcc/arm-none-eabi/7.1.0/../../../../arm-none-eabi/lib/thumb/libg.a(lib_a-mbtowc_r.o)
 .comment       0x0000000000000044       0x23 /opt/devkitpro/devkitARM/lib/gcc/arm-none-eabi/7.1.0/../../../../arm-none-eabi/lib/thumb/libg.a(lib_a-strchr.o)
 .comment       0x0000000000000044       0x23 /opt/devkitpro/devkitARM/lib/gcc/arm-none-eabi/7.1.0/../../../../arm-none-eabi/lib/thumb/libg.a(lib_a-strlen-stub.o)
 .comment       0x0000000000000044       0x23 /opt/devkitpro/devkitARM/lib/gcc/arm-none-eabi/7.1.0/../../../../arm-none-eabi/lib/thumb/libg.a(lib_a-strncmp.o)
 .comment       0x0000000000000044       0x23 /opt/devkitpro/devkitARM/lib/gcc/arm-none-eabi/7.1.0/../../../../arm-none-eabi/lib/thumb/libg.a(lib_a-wctomb_r.o)
 .comment       0x0000000000000044       0x23 /opt/devkitpro/devkitARM/lib/gcc/arm-none-eabi/7.1.0/../../../../arm-none-eabi/lib/thumb/libg.a(lib_a-ctype_.o)
 .comment       0x0000000000000044       0x23 /opt/devkitpro/devkitARM/lib/gcc/arm-none-eabi/7.1.0/thumb/crtend.o

.ARM.attributes
                0x0000000000000000       0x2d
 .ARM.attributes
                0x0000000000000000       0x21 /opt/devkitpro/devkitARM/lib/gcc/arm-none-eabi/7.1.0/../../../../arm-none-eabi/lib/thumb/ds_arm9_crt0.o
 .ARM.attributes
                0x0000000000000021       0x16 /opt/devkitpro/devkitARM/lib/gcc/arm-none-eabi/7.1.0/thumb/crti.o
 .ARM.attributes
                0x0000000000000037       0x30 /opt/devkitpro/devkitARM/lib/gcc/arm-none-eabi/7.1.0/thumb/crtbegin.o
 .ARM.attributes
                0x0000000000000067       0x14 gfx_gradient.o
 .ARM.attributes
                0x000000000000007b       0x14 gfx_brick.o
 .ARM.attributes
                0x000000000000008f       0x14 gfx_ball.o
 .ARM.attributes
                0x00000000000000a3       0x14 soundbank.bin.o
 .ARM.attributes
                0x00000000000000b7       0x27 main.o
 .ARM.attributes
                0x00000000000000de       0x27 ball.o
 .ARM.attributes
                0x0000000000000105       0x1b /opt/devkitpro/libnds/lib/libmm9.a(mm_main9.o)
 .ARM.attributes
                0x0000000000000120       0x1b /opt/devkitpro/libnds/lib/libmm9.a(mm_memory.o)
 .ARM.attributes
                0x000000000000013b       0x1b /opt/devkitpro/libnds/lib/libmm9.a(mm_comms.o)
 .ARM.attributes
                0x0000000000000156       0x1b /opt/devkitpro/libnds/lib/libmm9.a(mm_flusher.o)
 .ARM.attributes
                0x0000000000000171       0x1b /opt/devkitpro/libnds/lib/libmm9.a(mm_soundbank.o)
 .ARM.attributes
                0x000000000000018c       0x2b /opt/devkitpro/libnds/lib/libnds9.a(keys.o)
 .ARM.attributes
                0x00000000000001b7       0x2b /opt/devkitpro/libnds/lib/libnds9.a(securearea.o)
 .ARM.attributes
                0x00000000000001e2       0x2b /opt/devkitpro/libnds/lib/libnds9.a(initSystem.o)
 .ARM.attributes
                0x000000000000020d       0x2b /opt/devkitpro/libnds/lib/libnds9.a(fifosystem.o)
 .ARM.attributes
                0x0000000000000238       0x2b /opt/devkitpro/libnds/lib/libnds9.a(libnds_exit.arm.o)
 .ARM.attributes
                0x0000000000000263       0x2b /opt/devkitpro/libnds/lib/libnds9.a(interrupts.o)
 .ARM.attributes
                0x000000000000028e       0x21 /opt/devkitpro/libnds/lib/libnds9.a(cpu_clock.o)
 .ARM.attributes
                0x00000000000002af       0x21 /opt/devkitpro/libnds/lib/libnds9.a(IntrWait.o)
 .ARM.attributes
                0x00000000000002d0       0x21 /opt/devkitpro/libnds/lib/libnds9.a(mpu_setup.o)
 .ARM.attributes
                0x00000000000002f1       0x21 /opt/devkitpro/libnds/lib/libnds9.a(swiSoftReset.o)
 .ARM.attributes
                0x0000000000000312       0x1b /opt/devkitpro/libnds/lib/libnds9.a(interruptDispatcher.o)
 .ARM.attributes
                0x000000000000032d       0x2b /opt/devkitpro/libnds/lib/libnds9.a(system.o)
 .ARM.attributes
                0x0000000000000358       0x2b /opt/devkitpro/libnds/lib/libnds9.a(video.o)
 .ARM.attributes
                0x0000000000000383       0x2b /opt/devkitpro/libnds/lib/libnds9.a(timeSupport.o)
 .ARM.attributes
                0x00000000000003ae       0x1b /opt/devkitpro/libnds/lib/libnds9.a(biosCalls.o)
 .ARM.attributes
                0x00000000000003c9       0x18 /opt/devkitpro/devkitARM/lib/gcc/arm-none-eabi/7.1.0/thumb/libgcc.a(_divsi3.o)
 .ARM.attributes
                0x00000000000003e1       0x16 /opt/devkitpro/devkitARM/lib/gcc/arm-none-eabi/7.1.0/thumb/libgcc.a(_dvmd_tls.o)
 .ARM.attributes
                0x00000000000003f7       0x30 /opt/devkitpro/devkitARM/lib/gcc/arm-none-eabi/7.1.0/../../../../arm-none-eabi/lib/thumb/libg.a(lib_a-fclose.o)
 .ARM.attributes
                0x0000000000000427       0x30 /opt/devkitpro/devkitARM/lib/gcc/arm-none-eabi/7.1.0/../../../../arm-none-eabi/lib/thumb/libg.a(lib_a-fflush.o)
 .ARM.attributes
                0x0000000000000457       0x30 /opt/devkitpro/devkitARM/lib/gcc/arm-none-eabi/7.1.0/../../../../arm-none-eabi/lib/thumb/libg.a(lib_a-findfp.o)
 .ARM.attributes
                0x0000000000000487       0x30 /opt/devkitpro/devkitARM/lib/gcc/arm-none-eabi/7.1.0/../../../../arm-none-eabi/lib/thumb/libg.a(lib_a-fopen.o)
 .ARM.attributes
                0x00000000000004b7       0x30 /opt/devkitpro/devkitARM/lib/gcc/arm-none-eabi/7.1.0/../../../../arm-none-eabi/lib/thumb/libg.a(lib_a-fread.o)
 .ARM.attributes
                0x00000000000004e7       0x30 /opt/devkitpro/devkitARM/lib/gcc/arm-none-eabi/7.1.0/../../../../arm-none-eabi/lib/thumb/libg.a(lib_a-freer.o)
 .ARM.attributes
                0x0000000000000517       0x30 /opt/devkitpro/devkitARM/lib/gcc/arm-none-eabi/7.1.0/../../../../arm-none-eabi/lib/thumb/libg.a(lib_a-fseek.o)
 .ARM.attributes
                0x0000000000000547       0x30 /opt/devkitpro/devkitARM/lib/gcc/arm-none-eabi/7.1.0/../../../../arm-none-eabi/lib/thumb/libg.a(lib_a-fseeko.o)
 .ARM.attributes
                0x0000000000000577       0x30 /opt/devkitpro/devkitARM/lib/gcc/arm-none-eabi/7.1.0/../../../../arm-none-eabi/lib/thumb/libg.a(lib_a-fwalk.o)
 .ARM.attributes
                0x00000000000005a7       0x30 /opt/devkitpro/devkitARM/lib/gcc/arm-none-eabi/7.1.0/../../../../arm-none-eabi/lib/thumb/libg.a(lib_a-impure.o)
 .ARM.attributes
                0x00000000000005d7       0x30 /opt/devkitpro/devkitARM/lib/gcc/arm-none-eabi/7.1.0/../../../../arm-none-eabi/lib/thumb/libg.a(lib_a-init.o)
 .ARM.attributes
                0x0000000000000607       0x30 /opt/devkitpro/devkitARM/lib/gcc/arm-none-eabi/7.1.0/../../../../arm-none-eabi/lib/thumb/libg.a(lib_a-makebuf.o)
 .ARM.attributes
                0x0000000000000637       0x30 /opt/devkitpro/devkitARM/lib/gcc/arm-none-eabi/7.1.0/../../../../arm-none-eabi/lib/thumb/libg.a(lib_a-malloc.o)
 .ARM.attributes
                0x0000000000000667       0x30 /opt/devkitpro/devkitARM/lib/gcc/arm-none-eabi/7.1.0/../../../../arm-none-eabi/lib/thumb/libg.a(lib_a-mallocr.o)
 .ARM.attributes
                0x0000000000000697       0x30 /opt/devkitpro/devkitARM/lib/gcc/arm-none-eabi/7.1.0/../../../../arm-none-eabi/lib/thumb/libg.a(lib_a-memcpy-stub.o)
 .ARM.attributes
                0x00000000000006c7       0x30 /opt/devkitpro/devkitARM/lib/gcc/arm-none-eabi/7.1.0/../../../../arm-none-eabi/lib/thumb/libg.a(lib_a-memset.o)
 .ARM.attributes
                0x00000000000006f7       0x30 /opt/devkitpro/devkitARM/lib/gcc/arm-none-eabi/7.1.0/../../../../arm-none-eabi/lib/thumb/libg.a(lib_a-mlock.o)
 .ARM.attributes
                0x0000000000000727       0x30 /opt/devkitpro/devkitARM/lib/gcc/arm-none-eabi/7.1.0/../../../../arm-none-eabi/lib/thumb/libg.a(lib_a-refill.o)
 .ARM.attributes
                0x0000000000000757       0x30 /opt/devkitpro/devkitARM/lib/gcc/arm-none-eabi/7.1.0/../../../../arm-none-eabi/lib/thumb/libg.a(lib_a-stdio.o)
 .ARM.attributes
                0x0000000000000787       0x30 /opt/devkitpro/devkitARM/lib/gcc/arm-none-eabi/7.1.0/../../../../arm-none-eabi/lib/thumb/libg.a(lib_a-flags.o)
 .ARM.attributes
                0x00000000000007b7       0x30 /opt/devkitpro/devkitARM/lib/gcc/arm-none-eabi/7.1.0/../../../../arm-none-eabi/lib/thumb/libsysbase.a(close.o)
 .ARM.attributes
                0x00000000000007e7       0x30 /opt/devkitpro/devkitARM/lib/gcc/arm-none-eabi/7.1.0/../../../../arm-none-eabi/lib/thumb/libsysbase.a(fstat.o)
 .ARM.attributes
                0x0000000000000817       0x30 /opt/devkitpro/devkitARM/lib/gcc/arm-none-eabi/7.1.0/../../../../arm-none-eabi/lib/thumb/libsysbase.a(isatty.o)
 .ARM.attributes
                0x0000000000000847       0x30 /opt/devkitpro/devkitARM/lib/gcc/arm-none-eabi/7.1.0/../../../../arm-none-eabi/lib/thumb/libsysbase.a(lseek.o)
 .ARM.attributes
                0x0000000000000877       0x30 /opt/devkitpro/devkitARM/lib/gcc/arm-none-eabi/7.1.0/../../../../arm-none-eabi/lib/thumb/libsysbase.a(open.o)
 .ARM.attributes
                0x00000000000008a7       0x30 /opt/devkitpro/devkitARM/lib/gcc/arm-none-eabi/7.1.0/../../../../arm-none-eabi/lib/thumb/libsysbase.a(read.o)
 .ARM.attributes
                0x00000000000008d7       0x30 /opt/devkitpro/devkitARM/lib/gcc/arm-none-eabi/7.1.0/../../../../arm-none-eabi/lib/thumb/libsysbase.a(sbrk.o)
 .ARM.attributes
                0x0000000000000907       0x30 /opt/devkitpro/devkitARM/lib/gcc/arm-none-eabi/7.1.0/../../../../arm-none-eabi/lib/thumb/libsysbase.a(write.o)
 .ARM.attributes
                0x0000000000000937       0x30 /opt/devkitpro/devkitARM/lib/gcc/arm-none-eabi/7.1.0/../../../../arm-none-eabi/lib/thumb/libsysbase.a(malloc_vars.o)
 .ARM.attributes
                0x0000000000000967       0x30 /opt/devkitpro/devkitARM/lib/gcc/arm-none-eabi/7.1.0/../../../../arm-none-eabi/lib/thumb/libsysbase.a(build_argv.o)
 .ARM.attributes
                0x0000000000000997       0x30 /opt/devkitpro/devkitARM/lib/gcc/arm-none-eabi/7.1.0/../../../../arm-none-eabi/lib/thumb/libsysbase.a(flock.o)
 .ARM.attributes
                0x00000000000009c7       0x30 /opt/devkitpro/devkitARM/lib/gcc/arm-none-eabi/7.1.0/../../../../arm-none-eabi/lib/thumb/libsysbase.a(syscall_support.o)
 .ARM.attributes
                0x00000000000009f7       0x30 /opt/devkitpro/devkitARM/lib/gcc/arm-none-eabi/7.1.0/../../../../arm-none-eabi/lib/thumb/libsysbase.a(handle_manager.o)
 .ARM.attributes
                0x0000000000000a27       0x30 /opt/devkitpro/devkitARM/lib/gcc/arm-none-eabi/7.1.0/../../../../arm-none-eabi/lib/thumb/libsysbase.a(getreent.o)
 .ARM.attributes
                0x0000000000000a57       0x30 /opt/devkitpro/devkitARM/lib/gcc/arm-none-eabi/7.1.0/../../../../arm-none-eabi/lib/thumb/libsysbase.a(iosupport.o)
 .ARM.attributes
                0x0000000000000a87       0x18 /opt/devkitpro/devkitARM/lib/gcc/arm-none-eabi/7.1.0/thumb/libgcc.a(_udivsi3.o)
 .ARM.attributes
                0x0000000000000a9f       0x30 /opt/devkitpro/devkitARM/lib/gcc/arm-none-eabi/7.1.0/../../../../arm-none-eabi/lib/thumb/libg.a(lib_a-errno.o)
 .ARM.attributes
                0x0000000000000acf       0x30 /opt/devkitpro/devkitARM/lib/gcc/arm-none-eabi/7.1.0/../../../../arm-none-eabi/lib/thumb/libg.a(lib_a-locale.o)
 .ARM.attributes
                0x0000000000000aff       0x30 /opt/devkitpro/devkitARM/lib/gcc/arm-none-eabi/7.1.0/../../../../arm-none-eabi/lib/thumb/libg.a(lib_a-mbtowc_r.o)
 .ARM.attributes
                0x0000000000000b2f       0x30 /opt/devkitpro/devkitARM/lib/gcc/arm-none-eabi/7.1.0/../../../../arm-none-eabi/lib/thumb/libg.a(lib_a-strchr.o)
 .ARM.attributes
                0x0000000000000b5f       0x30 /opt/devkitpro/devkitARM/lib/gcc/arm-none-eabi/7.1.0/../../../../arm-none-eabi/lib/thumb/libg.a(lib_a-strlen-stub.o)
 .ARM.attributes
                0x0000000000000b8f       0x30 /opt/devkitpro/devkitARM/lib/gcc/arm-none-eabi/7.1.0/../../../../arm-none-eabi/lib/thumb/libg.a(lib_a-strncmp.o)
 .ARM.attributes
                0x0000000000000bbf       0x30 /opt/devkitpro/devkitARM/lib/gcc/arm-none-eabi/7.1.0/../../../../arm-none-eabi/lib/thumb/libg.a(lib_a-wctomb_r.o)
 .ARM.attributes
                0x0000000000000bef       0x30 /opt/devkitpro/devkitARM/lib/gcc/arm-none-eabi/7.1.0/../../../../arm-none-eabi/lib/thumb/libg.a(lib_a-ctype_.o)
 .ARM.attributes
                0x0000000000000c1f       0x30 /opt/devkitpro/devkitARM/lib/gcc/arm-none-eabi/7.1.0/thumb/crtend.o
 .ARM.attributes
                0x0000000000000c4f       0x16 /opt/devkitpro/devkitARM/lib/gcc/arm-none-eabi/7.1.0/thumb/crtn.o

.debug
 *(.debug)

.line
 *(.line)

.debug_srcinfo
 *(.debug_srcinfo)

.debug_sfnames
 *(.debug_sfnames)

.debug_aranges  0x0000000000000000      0x460
 *(.debug_aranges)
 .debug_aranges
                0x0000000000000000       0x28 main.o
 .debug_aranges
                0x0000000000000028       0x20 ball.o
 .debug_aranges
                0x0000000000000048       0x50 /opt/devkitpro/libnds/lib/libnds9.a(keys.o)
 .debug_aranges
                0x0000000000000098       0x18 /opt/devkitpro/libnds/lib/libnds9.a(securearea.o)
 .debug_aranges
                0x00000000000000b0       0x20 /opt/devkitpro/libnds/lib/libnds9.a(initSystem.o)
 .debug_aranges
                0x00000000000000d0       0xc8 /opt/devkitpro/libnds/lib/libnds9.a(fifosystem.o)
 .debug_aranges
                0x0000000000000198       0x28 /opt/devkitpro/libnds/lib/libnds9.a(libnds_exit.arm.o)
 .debug_aranges
                0x00000000000001c0       0x50 /opt/devkitpro/libnds/lib/libnds9.a(interrupts.o)
 .debug_aranges
                0x0000000000000210       0x20 /opt/devkitpro/libnds/lib/libnds9.a(cpu_clock.o)
 .debug_aranges
                0x0000000000000230       0x28 /opt/devkitpro/libnds/lib/libnds9.a(IntrWait.o)
 .debug_aranges
                0x0000000000000258       0x30 /opt/devkitpro/libnds/lib/libnds9.a(mpu_setup.o)
 .debug_aranges
                0x0000000000000288       0x20 /opt/devkitpro/libnds/lib/libnds9.a(swiSoftReset.o)
 .debug_aranges
                0x00000000000002a8       0x20 /opt/devkitpro/libnds/lib/libnds9.a(interruptDispatcher.o)
 .debug_aranges
                0x00000000000002c8       0x68 /opt/devkitpro/libnds/lib/libnds9.a(system.o)
 .debug_aranges
                0x0000000000000330       0x48 /opt/devkitpro/libnds/lib/libnds9.a(video.o)
 .debug_aranges
                0x0000000000000378       0x20 /opt/devkitpro/libnds/lib/libnds9.a(timeSupport.o)
 .debug_aranges
                0x0000000000000398       0xc8 /opt/devkitpro/libnds/lib/libnds9.a(biosCalls.o)

.debug_pubnames
 *(.debug_pubnames)

.debug_info     0x0000000000000000     0xb758
 *(.debug_info)
 .debug_info    0x0000000000000000     0x1f34 main.o
 .debug_info    0x0000000000001f34     0x170f ball.o
 .debug_info    0x0000000000003643      0xd35 /opt/devkitpro/libnds/lib/libnds9.a(keys.o)
 .debug_info    0x0000000000004378       0x58 /opt/devkitpro/libnds/lib/libnds9.a(securearea.o)
 .debug_info    0x00000000000043d0     0x1c23 /opt/devkitpro/libnds/lib/libnds9.a(initSystem.o)
 .debug_info    0x0000000000005ff3     0x1f7b /opt/devkitpro/libnds/lib/libnds9.a(fifosystem.o)
 .debug_info    0x0000000000007f6e      0xc50 /opt/devkitpro/libnds/lib/libnds9.a(libnds_exit.arm.o)
 .debug_info    0x0000000000008bbe      0x66d /opt/devkitpro/libnds/lib/libnds9.a(interrupts.o)
 .debug_info    0x000000000000922b       0x26 /opt/devkitpro/libnds/lib/libnds9.a(cpu_clock.o)
 .debug_info    0x0000000000009251       0x22 /opt/devkitpro/libnds/lib/libnds9.a(IntrWait.o)
 .debug_info    0x0000000000009273       0x22 /opt/devkitpro/libnds/lib/libnds9.a(mpu_setup.o)
 .debug_info    0x0000000000009295       0x26 /opt/devkitpro/libnds/lib/libnds9.a(swiSoftReset.o)
 .debug_info    0x00000000000092bb       0x26 /opt/devkitpro/libnds/lib/libnds9.a(interruptDispatcher.o)
 .debug_info    0x00000000000092e1     0x1326 /opt/devkitpro/libnds/lib/libnds9.a(system.o)
 .debug_info    0x000000000000a607      0x724 /opt/devkitpro/libnds/lib/libnds9.a(video.o)
 .debug_info    0x000000000000ad2b      0xa0b /opt/devkitpro/libnds/lib/libnds9.a(timeSupport.o)
 .debug_info    0x000000000000b736       0x22 /opt/devkitpro/libnds/lib/libnds9.a(biosCalls.o)

.debug_abbrev   0x0000000000000000     0x1fc1
 *(.debug_abbrev)
 .debug_abbrev  0x0000000000000000      0x45c main.o
 .debug_abbrev  0x000000000000045c      0x312 ball.o
 .debug_abbrev  0x000000000000076e      0x286 /opt/devkitpro/libnds/lib/libnds9.a(keys.o)
 .debug_abbrev  0x00000000000009f4       0x45 /opt/devkitpro/libnds/lib/libnds9.a(securearea.o)
 .debug_abbrev  0x0000000000000a39      0x35a /opt/devkitpro/libnds/lib/libnds9.a(initSystem.o)
 .debug_abbrev  0x0000000000000d93      0x542 /opt/devkitpro/libnds/lib/libnds9.a(fifosystem.o)
 .debug_abbrev  0x00000000000012d5      0x289 /opt/devkitpro/libnds/lib/libnds9.a(libnds_exit.arm.o)
 .debug_abbrev  0x000000000000155e      0x28e /opt/devkitpro/libnds/lib/libnds9.a(interrupts.o)
 .debug_abbrev  0x00000000000017ec       0x14 /opt/devkitpro/libnds/lib/libnds9.a(cpu_clock.o)
 .debug_abbrev  0x0000000000001800       0x12 /opt/devkitpro/libnds/lib/libnds9.a(IntrWait.o)
 .debug_abbrev  0x0000000000001812       0x12 /opt/devkitpro/libnds/lib/libnds9.a(mpu_setup.o)
 .debug_abbrev  0x0000000000001824       0x14 /opt/devkitpro/libnds/lib/libnds9.a(swiSoftReset.o)
 .debug_abbrev  0x0000000000001838       0x14 /opt/devkitpro/libnds/lib/libnds9.a(interruptDispatcher.o)
 .debug_abbrev  0x000000000000184c      0x373 /opt/devkitpro/libnds/lib/libnds9.a(system.o)
 .debug_abbrev  0x0000000000001bbf      0x216 /opt/devkitpro/libnds/lib/libnds9.a(video.o)
 .debug_abbrev  0x0000000000001dd5      0x1da /opt/devkitpro/libnds/lib/libnds9.a(timeSupport.o)
 .debug_abbrev  0x0000000000001faf       0x12 /opt/devkitpro/libnds/lib/libnds9.a(biosCalls.o)

.debug_line     0x0000000000000000     0x2b5b
 *(.debug_line)
 .debug_line    0x0000000000000000      0x4b3 main.o
 .debug_line    0x00000000000004b3      0x33a ball.o
 .debug_line    0x00000000000007ed      0x328 /opt/devkitpro/libnds/lib/libnds9.a(keys.o)
 .debug_line    0x0000000000000b15       0x7f /opt/devkitpro/libnds/lib/libnds9.a(securearea.o)
 .debug_line    0x0000000000000b94      0x3a1 /opt/devkitpro/libnds/lib/libnds9.a(initSystem.o)
 .debug_line    0x0000000000000f35      0x8a0 /opt/devkitpro/libnds/lib/libnds9.a(fifosystem.o)
 .debug_line    0x00000000000017d5      0x2a6 /opt/devkitpro/libnds/lib/libnds9.a(libnds_exit.arm.o)
 .debug_line    0x0000000000001a7b      0x2e6 /opt/devkitpro/libnds/lib/libnds9.a(interrupts.o)
 .debug_line    0x0000000000001d61       0xa0 /opt/devkitpro/libnds/lib/libnds9.a(cpu_clock.o)
 .debug_line    0x0000000000001e01       0xb4 /opt/devkitpro/libnds/lib/libnds9.a(IntrWait.o)
 .debug_line    0x0000000000001eb5      0x12c /opt/devkitpro/libnds/lib/libnds9.a(mpu_setup.o)
 .debug_line    0x0000000000001fe1       0x99 /opt/devkitpro/libnds/lib/libnds9.a(swiSoftReset.o)
 .debug_line    0x000000000000207a       0xc9 /opt/devkitpro/libnds/lib/libnds9.a(interruptDispatcher.o)
 .debug_line    0x0000000000002143      0x3c6 /opt/devkitpro/libnds/lib/libnds9.a(system.o)
 .debug_line    0x0000000000002509      0x285 /opt/devkitpro/libnds/lib/libnds9.a(video.o)
 .debug_line    0x000000000000278e      0x1de /opt/devkitpro/libnds/lib/libnds9.a(timeSupport.o)
 .debug_line    0x000000000000296c      0x1ef /opt/devkitpro/libnds/lib/libnds9.a(biosCalls.o)

.debug_frame    0x0000000000000000      0x758
 *(.debug_frame)
 .debug_frame   0x0000000000000000       0xec main.o
 .debug_frame   0x00000000000000ec       0x48 ball.o
 .debug_frame   0x0000000000000134       0x8c /opt/devkitpro/libnds/lib/libnds9.a(keys.o)
 .debug_frame   0x00000000000001c0       0x28 /opt/devkitpro/libnds/lib/libnds9.a(initSystem.o)
 .debug_frame   0x00000000000001e8      0x2c0 /opt/devkitpro/libnds/lib/libnds9.a(fifosystem.o)
 .debug_frame   0x00000000000004a8       0x3c /opt/devkitpro/libnds/lib/libnds9.a(libnds_exit.arm.o)
 .debug_frame   0x00000000000004e4       0xa4 /opt/devkitpro/libnds/lib/libnds9.a(interrupts.o)
 .debug_frame   0x0000000000000588       0xf8 /opt/devkitpro/libnds/lib/libnds9.a(system.o)
 .debug_frame   0x0000000000000680       0xb8 /opt/devkitpro/libnds/lib/libnds9.a(video.o)
 .debug_frame   0x0000000000000738       0x20 /opt/devkitpro/libnds/lib/libnds9.a(timeSupport.o)

.debug_str      0x0000000000000000     0x326e
 *(.debug_str)
 .debug_str     0x0000000000000000     0x13c4 main.o
                                       0x14d1 (size before relaxing)
 .debug_str     0x00000000000013c4       0x5c ball.o
                                        0xea2 (size before relaxing)
 .debug_str     0x0000000000001420      0x250 /opt/devkitpro/libnds/lib/libnds9.a(keys.o)
                                        0x894 (size before relaxing)
 .debug_str     0x0000000000001670       0x6f /opt/devkitpro/libnds/lib/libnds9.a(securearea.o)
                                        0x14d (size before relaxing)
 .debug_str     0x00000000000016df      0x557 /opt/devkitpro/libnds/lib/libnds9.a(initSystem.o)
                                       0x1222 (size before relaxing)
 .debug_str     0x0000000000001c36      0x5b4 /opt/devkitpro/libnds/lib/libnds9.a(fifosystem.o)
                                        0xdad (size before relaxing)
 .debug_str     0x00000000000021ea      0x1d2 /opt/devkitpro/libnds/lib/libnds9.a(libnds_exit.arm.o)
                                        0x865 (size before relaxing)
 .debug_str     0x00000000000023bc       0xa3 /opt/devkitpro/libnds/lib/libnds9.a(interrupts.o)
                                        0x4d7 (size before relaxing)
 .debug_str     0x000000000000245f       0x6a /opt/devkitpro/libnds/lib/libnds9.a(cpu_clock.o)
                                         0xae (size before relaxing)
 .debug_str     0x00000000000024c9       0x5d /opt/devkitpro/libnds/lib/libnds9.a(IntrWait.o)
                                         0xad (size before relaxing)
 .debug_str     0x0000000000002526       0x5e /opt/devkitpro/libnds/lib/libnds9.a(mpu_setup.o)
                                         0xae (size before relaxing)
 .debug_str     0x0000000000002584       0x5c /opt/devkitpro/libnds/lib/libnds9.a(swiSoftReset.o)
                                         0xac (size before relaxing)
 .debug_str     0x00000000000025e0       0x63 /opt/devkitpro/libnds/lib/libnds9.a(interruptDispatcher.o)
                                         0xb3 (size before relaxing)
 .debug_str     0x0000000000002643      0x36c /opt/devkitpro/libnds/lib/libnds9.a(system.o)
                                        0xc2b (size before relaxing)
 .debug_str     0x00000000000029af      0x7f8 /opt/devkitpro/libnds/lib/libnds9.a(video.o)
                                        0xc4f (size before relaxing)
 .debug_str     0x00000000000031a7       0x6e /opt/devkitpro/libnds/lib/libnds9.a(timeSupport.o)
                                        0x693 (size before relaxing)
 .debug_str     0x0000000000003215       0x59 /opt/devkitpro/libnds/lib/libnds9.a(biosCalls.o)
                                         0xa9 (size before relaxing)

.debug_loc      0x0000000000000000     0x1dea
 *(.debug_loc)
 .debug_loc     0x0000000000000000      0x29d main.o
 .debug_loc     0x000000000000029d      0x18b ball.o
 .debug_loc     0x0000000000000428       0xd8 /opt/devkitpro/libnds/lib/libnds9.a(initSystem.o)
 .debug_loc     0x0000000000000500     0x1279 /opt/devkitpro/libnds/lib/libnds9.a(fifosystem.o)
 .debug_loc     0x0000000000001779       0x58 /opt/devkitpro/libnds/lib/libnds9.a(libnds_exit.arm.o)
 .debug_loc     0x00000000000017d1      0x179 /opt/devkitpro/libnds/lib/libnds9.a(interrupts.o)
 .debug_loc     0x000000000000194a      0x1f9 /opt/devkitpro/libnds/lib/libnds9.a(system.o)
 .debug_loc     0x0000000000001b43      0x286 /opt/devkitpro/libnds/lib/libnds9.a(video.o)
 .debug_loc     0x0000000000001dc9       0x21 /opt/devkitpro/libnds/lib/libnds9.a(timeSupport.o)

.debug_macinfo
 *(.debug_macinfo)

.debug_weaknames
 *(.debug_weaknames)

.debug_funcnames
 *(.debug_funcnames)

.debug_typenames
 *(.debug_typenames)

.debug_varnames
 *(.debug_varnames)

.stack          0x0000000000080000        0x0
                0x0000000000080000                _stack = .
 *(.stack)
LOAD /opt/devkitpro/devkitARM/lib/gcc/arm-none-eabi/7.1.0/../../../../arm-none-eabi/lib/thumb/ds_arm9_crt0.o
LOAD /opt/devkitpro/devkitARM/lib/gcc/arm-none-eabi/7.1.0/thumb/crti.o
LOAD /opt/devkitpro/devkitARM/lib/gcc/arm-none-eabi/7.1.0/thumb/crtbegin.o
LOAD gfx_gradient.o
LOAD gfx_brick.o
LOAD gfx_ball.o
LOAD soundbank.bin.o
LOAD main.o
LOAD ball.o
LOAD /opt/devkitpro/libnds/lib/libmm9.a
LOAD /opt/devkitpro/libnds/lib/libnds9.a
START GROUP
LOAD /opt/devkitpro/devkitARM/lib/gcc/arm-none-eabi/7.1.0/thumb/libgcc.a
LOAD /opt/devkitpro/devkitARM/lib/gcc/arm-none-eabi/7.1.0/../../../../arm-none-eabi/lib/thumb/libg.a
LOAD /opt/devkitpro/devkitARM/lib/gcc/arm-none-eabi/7.1.0/../../../../arm-none-eabi/lib/thumb/libc.a
LOAD /opt/devkitpro/devkitARM/lib/gcc/arm-none-eabi/7.1.0/../../../../arm-none-eabi/lib/thumb/libsysbase.a
END GROUP
LOAD /opt/devkitpro/devkitARM/lib/gcc/arm-none-eabi/7.1.0/thumb/crtend.o
LOAD /opt/devkitpro/devkitARM/lib/gcc/arm-none-eabi/7.1.0/thumb/crtn.o
OUTPUT(/home/yuki/Desktop/AEV/prac2/Practica4/Practica4.elf elf32-littlearm)

.debug_ranges   0x0000000000000000      0x8c0
 .debug_ranges  0x0000000000000000      0x110 main.o
 .debug_ranges  0x0000000000000110       0x58 /opt/devkitpro/libnds/lib/libnds9.a(keys.o)
 .debug_ranges  0x0000000000000168       0x10 /opt/devkitpro/libnds/lib/libnds9.a(initSystem.o)
 .debug_ranges  0x0000000000000178      0x488 /opt/devkitpro/libnds/lib/libnds9.a(fifosystem.o)
 .debug_ranges  0x0000000000000600       0x18 /opt/devkitpro/libnds/lib/libnds9.a(libnds_exit.arm.o)
 .debug_ranges  0x0000000000000618       0xe8 /opt/devkitpro/libnds/lib/libnds9.a(interrupts.o)
 .debug_ranges  0x0000000000000700       0x20 /opt/devkitpro/libnds/lib/libnds9.a(IntrWait.o)
 .debug_ranges  0x0000000000000720       0x28 /opt/devkitpro/libnds/lib/libnds9.a(mpu_setup.o)
 .debug_ranges  0x0000000000000748       0x58 /opt/devkitpro/libnds/lib/libnds9.a(system.o)
 .debug_ranges  0x00000000000007a0       0x50 /opt/devkitpro/libnds/lib/libnds9.a(video.o)
 .debug_ranges  0x00000000000007f0       0x10 /opt/devkitpro/libnds/lib/libnds9.a(timeSupport.o)
 .debug_ranges  0x0000000000000800       0xc0 /opt/devkitpro/libnds/lib/libnds9.a(biosCalls.o)
