Archive member included to satisfy reference by file (symbol)

/opt/devkitpro/libnds/lib/libnds9.a(keys.o)
                              main.o (scanKeys)
/opt/devkitpro/libnds/lib/libnds9.a(touch.o)
                              main.o (touchRead)
/opt/devkitpro/libnds/lib/libnds9.a(securearea.o)
                              /opt/devkitpro/devkitARM/lib/gcc/arm-none-eabi/7.1.0/../../../../arm-none-eabi/lib/thumb/ds_arm9_crt0.o (__secure_area__)
/opt/devkitpro/libnds/lib/libnds9.a(initSystem.o)
                              /opt/devkitpro/devkitARM/lib/gcc/arm-none-eabi/7.1.0/../../../../arm-none-eabi/lib/thumb/ds_arm9_crt0.o (initSystem)
/opt/devkitpro/libnds/lib/libnds9.a(fifosystem.o)
                              /opt/devkitpro/libnds/lib/libnds9.a(initSystem.o) (fifoSetValue32Handler)
/opt/devkitpro/libnds/lib/libnds9.a(libnds_exit.arm.o)
                              /opt/devkitpro/devkitARM/lib/gcc/arm-none-eabi/7.1.0/../../../../arm-none-eabi/lib/thumb/ds_arm9_crt0.o (__libnds_exit)
/opt/devkitpro/libnds/lib/libnds9.a(interrupts.o)
                              /opt/devkitpro/libnds/lib/libnds9.a(fifosystem.o) (irqSet)
/opt/devkitpro/libnds/lib/libnds9.a(cpu_clock.o)
                              /opt/devkitpro/libnds/lib/libnds9.a(initSystem.o) (setCpuClock)
/opt/devkitpro/libnds/lib/libnds9.a(IntrWait.o)
                              main.o (swiWaitForVBlank)
/opt/devkitpro/libnds/lib/libnds9.a(mpu_setup.o)
                              /opt/devkitpro/devkitARM/lib/gcc/arm-none-eabi/7.1.0/../../../../arm-none-eabi/lib/thumb/ds_arm9_crt0.o (__libnds_mpu_setup)
/opt/devkitpro/libnds/lib/libnds9.a(swiSoftReset.o)
                              /opt/devkitpro/libnds/lib/libnds9.a(fifosystem.o) (swiSoftReset)
/opt/devkitpro/libnds/lib/libnds9.a(interruptDispatcher.o)
                              /opt/devkitpro/libnds/lib/libnds9.a(interrupts.o) (IntrMain)
/opt/devkitpro/libnds/lib/libnds9.a(system.o)
                              /opt/devkitpro/libnds/lib/libnds9.a(initSystem.o) (systemValueHandler)
/opt/devkitpro/libnds/lib/libnds9.a(video.o)
                              /opt/devkitpro/libnds/lib/libnds9.a(initSystem.o) (vramDefault)
/opt/devkitpro/libnds/lib/libnds9.a(timeSupport.o)
                              /opt/devkitpro/libnds/lib/libnds9.a(initSystem.o) (__libnds_gtod)
/opt/devkitpro/libnds/lib/libnds9.a(biosCalls.o)
                              /opt/devkitpro/libnds/lib/libnds9.a(system.o) (swiDelay)
/opt/devkitpro/devkitARM/lib/gcc/arm-none-eabi/7.1.0/../../../../arm-none-eabi/lib/thumb/libg.a(lib_a-init.o)
                              /opt/devkitpro/devkitARM/lib/gcc/arm-none-eabi/7.1.0/../../../../arm-none-eabi/lib/thumb/ds_arm9_crt0.o (__libc_init_array)
/opt/devkitpro/devkitARM/lib/gcc/arm-none-eabi/7.1.0/../../../../arm-none-eabi/lib/thumb/libg.a(lib_a-memcpy-stub.o)
                              /opt/devkitpro/libnds/lib/libnds9.a(fifosystem.o) (memcpy)
/opt/devkitpro/devkitARM/lib/gcc/arm-none-eabi/7.1.0/../../../../arm-none-eabi/lib/thumb/libg.a(lib_a-rand.o)
                              main.o (rand)
/opt/devkitpro/devkitARM/lib/gcc/arm-none-eabi/7.1.0/../../../../arm-none-eabi/lib/thumb/libsysbase.a(malloc_vars.o)
                              /opt/devkitpro/devkitARM/lib/gcc/arm-none-eabi/7.1.0/../../../../arm-none-eabi/lib/thumb/ds_arm9_crt0.o (fake_heap_start)
/opt/devkitpro/devkitARM/lib/gcc/arm-none-eabi/7.1.0/../../../../arm-none-eabi/lib/thumb/libsysbase.a(build_argv.o)
                              /opt/devkitpro/devkitARM/lib/gcc/arm-none-eabi/7.1.0/../../../../arm-none-eabi/lib/thumb/ds_arm9_crt0.o (build_argv)
/opt/devkitpro/devkitARM/lib/gcc/arm-none-eabi/7.1.0/../../../../arm-none-eabi/lib/thumb/libsysbase.a(syscall_support.o)
                              /opt/devkitpro/libnds/lib/libnds9.a(initSystem.o) (__syscalls)
/opt/devkitpro/devkitARM/lib/gcc/arm-none-eabi/7.1.0/../../../../arm-none-eabi/lib/thumb/libsysbase.a(getreent.o)
                              /opt/devkitpro/devkitARM/lib/gcc/arm-none-eabi/7.1.0/../../../../arm-none-eabi/lib/thumb/libg.a(lib_a-rand.o) (__getreent)
/opt/devkitpro/devkitARM/lib/gcc/arm-none-eabi/7.1.0/thumb/libgcc.a(_muldi3.o)
                              /opt/devkitpro/devkitARM/lib/gcc/arm-none-eabi/7.1.0/../../../../arm-none-eabi/lib/thumb/libg.a(lib_a-rand.o) (__aeabi_lmul)
/opt/devkitpro/devkitARM/lib/gcc/arm-none-eabi/7.1.0/../../../../arm-none-eabi/lib/thumb/libg.a(lib_a-impure.o)
                              /opt/devkitpro/devkitARM/lib/gcc/arm-none-eabi/7.1.0/../../../../arm-none-eabi/lib/thumb/libsysbase.a(getreent.o) (_impure_ptr)

Allocating common symbols
Common symbol       size              file

fifo_datamsg_data   0x40              /opt/devkitpro/libnds/lib/libnds9.a(fifosystem.o)
__dsimode           0x1               /opt/devkitpro/libnds/lib/libnds9.a(initSystem.o)
fifo_buffer         0x800             /opt/devkitpro/libnds/lib/libnds9.a(fifosystem.o)
fifo_value32_func   0x40              /opt/devkitpro/libnds/lib/libnds9.a(fifosystem.o)
fifo_address_func   0x40              /opt/devkitpro/libnds/lib/libnds9.a(fifosystem.o)
fifo_value32_data   0x40              /opt/devkitpro/libnds/lib/libnds9.a(fifosystem.o)
fifo_value32_queue  0x40              /opt/devkitpro/libnds/lib/libnds9.a(fifosystem.o)
fifo_data_queue     0x40              /opt/devkitpro/libnds/lib/libnds9.a(fifosystem.o)
punixTime           0x4               /opt/devkitpro/libnds/lib/libnds9.a(timeSupport.o)
fifo_address_data   0x40              /opt/devkitpro/libnds/lib/libnds9.a(fifosystem.o)
fifo_datamsg_func   0x40              /opt/devkitpro/libnds/lib/libnds9.a(fifosystem.o)
fifo_address_queue  0x40              /opt/devkitpro/libnds/lib/libnds9.a(fifosystem.o)

Discarded input sections

 .text          0x0000000000000000        0x0 /opt/devkitpro/devkitARM/lib/gcc/arm-none-eabi/7.1.0/../../../../arm-none-eabi/lib/thumb/ds_arm9_crt0.o
 .data          0x0000000000000000        0x0 /opt/devkitpro/devkitARM/lib/gcc/arm-none-eabi/7.1.0/../../../../arm-none-eabi/lib/thumb/ds_arm9_crt0.o
 .bss           0x0000000000000000        0x0 /opt/devkitpro/devkitARM/lib/gcc/arm-none-eabi/7.1.0/../../../../arm-none-eabi/lib/thumb/ds_arm9_crt0.o
 .text          0x0000000000000000        0x0 /opt/devkitpro/devkitARM/lib/gcc/arm-none-eabi/7.1.0/thumb/crti.o
 .data          0x0000000000000000        0x0 /opt/devkitpro/devkitARM/lib/gcc/arm-none-eabi/7.1.0/thumb/crti.o
 .bss           0x0000000000000000        0x0 /opt/devkitpro/devkitARM/lib/gcc/arm-none-eabi/7.1.0/thumb/crti.o
 .text          0x0000000000000000        0x0 /opt/devkitpro/devkitARM/lib/gcc/arm-none-eabi/7.1.0/thumb/crtbegin.o
 .data          0x0000000000000000        0x0 /opt/devkitpro/devkitARM/lib/gcc/arm-none-eabi/7.1.0/thumb/crtbegin.o
 .bss           0x0000000000000000        0x0 /opt/devkitpro/devkitARM/lib/gcc/arm-none-eabi/7.1.0/thumb/crtbegin.o
 .data.__dso_handle
                0x0000000000000000        0x4 /opt/devkitpro/devkitARM/lib/gcc/arm-none-eabi/7.1.0/thumb/crtbegin.o
 .text          0x0000000000000000       0x18 main.o
 .data          0x0000000000000000        0x0 main.o
 .text          0x0000000000000000        0x0 /opt/devkitpro/libnds/lib/libnds9.a(keys.o)
 .data          0x0000000000000000        0x0 /opt/devkitpro/libnds/lib/libnds9.a(keys.o)
 .bss           0x0000000000000000        0x0 /opt/devkitpro/libnds/lib/libnds9.a(keys.o)
 .text.keysDown
                0x0000000000000000       0x14 /opt/devkitpro/libnds/lib/libnds9.a(keys.o)
 .text.keysDownRepeat
                0x0000000000000000       0x10 /opt/devkitpro/libnds/lib/libnds9.a(keys.o)
 .text.keysSetRepeat
                0x0000000000000000       0x24 /opt/devkitpro/libnds/lib/libnds9.a(keys.o)
 .text.keysUp   0x0000000000000000       0x18 /opt/devkitpro/libnds/lib/libnds9.a(keys.o)
 .text.keysCurrent
                0x0000000000000000       0x38 /opt/devkitpro/libnds/lib/libnds9.a(keys.o)
 .text          0x0000000000000000        0x0 /opt/devkitpro/libnds/lib/libnds9.a(touch.o)
 .data          0x0000000000000000        0x0 /opt/devkitpro/libnds/lib/libnds9.a(touch.o)
 .bss           0x0000000000000000        0x0 /opt/devkitpro/libnds/lib/libnds9.a(touch.o)
 .text.touchReadXY
                0x0000000000000000       0x24 /opt/devkitpro/libnds/lib/libnds9.a(touch.o)
 .text          0x0000000000000000        0x0 /opt/devkitpro/libnds/lib/libnds9.a(securearea.o)
 .data          0x0000000000000000        0x0 /opt/devkitpro/libnds/lib/libnds9.a(securearea.o)
 .bss           0x0000000000000000        0x0 /opt/devkitpro/libnds/lib/libnds9.a(securearea.o)
 .text          0x0000000000000000        0x0 /opt/devkitpro/libnds/lib/libnds9.a(initSystem.o)
 .data          0x0000000000000000        0x0 /opt/devkitpro/libnds/lib/libnds9.a(initSystem.o)
 .bss           0x0000000000000000        0x0 /opt/devkitpro/libnds/lib/libnds9.a(initSystem.o)
 .text          0x0000000000000000        0x0 /opt/devkitpro/libnds/lib/libnds9.a(fifosystem.o)
 .data          0x0000000000000000        0x0 /opt/devkitpro/libnds/lib/libnds9.a(fifosystem.o)
 .bss           0x0000000000000000        0x0 /opt/devkitpro/libnds/lib/libnds9.a(fifosystem.o)
 .text.fifoSendAddress
                0x0000000000000000       0x38 /opt/devkitpro/libnds/lib/libnds9.a(fifosystem.o)
 .text.fifoSendDatamsg
                0x0000000000000000       0x90 /opt/devkitpro/libnds/lib/libnds9.a(fifosystem.o)
 .text.fifoGetAddress
                0x0000000000000000       0x70 /opt/devkitpro/libnds/lib/libnds9.a(fifosystem.o)
 .text.fifoSetAddressHandler
                0x0000000000000000       0x74 /opt/devkitpro/libnds/lib/libnds9.a(fifosystem.o)
 .text.fifoGetValue32
                0x0000000000000000       0x14 /opt/devkitpro/libnds/lib/libnds9.a(fifosystem.o)
 .text.fifoCheckAddress
                0x0000000000000000       0x24 /opt/devkitpro/libnds/lib/libnds9.a(fifosystem.o)
 .text.fifoCheckDatamsg
                0x0000000000000000       0x24 /opt/devkitpro/libnds/lib/libnds9.a(fifosystem.o)
 .text.fifoCheckDatamsgLength
                0x0000000000000000       0x30 /opt/devkitpro/libnds/lib/libnds9.a(fifosystem.o)
 .text.fifoCheckValue32
                0x0000000000000000       0x24 /opt/devkitpro/libnds/lib/libnds9.a(fifosystem.o)
 .text          0x0000000000000000        0x0 /opt/devkitpro/libnds/lib/libnds9.a(libnds_exit.arm.o)
 .data          0x0000000000000000        0x0 /opt/devkitpro/libnds/lib/libnds9.a(libnds_exit.arm.o)
 .bss           0x0000000000000000        0x0 /opt/devkitpro/libnds/lib/libnds9.a(libnds_exit.arm.o)
 .text          0x0000000000000000        0x0 /opt/devkitpro/libnds/lib/libnds9.a(interrupts.o)
 .data          0x0000000000000000        0x0 /opt/devkitpro/libnds/lib/libnds9.a(interrupts.o)
 .bss           0x0000000000000000        0x0 /opt/devkitpro/libnds/lib/libnds9.a(interrupts.o)
 .text.irqInitHandler
                0x0000000000000000       0x28 /opt/devkitpro/libnds/lib/libnds9.a(interrupts.o)
 .text.irqClear
                0x0000000000000000       0x38 /opt/devkitpro/libnds/lib/libnds9.a(interrupts.o)
 .text          0x0000000000000000        0x0 /opt/devkitpro/libnds/lib/libnds9.a(cpu_clock.o)
 .data          0x0000000000000000        0x0 /opt/devkitpro/libnds/lib/libnds9.a(cpu_clock.o)
 .bss           0x0000000000000000        0x0 /opt/devkitpro/libnds/lib/libnds9.a(cpu_clock.o)
 .itcm          0x0000000000000000        0x0 /opt/devkitpro/libnds/lib/libnds9.a(cpu_clock.o)
 .text          0x0000000000000000        0x0 /opt/devkitpro/libnds/lib/libnds9.a(IntrWait.o)
 .data          0x0000000000000000        0x0 /opt/devkitpro/libnds/lib/libnds9.a(IntrWait.o)
 .bss           0x0000000000000000        0x0 /opt/devkitpro/libnds/lib/libnds9.a(IntrWait.o)
 .text          0x0000000000000000        0x0 /opt/devkitpro/libnds/lib/libnds9.a(mpu_setup.o)
 .bss           0x0000000000000000        0x0 /opt/devkitpro/libnds/lib/libnds9.a(mpu_setup.o)
 .text.memCached
                0x0000000000000000       0x20 /opt/devkitpro/libnds/lib/libnds9.a(mpu_setup.o)
 .text          0x0000000000000000        0x0 /opt/devkitpro/libnds/lib/libnds9.a(swiSoftReset.o)
 .data          0x0000000000000000        0x0 /opt/devkitpro/libnds/lib/libnds9.a(swiSoftReset.o)
 .bss           0x0000000000000000        0x0 /opt/devkitpro/libnds/lib/libnds9.a(swiSoftReset.o)
 .text          0x0000000000000000        0x0 /opt/devkitpro/libnds/lib/libnds9.a(interruptDispatcher.o)
 .data          0x0000000000000000        0x0 /opt/devkitpro/libnds/lib/libnds9.a(interruptDispatcher.o)
 .bss           0x0000000000000000        0x0 /opt/devkitpro/libnds/lib/libnds9.a(interruptDispatcher.o)
 .text          0x0000000000000000        0x0 /opt/devkitpro/libnds/lib/libnds9.a(system.o)
 .data          0x0000000000000000        0x0 /opt/devkitpro/libnds/lib/libnds9.a(system.o)
 .bss           0x0000000000000000        0x0 /opt/devkitpro/libnds/lib/libnds9.a(system.o)
 .text.setSDcallback
                0x0000000000000000        0xc /opt/devkitpro/libnds/lib/libnds9.a(system.o)
 .text.systemSleep
                0x0000000000000000       0x18 /opt/devkitpro/libnds/lib/libnds9.a(system.o)
 .text.powerOff
                0x0000000000000000       0x28 /opt/devkitpro/libnds/lib/libnds9.a(system.o)
 .text.ledBlink
                0x0000000000000000       0x10 /opt/devkitpro/libnds/lib/libnds9.a(system.o)
 .text.getBatteryLevel
                0x0000000000000000       0x20 /opt/devkitpro/libnds/lib/libnds9.a(system.o)
 .text.enableSlot1
                0x0000000000000000       0x1c /opt/devkitpro/libnds/lib/libnds9.a(system.o)
 .text.disableSlot1
                0x0000000000000000       0x1c /opt/devkitpro/libnds/lib/libnds9.a(system.o)
 .text          0x0000000000000000        0x0 /opt/devkitpro/libnds/lib/libnds9.a(video.o)
 .data          0x0000000000000000        0x0 /opt/devkitpro/libnds/lib/libnds9.a(video.o)
 .bss           0x0000000000000000        0x0 /opt/devkitpro/libnds/lib/libnds9.a(video.o)
 .text.vramSetPrimaryBanks
                0x0000000000000000       0x44 /opt/devkitpro/libnds/lib/libnds9.a(video.o)
 .text.vramSetMainBanks
                0x0000000000000000        0x8 /opt/devkitpro/libnds/lib/libnds9.a(video.o)
 .text.vramSetBanks_EFG
                0x0000000000000000       0x38 /opt/devkitpro/libnds/lib/libnds9.a(video.o)
 .text.vramRestorePrimaryBanks
                0x0000000000000000        0xc /opt/devkitpro/libnds/lib/libnds9.a(video.o)
 .text.vramRestoreMainBanks
                0x0000000000000000        0xc /opt/devkitpro/libnds/lib/libnds9.a(video.o)
 .text.vramRestoreBanks_EFG
                0x0000000000000000        0xc /opt/devkitpro/libnds/lib/libnds9.a(video.o)
 .text.setBrightness
                0x0000000000000000       0x40 /opt/devkitpro/libnds/lib/libnds9.a(video.o)
 .text          0x0000000000000000        0x0 /opt/devkitpro/libnds/lib/libnds9.a(timeSupport.o)
 .data          0x0000000000000000        0x0 /opt/devkitpro/libnds/lib/libnds9.a(timeSupport.o)
 .bss           0x0000000000000000        0x0 /opt/devkitpro/libnds/lib/libnds9.a(timeSupport.o)
 .text          0x0000000000000000        0x0 /opt/devkitpro/libnds/lib/libnds9.a(biosCalls.o)
 .data          0x0000000000000000        0x0 /opt/devkitpro/libnds/lib/libnds9.a(biosCalls.o)
 .bss           0x0000000000000000        0x0 /opt/devkitpro/libnds/lib/libnds9.a(biosCalls.o)
 .text.swiSleep
                0x0000000000000000        0x4 /opt/devkitpro/libnds/lib/libnds9.a(biosCalls.o)
 .text.swiChangeSoundBias
                0x0000000000000000        0x4 /opt/devkitpro/libnds/lib/libnds9.a(biosCalls.o)
 .text.swiDivide
                0x0000000000000000        0x4 /opt/devkitpro/libnds/lib/libnds9.a(biosCalls.o)
 .text.swiRemainder
                0x0000000000000000        0x8 /opt/devkitpro/libnds/lib/libnds9.a(biosCalls.o)
 .text.swiDivMod
                0x0000000000000000        0xc /opt/devkitpro/libnds/lib/libnds9.a(biosCalls.o)
 .text.swiCopy  0x0000000000000000        0x4 /opt/devkitpro/libnds/lib/libnds9.a(biosCalls.o)
 .text.swiFastCopy
                0x0000000000000000        0x4 /opt/devkitpro/libnds/lib/libnds9.a(biosCalls.o)
 .text.swiSqrt  0x0000000000000000        0x4 /opt/devkitpro/libnds/lib/libnds9.a(biosCalls.o)
 .text.swiCRC16
                0x0000000000000000        0x4 /opt/devkitpro/libnds/lib/libnds9.a(biosCalls.o)
 .text.swiIsDebugger
                0x0000000000000000        0x4 /opt/devkitpro/libnds/lib/libnds9.a(biosCalls.o)
 .text.swiUnpackBits
                0x0000000000000000        0x4 /opt/devkitpro/libnds/lib/libnds9.a(biosCalls.o)
 .text.swiDecompressLZSSWram
                0x0000000000000000        0x4 /opt/devkitpro/libnds/lib/libnds9.a(biosCalls.o)
 .text.swiDecompressLZSSVramNTR
                0x0000000000000000        0x4 /opt/devkitpro/libnds/lib/libnds9.a(biosCalls.o)
 .text.swiDecompressLZSSVramTWL
                0x0000000000000000        0x4 /opt/devkitpro/libnds/lib/libnds9.a(biosCalls.o)
 .text.swiDecompressHuffman
                0x0000000000000000        0x4 /opt/devkitpro/libnds/lib/libnds9.a(biosCalls.o)
 .text.swiDecompressRLEWram
                0x0000000000000000        0x4 /opt/devkitpro/libnds/lib/libnds9.a(biosCalls.o)
 .text.swiDecompressRLEVram
                0x0000000000000000        0x4 /opt/devkitpro/libnds/lib/libnds9.a(biosCalls.o)
 .text.swiWaitForIRQ
                0x0000000000000000        0x4 /opt/devkitpro/libnds/lib/libnds9.a(biosCalls.o)
 .text.swiDecodeDelta8
                0x0000000000000000        0x4 /opt/devkitpro/libnds/lib/libnds9.a(biosCalls.o)
 .text.swiDecodeDelta16
                0x0000000000000000        0x4 /opt/devkitpro/libnds/lib/libnds9.a(biosCalls.o)
 .text.swiSetHaltCR
                0x0000000000000000        0x4 /opt/devkitpro/libnds/lib/libnds9.a(biosCalls.o)
 .text          0x0000000000000000        0x0 /opt/devkitpro/devkitARM/lib/gcc/arm-none-eabi/7.1.0/../../../../arm-none-eabi/lib/thumb/libg.a(lib_a-init.o)
 .data          0x0000000000000000        0x0 /opt/devkitpro/devkitARM/lib/gcc/arm-none-eabi/7.1.0/../../../../arm-none-eabi/lib/thumb/libg.a(lib_a-init.o)
 .bss           0x0000000000000000        0x0 /opt/devkitpro/devkitARM/lib/gcc/arm-none-eabi/7.1.0/../../../../arm-none-eabi/lib/thumb/libg.a(lib_a-init.o)
 .text          0x0000000000000000        0x0 /opt/devkitpro/devkitARM/lib/gcc/arm-none-eabi/7.1.0/../../../../arm-none-eabi/lib/thumb/libg.a(lib_a-memcpy-stub.o)
 .data          0x0000000000000000        0x0 /opt/devkitpro/devkitARM/lib/gcc/arm-none-eabi/7.1.0/../../../../arm-none-eabi/lib/thumb/libg.a(lib_a-memcpy-stub.o)
 .bss           0x0000000000000000        0x0 /opt/devkitpro/devkitARM/lib/gcc/arm-none-eabi/7.1.0/../../../../arm-none-eabi/lib/thumb/libg.a(lib_a-memcpy-stub.o)
 .text          0x0000000000000000        0x0 /opt/devkitpro/devkitARM/lib/gcc/arm-none-eabi/7.1.0/../../../../arm-none-eabi/lib/thumb/libg.a(lib_a-rand.o)
 .data          0x0000000000000000        0x0 /opt/devkitpro/devkitARM/lib/gcc/arm-none-eabi/7.1.0/../../../../arm-none-eabi/lib/thumb/libg.a(lib_a-rand.o)
 .bss           0x0000000000000000        0x0 /opt/devkitpro/devkitARM/lib/gcc/arm-none-eabi/7.1.0/../../../../arm-none-eabi/lib/thumb/libg.a(lib_a-rand.o)
 .text.srand    0x0000000000000000       0x18 /opt/devkitpro/devkitARM/lib/gcc/arm-none-eabi/7.1.0/../../../../arm-none-eabi/lib/thumb/libg.a(lib_a-rand.o)
 .text          0x0000000000000000        0x0 /opt/devkitpro/devkitARM/lib/gcc/arm-none-eabi/7.1.0/../../../../arm-none-eabi/lib/thumb/libsysbase.a(malloc_vars.o)
 .data          0x0000000000000000        0x0 /opt/devkitpro/devkitARM/lib/gcc/arm-none-eabi/7.1.0/../../../../arm-none-eabi/lib/thumb/libsysbase.a(malloc_vars.o)
 .bss           0x0000000000000000        0x0 /opt/devkitpro/devkitARM/lib/gcc/arm-none-eabi/7.1.0/../../../../arm-none-eabi/lib/thumb/libsysbase.a(malloc_vars.o)
 .text          0x0000000000000000        0x0 /opt/devkitpro/devkitARM/lib/gcc/arm-none-eabi/7.1.0/../../../../arm-none-eabi/lib/thumb/libsysbase.a(build_argv.o)
 .data          0x0000000000000000        0x0 /opt/devkitpro/devkitARM/lib/gcc/arm-none-eabi/7.1.0/../../../../arm-none-eabi/lib/thumb/libsysbase.a(build_argv.o)
 .bss           0x0000000000000000        0x0 /opt/devkitpro/devkitARM/lib/gcc/arm-none-eabi/7.1.0/../../../../arm-none-eabi/lib/thumb/libsysbase.a(build_argv.o)
 .text          0x0000000000000000        0x0 /opt/devkitpro/devkitARM/lib/gcc/arm-none-eabi/7.1.0/../../../../arm-none-eabi/lib/thumb/libsysbase.a(syscall_support.o)
 .data          0x0000000000000000        0x0 /opt/devkitpro/devkitARM/lib/gcc/arm-none-eabi/7.1.0/../../../../arm-none-eabi/lib/thumb/libsysbase.a(syscall_support.o)
 .bss           0x0000000000000000        0x0 /opt/devkitpro/devkitARM/lib/gcc/arm-none-eabi/7.1.0/../../../../arm-none-eabi/lib/thumb/libsysbase.a(syscall_support.o)
 .text.__libc_lock_init
                0x0000000000000000       0x1c /opt/devkitpro/devkitARM/lib/gcc/arm-none-eabi/7.1.0/../../../../arm-none-eabi/lib/thumb/libsysbase.a(syscall_support.o)
 .text.__libc_lock_acquire
                0x0000000000000000       0x1c /opt/devkitpro/devkitARM/lib/gcc/arm-none-eabi/7.1.0/../../../../arm-none-eabi/lib/thumb/libsysbase.a(syscall_support.o)
 .text.__libc_lock_try_acquire
                0x0000000000000000       0x24 /opt/devkitpro/devkitARM/lib/gcc/arm-none-eabi/7.1.0/../../../../arm-none-eabi/lib/thumb/libsysbase.a(syscall_support.o)
 .text.__libc_lock_release
                0x0000000000000000       0x1c /opt/devkitpro/devkitARM/lib/gcc/arm-none-eabi/7.1.0/../../../../arm-none-eabi/lib/thumb/libsysbase.a(syscall_support.o)
 .text.__libc_lock_close
                0x0000000000000000       0x1c /opt/devkitpro/devkitARM/lib/gcc/arm-none-eabi/7.1.0/../../../../arm-none-eabi/lib/thumb/libsysbase.a(syscall_support.o)
 .text.__libc_lock_init_recursive
                0x0000000000000000       0x1c /opt/devkitpro/devkitARM/lib/gcc/arm-none-eabi/7.1.0/../../../../arm-none-eabi/lib/thumb/libsysbase.a(syscall_support.o)
 .text.__libc_lock_acquire_recursive
                0x0000000000000000       0x1c /opt/devkitpro/devkitARM/lib/gcc/arm-none-eabi/7.1.0/../../../../arm-none-eabi/lib/thumb/libsysbase.a(syscall_support.o)
 .text.__libc_lock_try_acquire_recursive
                0x0000000000000000       0x24 /opt/devkitpro/devkitARM/lib/gcc/arm-none-eabi/7.1.0/../../../../arm-none-eabi/lib/thumb/libsysbase.a(syscall_support.o)
 .text.__libc_lock_release_recursive
                0x0000000000000000       0x1c /opt/devkitpro/devkitARM/lib/gcc/arm-none-eabi/7.1.0/../../../../arm-none-eabi/lib/thumb/libsysbase.a(syscall_support.o)
 .text.__libc_lock_close_recursive
                0x0000000000000000       0x1c /opt/devkitpro/devkitARM/lib/gcc/arm-none-eabi/7.1.0/../../../../arm-none-eabi/lib/thumb/libsysbase.a(syscall_support.o)
 .text          0x0000000000000000        0x0 /opt/devkitpro/devkitARM/lib/gcc/arm-none-eabi/7.1.0/../../../../arm-none-eabi/lib/thumb/libsysbase.a(getreent.o)
 .data          0x0000000000000000        0x0 /opt/devkitpro/devkitARM/lib/gcc/arm-none-eabi/7.1.0/../../../../arm-none-eabi/lib/thumb/libsysbase.a(getreent.o)
 .bss           0x0000000000000000        0x0 /opt/devkitpro/devkitARM/lib/gcc/arm-none-eabi/7.1.0/../../../../arm-none-eabi/lib/thumb/libsysbase.a(getreent.o)
 .text          0x0000000000000000        0x0 /opt/devkitpro/devkitARM/lib/gcc/arm-none-eabi/7.1.0/thumb/libgcc.a(_muldi3.o)
 .data          0x0000000000000000        0x0 /opt/devkitpro/devkitARM/lib/gcc/arm-none-eabi/7.1.0/thumb/libgcc.a(_muldi3.o)
 .bss           0x0000000000000000        0x0 /opt/devkitpro/devkitARM/lib/gcc/arm-none-eabi/7.1.0/thumb/libgcc.a(_muldi3.o)
 .text          0x0000000000000000        0x0 /opt/devkitpro/devkitARM/lib/gcc/arm-none-eabi/7.1.0/../../../../arm-none-eabi/lib/thumb/libg.a(lib_a-impure.o)
 .data          0x0000000000000000        0x0 /opt/devkitpro/devkitARM/lib/gcc/arm-none-eabi/7.1.0/../../../../arm-none-eabi/lib/thumb/libg.a(lib_a-impure.o)
 .bss           0x0000000000000000        0x0 /opt/devkitpro/devkitARM/lib/gcc/arm-none-eabi/7.1.0/../../../../arm-none-eabi/lib/thumb/libg.a(lib_a-impure.o)
 .rodata._global_impure_ptr
                0x0000000000000000        0x4 /opt/devkitpro/devkitARM/lib/gcc/arm-none-eabi/7.1.0/../../../../arm-none-eabi/lib/thumb/libg.a(lib_a-impure.o)
 .text          0x0000000000000000        0x0 /opt/devkitpro/devkitARM/lib/gcc/arm-none-eabi/7.1.0/thumb/crtend.o
 .data          0x0000000000000000        0x0 /opt/devkitpro/devkitARM/lib/gcc/arm-none-eabi/7.1.0/thumb/crtend.o
 .bss           0x0000000000000000        0x0 /opt/devkitpro/devkitARM/lib/gcc/arm-none-eabi/7.1.0/thumb/crtend.o
 .text          0x0000000000000000        0x0 /opt/devkitpro/devkitARM/lib/gcc/arm-none-eabi/7.1.0/thumb/crtn.o
 .data          0x0000000000000000        0x0 /opt/devkitpro/devkitARM/lib/gcc/arm-none-eabi/7.1.0/thumb/crtn.o
 .bss           0x0000000000000000        0x0 /opt/devkitpro/devkitARM/lib/gcc/arm-none-eabi/7.1.0/thumb/crtn.o

Memory Configuration

Name             Origin             Length             Attributes
ewram            0x0000000002000000 0x0000000000380000
dtcm             0x000000000b000000 0x0000000000004000
vectors          0x0000000001000000 0x0000000000000100
itcm             0x0000000001000100 0x0000000000007f00
*default*        0x0000000000000000 0xffffffffffffffff

Linker script and memory map

                0x0000000002380000                __ewram_end = (ORIGIN (ewram) + LENGTH (ewram))
                0x0000000002380000                __eheap_end = (ORIGIN (ewram) + LENGTH (ewram))
                0x000000000b004000                __dtcm_top = (ORIGIN (dtcm) + LENGTH (dtcm))
                0x000000000b003ff8                __irq_flags = (__dtcm_top - 0x8)
                0x000000000b003ffc                __irq_vector = (__dtcm_top - 0x4)
                0x000000000b003f00                __sp_svc = (__dtcm_top - 0x100)
                0x000000000b003e00                __sp_irq = (__sp_svc - 0x100)
                0x000000000b003d00                __sp_usr = (__sp_irq - 0x100)

.secure         0x0000000002000000      0x800
 *(.secure)
 .secure        0x0000000002000000      0x800 /opt/devkitpro/libnds/lib/libnds9.a(securearea.o)
                0x0000000002000000                __secure_area__

.crt0           0x0000000002000800      0x300
                0x0000000002000800                __text_start = .
 *(.crt0)
 .crt0          0x0000000002000800      0x300 /opt/devkitpro/devkitARM/lib/gcc/arm-none-eabi/7.1.0/../../../../arm-none-eabi/lib/thumb/ds_arm9_crt0.o
                0x0000000002000800                _start
                0x0000000002000b00                . = ALIGN (0x4)

.plt
 *(.plt)

.init           0x0000000002000b00        0xc
 *(SORT(.init))
 .init          0x0000000002000b00        0x4 /opt/devkitpro/devkitARM/lib/gcc/arm-none-eabi/7.1.0/thumb/crti.o
                0x0000000002000b00                _init
 .init          0x0000000002000b04        0x8 /opt/devkitpro/devkitARM/lib/gcc/arm-none-eabi/7.1.0/thumb/crtn.o

.text           0x0000000002000b10     0x16d0
 *(EXCLUDE_FILE(*.twl* *.vectors* *.itcm*) .text)
 *(EXCLUDE_FILE(*.twl* *.vectors* *.itcm*) .stub)
 *(EXCLUDE_FILE(*.twl* *.vectors* *.itcm*) .text.*)
 .text.deregister_tm_clones
                0x0000000002000b10       0x2c /opt/devkitpro/devkitARM/lib/gcc/arm-none-eabi/7.1.0/thumb/crtbegin.o
 .text.register_tm_clones
                0x0000000002000b3c       0x34 /opt/devkitpro/devkitARM/lib/gcc/arm-none-eabi/7.1.0/thumb/crtbegin.o
 .text.__do_global_dtors_aux
                0x0000000002000b70       0x30 /opt/devkitpro/devkitARM/lib/gcc/arm-none-eabi/7.1.0/thumb/crtbegin.o
 .text.frame_dummy
                0x0000000002000ba0       0x28 /opt/devkitpro/devkitARM/lib/gcc/arm-none-eabi/7.1.0/thumb/crtbegin.o
 .text.startup  0x0000000002000bc8       0xb0 main.o
                0x0000000002000bc8                main
 .text.scanKeys
                0x0000000002000c78       0x8c /opt/devkitpro/libnds/lib/libnds9.a(keys.o)
                0x0000000002000c78                scanKeys
 .text.keysHeld
                0x0000000002000d04        0xc /opt/devkitpro/libnds/lib/libnds9.a(keys.o)
                0x0000000002000d04                keysHeld
 .text.touchRead
                0x0000000002000d10       0x24 /opt/devkitpro/libnds/lib/libnds9.a(touch.o)
                0x0000000002000d10                touchRead
 .text.initSystem
                0x0000000002000d34      0x194 /opt/devkitpro/libnds/lib/libnds9.a(initSystem.o)
                0x0000000002000d34                initSystem
 .text.__timeoutvbl
                0x0000000002000ec8       0x10 /opt/devkitpro/libnds/lib/libnds9.a(fifosystem.o)
 .text.fifo_allocBlock.part.0
                0x0000000002000ed8       0x34 /opt/devkitpro/libnds/lib/libnds9.a(fifosystem.o)
 .text.fifo_waitBlock
                0x0000000002000f0c       0x48 /opt/devkitpro/libnds/lib/libnds9.a(fifosystem.o)
 .text.fifo_queueBlock
                0x0000000002000f54       0x44 /opt/devkitpro/libnds/lib/libnds9.a(fifosystem.o)
 .text.fifoInternalSendInterrupt
                0x0000000002000f98       0xac /opt/devkitpro/libnds/lib/libnds9.a(fifosystem.o)
 .text.fifoInternalSend.part.3
                0x0000000002001044       0xd4 /opt/devkitpro/libnds/lib/libnds9.a(fifosystem.o)
 .text.fifoGetValue32.part.4
                0x0000000002001118       0x74 /opt/devkitpro/libnds/lib/libnds9.a(fifosystem.o)
 .text.fifoSetValue32Handler
                0x000000000200118c       0x74 /opt/devkitpro/libnds/lib/libnds9.a(fifosystem.o)
                0x000000000200118c                fifoSetValue32Handler
 .text.fifoSendValue32
                0x0000000002001200       0x4c /opt/devkitpro/libnds/lib/libnds9.a(fifosystem.o)
                0x0000000002001200                fifoSendValue32
 .text.fifoGetDatamsg
                0x000000000200124c      0x140 /opt/devkitpro/libnds/lib/libnds9.a(fifosystem.o)
                0x000000000200124c                fifoGetDatamsg
 .text.fifoInternalRecvInterrupt
                0x000000000200138c      0x3a0 /opt/devkitpro/libnds/lib/libnds9.a(fifosystem.o)
 .text.fifoSetDatamsgHandler
                0x000000000200172c       0x9c /opt/devkitpro/libnds/lib/libnds9.a(fifosystem.o)
                0x000000000200172c                fifoSetDatamsgHandler
 .text.fifoInit
                0x00000000020017c8      0x1cc /opt/devkitpro/libnds/lib/libnds9.a(fifosystem.o)
                0x00000000020017c8                fifoInit
 .text.systemErrorExit
                0x0000000002001994        0x4 /opt/devkitpro/libnds/lib/libnds9.a(libnds_exit.arm.o)
                0x0000000002001994                systemErrorExit
 .text.__libnds_exit
                0x0000000002001998       0x5c /opt/devkitpro/libnds/lib/libnds9.a(libnds_exit.arm.o)
                0x0000000002001998                __libnds_exit
 .text.irqDummy
                0x00000000020019f4        0x4 /opt/devkitpro/libnds/lib/libnds9.a(interrupts.o)
                0x00000000020019f4                irqDummy
 .text.irqSet   0x00000000020019f8       0x6c /opt/devkitpro/libnds/lib/libnds9.a(interrupts.o)
                0x00000000020019f8                irqSet
 .text.irqInit  0x0000000002001a64       0x50 /opt/devkitpro/libnds/lib/libnds9.a(interrupts.o)
                0x0000000002001a64                irqInit
 .text.irqEnable
                0x0000000002001ab4       0x64 /opt/devkitpro/libnds/lib/libnds9.a(interrupts.o)
                0x0000000002001ab4                irqEnable
 .text.irqDisable
                0x0000000002001b18       0x64 /opt/devkitpro/libnds/lib/libnds9.a(interrupts.o)
                0x0000000002001b18                irqDisable
 .text.setCpuClock
                0x0000000002001b7c       0x50 /opt/devkitpro/libnds/lib/libnds9.a(cpu_clock.o)
                0x0000000002001b7c                setCpuClock
 .text.swiWaitForVBlank
                0x0000000002001bcc        0x8 /opt/devkitpro/libnds/lib/libnds9.a(IntrWait.o)
                0x0000000002001bcc                swiWaitForVBlank
 .text.swiIntrWait
                0x0000000002001bd4       0x64 /opt/devkitpro/libnds/lib/libnds9.a(IntrWait.o)
                0x0000000002001bd4                swiIntrWait
 .text.__libnds_mpu_setup
                0x0000000002001c38      0x174 /opt/devkitpro/libnds/lib/libnds9.a(mpu_setup.o)
                0x0000000002001c38                __libnds_mpu_setup
 .text.memUncached
                0x0000000002001dac       0x20 /opt/devkitpro/libnds/lib/libnds9.a(mpu_setup.o)
                0x0000000002001dac                memUncached
 .text.swiSoftReset
                0x0000000002001dcc       0x2c /opt/devkitpro/libnds/lib/libnds9.a(swiSoftReset.o)
                0x0000000002001dcc                swiSoftReset
 .text.systemValueHandler
                0x0000000002001df8       0x48 /opt/devkitpro/libnds/lib/libnds9.a(system.o)
                0x0000000002001df8                systemValueHandler
 .text.systemMsgHandler
                0x0000000002001e40       0x5c /opt/devkitpro/libnds/lib/libnds9.a(system.o)
                0x0000000002001e40                systemMsgHandler
 .text.powerOn  0x0000000002001e9c       0x2c /opt/devkitpro/libnds/lib/libnds9.a(system.o)
                0x0000000002001e9c                powerOn
 .text.vramDefault
                0x0000000002001ec8       0xd0 /opt/devkitpro/libnds/lib/libnds9.a(video.o)
                0x0000000002001ec8                vramDefault
 .text.__libnds_gtod
                0x0000000002001f98       0x24 /opt/devkitpro/libnds/lib/libnds9.a(timeSupport.o)
                0x0000000002001f98                __libnds_gtod
 .text.swiDelay
                0x0000000002001fbc        0x4 /opt/devkitpro/libnds/lib/libnds9.a(biosCalls.o)
                0x0000000002001fbc                swiDelay
 .text.__libc_init_array
                0x0000000002001fc0       0x54 /opt/devkitpro/devkitARM/lib/gcc/arm-none-eabi/7.1.0/../../../../arm-none-eabi/lib/thumb/libg.a(lib_a-init.o)
                0x0000000002001fc0                __libc_init_array
 .text.memcpy   0x0000000002002014       0x8c /opt/devkitpro/devkitARM/lib/gcc/arm-none-eabi/7.1.0/../../../../arm-none-eabi/lib/thumb/libg.a(lib_a-memcpy-stub.o)
                0x0000000002002014                memcpy
 .text.rand     0x00000000020020a0       0x34 /opt/devkitpro/devkitARM/lib/gcc/arm-none-eabi/7.1.0/../../../../arm-none-eabi/lib/thumb/libg.a(lib_a-rand.o)
                0x00000000020020a0                rand
 .text.build_argv
                0x00000000020020d4       0x4c /opt/devkitpro/devkitARM/lib/gcc/arm-none-eabi/7.1.0/../../../../arm-none-eabi/lib/thumb/libsysbase.a(build_argv.o)
                0x00000000020020d4                build_argv
 .text.__getreent
                0x0000000002002120       0x28 /opt/devkitpro/devkitARM/lib/gcc/arm-none-eabi/7.1.0/../../../../arm-none-eabi/lib/thumb/libsysbase.a(getreent.o)
                0x0000000002002120                __getreent
 .text.__muldi3
                0x0000000002002148       0x60 /opt/devkitpro/devkitARM/lib/gcc/arm-none-eabi/7.1.0/thumb/libgcc.a(_muldi3.o)
                0x0000000002002148                __aeabi_lmul
                0x0000000002002148                __muldi3
 .text.__muldi3.__stub
                0x00000000020021a8       0x34 linker stubs
 *(EXCLUDE_FILE(*.twl*) .gnu.warning)
 *(EXCLUDE_FILE(*.twl*) .gnu.linkonce.t*)
 *(.glue_7)
 .glue_7        0x00000000020021e0        0x0 linker stubs
 *(.glue_7t)
 .glue_7t       0x00000000020021e0        0x0 linker stubs
                0x00000000020021e0                . = ALIGN (0x4)

.vfp11_veneer   0x00000000020021e0        0x0
 .vfp11_veneer  0x00000000020021e0        0x0 linker stubs

.v4_bx          0x00000000020021e0        0x0
 .v4_bx         0x00000000020021e0        0x0 linker stubs

.iplt           0x00000000020021e0        0x0
 .iplt          0x00000000020021e0        0x0 /opt/devkitpro/devkitARM/lib/gcc/arm-none-eabi/7.1.0/../../../../arm-none-eabi/lib/thumb/ds_arm9_crt0.o

.fini           0x00000000020021e0        0xc
 *(.fini)
 .fini          0x00000000020021e0        0x4 /opt/devkitpro/devkitARM/lib/gcc/arm-none-eabi/7.1.0/thumb/crti.o
                0x00000000020021e0                _fini
 .fini          0x00000000020021e4        0x8 /opt/devkitpro/devkitARM/lib/gcc/arm-none-eabi/7.1.0/thumb/crtn.o
                0x00000000020021ec                __text_end = .

.rodata         0x00000000020021ec        0x0
 *(EXCLUDE_FILE(*.twl*) .rodata)
 *all.rodata*(*)
 *(EXCLUDE_FILE(*.twl*) .roda)
 *(EXCLUDE_FILE(*.twl*) .rodata.*)
 *(EXCLUDE_FILE(*.twl*) .gnu.linkonce.r*)
                0x00000000020021ec                . = ALIGN (0x4)

.ARM.extab
 *(.ARM.extab* .gnu.linkonce.armextab.*)
                0x00000000020021ec                __exidx_start = .

ARM.exidx
 *(.ARM.exidx* .gnu.linkonce.armexidx.*)
                0x00000000020021ec                __exidx_end = .
                0x00000000020021ec                . = ALIGN (0x4)
                0x00000000020021ec                PROVIDE (__preinit_array_start, .)

.preinit_array
 *(.preinit_array)
                0x00000000020021ec                PROVIDE (__preinit_array_end, .)
                0x00000000020021ec                PROVIDE (__init_array_start, .)

.init_array     0x00000000020021ec        0x4
 *(SORT(.init_array.*))
 *(.init_array)
 .init_array    0x00000000020021ec        0x4 /opt/devkitpro/devkitARM/lib/gcc/arm-none-eabi/7.1.0/thumb/crtbegin.o
                0x00000000020021f0                PROVIDE (__init_array_end, .)
                [!provide]                        PROVIDE (__fini_array_start, .)

.fini_array     0x00000000020021f0        0x4
 *(.fini_array)
 .fini_array    0x00000000020021f0        0x4 /opt/devkitpro/devkitARM/lib/gcc/arm-none-eabi/7.1.0/thumb/crtbegin.o
 *(SORT(.fini_array.*))
                [!provide]                        PROVIDE (__fini_array_end, .)

.ctors          0x00000000020021f4        0x0
 *crtbegin.o(.ctors)
 *(EXCLUDE_FILE(*crtend.o) .ctors)
 *(SORT(.ctors.*))
 *(.ctors)
                0x00000000020021f4                . = ALIGN (0x4)

.dtors          0x00000000020021f4        0x0
 *crtbegin.o(.dtors)
 *(EXCLUDE_FILE(*crtend.o) .dtors)
 *(SORT(.dtors.*))
 *(.dtors)
                0x00000000020021f4                . = ALIGN (0x4)

.eh_frame       0x00000000020021f4        0x4
 *(.eh_frame)
 .eh_frame      0x00000000020021f4        0x0 /opt/devkitpro/devkitARM/lib/gcc/arm-none-eabi/7.1.0/thumb/crtbegin.o
 .eh_frame      0x00000000020021f4        0x4 /opt/devkitpro/devkitARM/lib/gcc/arm-none-eabi/7.1.0/thumb/crtend.o
                0x00000000020021f8                . = ALIGN (0x4)

.rel.dyn        0x00000000020021f8        0x0
 .rel.iplt      0x00000000020021f8        0x0 /opt/devkitpro/devkitARM/lib/gcc/arm-none-eabi/7.1.0/../../../../arm-none-eabi/lib/thumb/ds_arm9_crt0.o

.gcc_except_table
                0x00000000020021f8        0x0
 *(.gcc_except_table)
                0x00000000020021f8                . = ALIGN (0x4)

.jcr
 *(.jcr)

.got
 *(.got.plt)
 *(.got)
 *(.rel.got)

.ewram          0x00000000020021f8        0x0
                0x00000000020021f8                __ewram_start = ABSOLUTE (.)
 *(.ewram)
 *ewram.*(.text)
                0x00000000020021f8                . = ALIGN (0x4)

.data           0x00000000020021f8      0x4a0
                0x00000000020021f8                __data_start = ABSOLUTE (.)
 *(EXCLUDE_FILE(*.twl*) .data)
 .data          0x00000000020021f8       0x28 /opt/devkitpro/libnds/lib/libnds9.a(mpu_setup.o)
 *(EXCLUDE_FILE(*.twl*) .data.*)
 .data.count    0x0000000002002220        0x1 /opt/devkitpro/libnds/lib/libnds9.a(keys.o)
 .data.delay    0x0000000002002221        0x1 /opt/devkitpro/libnds/lib/libnds9.a(keys.o)
 .data.repeat   0x0000000002002222        0x1 /opt/devkitpro/libnds/lib/libnds9.a(keys.o)
 *fill*         0x0000000002002223        0x1 ff
 .data.fifo_buffer_free
                0x0000000002002224        0x4 /opt/devkitpro/libnds/lib/libnds9.a(fifosystem.o)
                0x0000000002002224                fifo_buffer_free
 .data.fifo_freewords
                0x0000000002002228        0x4 /opt/devkitpro/libnds/lib/libnds9.a(fifosystem.o)
                0x0000000002002228                fifo_freewords
 .data.fifo_receive_queue
                0x000000000200222c        0x4 /opt/devkitpro/libnds/lib/libnds9.a(fifosystem.o)
                0x000000000200222c                fifo_receive_queue
 .data.fifo_send_queue
                0x0000000002002230        0x4 /opt/devkitpro/libnds/lib/libnds9.a(fifosystem.o)
                0x0000000002002230                fifo_send_queue
 .data._impure_ptr
                0x0000000002002234        0x4 /opt/devkitpro/devkitARM/lib/gcc/arm-none-eabi/7.1.0/../../../../arm-none-eabi/lib/thumb/libg.a(lib_a-impure.o)
                0x0000000002002234                _impure_ptr
 .data.impure_data
                0x0000000002002238      0x460 /opt/devkitpro/devkitARM/lib/gcc/arm-none-eabi/7.1.0/../../../../arm-none-eabi/lib/thumb/libg.a(lib_a-impure.o)
 *(EXCLUDE_FILE(*.twl*) .gnu.linkonce.d*)
                0x0000000002002698                . = ALIGN (0x4)
                0x0000000002002698                __data_end = ABSOLUTE (.)
                0x0000000002002698                __bss_vma = .

.igot.plt       0x0000000002002698        0x0
 .igot.plt      0x0000000002002698        0x0 /opt/devkitpro/devkitARM/lib/gcc/arm-none-eabi/7.1.0/../../../../arm-none-eabi/lib/thumb/ds_arm9_crt0.o

.tm_clone_table
                0x0000000002002698        0x0
 .tm_clone_table
                0x0000000002002698        0x0 /opt/devkitpro/devkitARM/lib/gcc/arm-none-eabi/7.1.0/thumb/crtbegin.o
 .tm_clone_table
                0x0000000002002698        0x0 /opt/devkitpro/devkitARM/lib/gcc/arm-none-eabi/7.1.0/thumb/crtend.o

.dtcm           0x000000000b000000        0x0 load address 0x0000000002002698
                0x0000000002002698                __dtcm_lma = LOADADDR (.dtcm)
                0x000000000b000000                __dtcm_start = ABSOLUTE (.)
 *(.dtcm)
 *(.dtcm.*)
                0x000000000b000000                . = ALIGN (0x4)
                0x000000000b000000                __dtcm_end = ABSOLUTE (.)

.itcm           0x0000000001000100      0x194 load address 0x0000000002002698
                0x0000000002002698                __itcm_lma = LOADADDR (.itcm)
                0x0000000001000100                __itcm_start = ABSOLUTE (.)
 *(.itcm)
 .itcm          0x0000000001000100       0xc8 /opt/devkitpro/libnds/lib/libnds9.a(interrupts.o)
                0x0000000001000100                irqTable
 .itcm          0x00000000010001c8       0xcc /opt/devkitpro/libnds/lib/libnds9.a(interruptDispatcher.o)
                0x00000000010001c8                IntrMain
 *.itcm*(.text .stub .text.*)
                0x0000000001000294                . = ALIGN (0x4)
                0x0000000001000294                __itcm_end = ABSOLUTE (.)

.vectors        0x0000000001000000        0x0 load address 0x000000000200282c
                0x000000000200282c                __vectors_lma = LOADADDR (.vectors)
                0x0000000001000000                __vectors_start = ABSOLUTE (.)
 *(.vectors)
 *.vectors*(.text .stub .text.*)
                0x0000000001000000                . = ALIGN (0x4)
                0x0000000001000000                __vectors_end = ABSOLUTE (.)

.sbss           0x000000000b000000        0x0
                0x000000000b000000                __sbss_start = ABSOLUTE (.)
                0x000000000b000000                __sbss_start__ = ABSOLUTE (.)
 *(.sbss)
                0x000000000b000000                . = ALIGN (0x4)
                0x000000000b000000                __sbss_end = ABSOLUTE (.)

.bss            0x0000000002002698      0xac8
                0x0000000002002698                __bss_start = ABSOLUTE (.)
                0x0000000002002698                __bss_start__ = ABSOLUTE (.)
 *(EXCLUDE_FILE(*.twl*) .dynbss)
 *(EXCLUDE_FILE(*.twl*) .gnu.linkonce.b*)
 *(EXCLUDE_FILE(*.twl*) .bss*)
 .bss.completed.6484
                0x0000000002002698        0x1 /opt/devkitpro/devkitARM/lib/gcc/arm-none-eabi/7.1.0/thumb/crtbegin.o
 *fill*         0x0000000002002699        0x3 
 .bss.object.6489
                0x000000000200269c       0x18 /opt/devkitpro/devkitARM/lib/gcc/arm-none-eabi/7.1.0/thumb/crtbegin.o
 .bss           0x00000000020026b4       0x10 main.o
                0x00000000020026b4                color
                0x00000000020026b8                touch
 .bss.keys      0x00000000020026c4        0x2 /opt/devkitpro/libnds/lib/libnds9.a(keys.o)
 .bss.keysold   0x00000000020026c6        0x2 /opt/devkitpro/libnds/lib/libnds9.a(keys.o)
 .bss.keysrepeat
                0x00000000020026c8        0x2 /opt/devkitpro/libnds/lib/libnds9.a(keys.o)
 *fill*         0x00000000020026ca        0x2 
 .bss.__timeout
                0x00000000020026cc        0x4 /opt/devkitpro/libnds/lib/libnds9.a(fifosystem.o)
 .bss.processing
                0x00000000020026d0        0x4 /opt/devkitpro/libnds/lib/libnds9.a(fifosystem.o)
                0x00000000020026d0                processing
 .bss.SDcallback
                0x00000000020026d4        0x4 /opt/devkitpro/libnds/lib/libnds9.a(system.o)
 .bss.fake_heap_end
                0x00000000020026d8        0x4 /opt/devkitpro/devkitARM/lib/gcc/arm-none-eabi/7.1.0/../../../../arm-none-eabi/lib/thumb/libsysbase.a(malloc_vars.o)
                0x00000000020026d8                fake_heap_end
 .bss.fake_heap_start
                0x00000000020026dc        0x4 /opt/devkitpro/devkitARM/lib/gcc/arm-none-eabi/7.1.0/../../../../arm-none-eabi/lib/thumb/libsysbase.a(malloc_vars.o)
                0x00000000020026dc                fake_heap_start
 .bss.__syscalls
                0x00000000020026e0       0x38 /opt/devkitpro/devkitARM/lib/gcc/arm-none-eabi/7.1.0/../../../../arm-none-eabi/lib/thumb/libsysbase.a(syscall_support.o)
                0x00000000020026e0                __syscalls
 *(EXCLUDE_FILE(*.twl*) COMMON)
 COMMON         0x0000000002002718        0x1 /opt/devkitpro/libnds/lib/libnds9.a(initSystem.o)
                0x0000000002002718                __dsimode
 *fill*         0x0000000002002719        0x3 
 COMMON         0x000000000200271c      0xa40 /opt/devkitpro/libnds/lib/libnds9.a(fifosystem.o)
                0x000000000200271c                fifo_datamsg_data
                0x000000000200275c                fifo_buffer
                0x0000000002002f5c                fifo_value32_func
                0x0000000002002f9c                fifo_address_func
                0x0000000002002fdc                fifo_value32_data
                0x000000000200301c                fifo_value32_queue
                0x000000000200305c                fifo_data_queue
                0x000000000200309c                fifo_address_data
                0x00000000020030dc                fifo_datamsg_func
                0x000000000200311c                fifo_address_queue
 COMMON         0x000000000200315c        0x4 /opt/devkitpro/libnds/lib/libnds9.a(timeSupport.o)
                0x000000000200315c                punixTime
                0x0000000002003160                . = ALIGN (0x4)
                0x0000000002003160                __bss_end__ = ABSOLUTE (.)
                0x0000000002003160                __end__ = ABSOLUTE (.)

.twl            0x0000000002003160        0x0 load address 0x0000000002400000
                0x0000000002400000                __arm9i_lma__ = LOADADDR (.twl)
                0x0000000002003160                __arm9i_start__ = ABSOLUTE (.)
 *(.twl)
 *.twl*(.text .stub .text.* .gnu.linkonce.t.*)
 *.twl*(.rodata)
 *.twl*(.roda)
 *.twl*(.rodata.*)
 *.twl*(.data)
 *.twl*(.data.*)
 *.twl*(.gnu.linkonce.d*)
                0x0000000002003160                __arm9i_end__ = ABSOLUTE (.)

.twl_bss        0x0000000002003160        0x0
                0x0000000002003160                __twl_bss_start__ = ABSOLUTE (.)
 *(.twl_bss)
 *.twl*(.dynbss)
 *.twl*(.gnu.linkonce.b*)
 *.twl*(.bss*)
 *.twl*(COMMON)
                0x0000000002003160                . = ALIGN (0x4)
                0x0000000002003160                __twl_bss_end__ = ABSOLUTE (.)
                0x0000000002003160                __twl_end__ = ABSOLUTE (.)

.stab
 *(.stab)

.stabstr
 *(.stabstr)

.stab.excl
 *(.stab.excl)

.stab.exclstr
 *(.stab.exclstr)

.stab.index
 *(.stab.index)

.stab.indexstr
 *(.stab.indexstr)

.comment        0x0000000000000000       0x44
 *(.comment)
 .comment       0x0000000000000000       0x22 /opt/devkitpro/devkitARM/lib/gcc/arm-none-eabi/7.1.0/thumb/crtbegin.o
                                         0x23 (size before relaxing)
 .comment       0x0000000000000022       0x23 main.o
 .comment       0x0000000000000022       0x22 /opt/devkitpro/libnds/lib/libnds9.a(keys.o)
                                         0x23 (size before relaxing)
 .comment       0x0000000000000044       0x23 /opt/devkitpro/libnds/lib/libnds9.a(touch.o)
 .comment       0x0000000000000044       0x23 /opt/devkitpro/libnds/lib/libnds9.a(securearea.o)
 .comment       0x0000000000000044       0x23 /opt/devkitpro/libnds/lib/libnds9.a(initSystem.o)
 .comment       0x0000000000000044       0x23 /opt/devkitpro/libnds/lib/libnds9.a(fifosystem.o)
 .comment       0x0000000000000044       0x23 /opt/devkitpro/libnds/lib/libnds9.a(libnds_exit.arm.o)
 .comment       0x0000000000000044       0x23 /opt/devkitpro/libnds/lib/libnds9.a(interrupts.o)
 .comment       0x0000000000000044       0x23 /opt/devkitpro/libnds/lib/libnds9.a(system.o)
 .comment       0x0000000000000044       0x23 /opt/devkitpro/libnds/lib/libnds9.a(video.o)
 .comment       0x0000000000000044       0x23 /opt/devkitpro/libnds/lib/libnds9.a(timeSupport.o)
 .comment       0x0000000000000044       0x23 /opt/devkitpro/devkitARM/lib/gcc/arm-none-eabi/7.1.0/../../../../arm-none-eabi/lib/thumb/libg.a(lib_a-init.o)
 .comment       0x0000000000000044       0x23 /opt/devkitpro/devkitARM/lib/gcc/arm-none-eabi/7.1.0/../../../../arm-none-eabi/lib/thumb/libg.a(lib_a-memcpy-stub.o)
 .comment       0x0000000000000044       0x23 /opt/devkitpro/devkitARM/lib/gcc/arm-none-eabi/7.1.0/../../../../arm-none-eabi/lib/thumb/libg.a(lib_a-rand.o)
 .comment       0x0000000000000044       0x23 /opt/devkitpro/devkitARM/lib/gcc/arm-none-eabi/7.1.0/../../../../arm-none-eabi/lib/thumb/libsysbase.a(malloc_vars.o)
 .comment       0x0000000000000044       0x23 /opt/devkitpro/devkitARM/lib/gcc/arm-none-eabi/7.1.0/../../../../arm-none-eabi/lib/thumb/libsysbase.a(build_argv.o)
 .comment       0x0000000000000044       0x23 /opt/devkitpro/devkitARM/lib/gcc/arm-none-eabi/7.1.0/../../../../arm-none-eabi/lib/thumb/libsysbase.a(syscall_support.o)
 .comment       0x0000000000000044       0x23 /opt/devkitpro/devkitARM/lib/gcc/arm-none-eabi/7.1.0/../../../../arm-none-eabi/lib/thumb/libsysbase.a(getreent.o)
 .comment       0x0000000000000044       0x23 /opt/devkitpro/devkitARM/lib/gcc/arm-none-eabi/7.1.0/thumb/libgcc.a(_muldi3.o)
 .comment       0x0000000000000044       0x23 /opt/devkitpro/devkitARM/lib/gcc/arm-none-eabi/7.1.0/../../../../arm-none-eabi/lib/thumb/libg.a(lib_a-impure.o)
 .comment       0x0000000000000044       0x23 /opt/devkitpro/devkitARM/lib/gcc/arm-none-eabi/7.1.0/thumb/crtend.o

.ARM.attributes
                0x0000000000000000       0x2d
 .ARM.attributes
                0x0000000000000000       0x21 /opt/devkitpro/devkitARM/lib/gcc/arm-none-eabi/7.1.0/../../../../arm-none-eabi/lib/thumb/ds_arm9_crt0.o
 .ARM.attributes
                0x0000000000000021       0x16 /opt/devkitpro/devkitARM/lib/gcc/arm-none-eabi/7.1.0/thumb/crti.o
 .ARM.attributes
                0x0000000000000037       0x30 /opt/devkitpro/devkitARM/lib/gcc/arm-none-eabi/7.1.0/thumb/crtbegin.o
 .ARM.attributes
                0x0000000000000067       0x27 main.o
 .ARM.attributes
                0x000000000000008e       0x2b /opt/devkitpro/libnds/lib/libnds9.a(keys.o)
 .ARM.attributes
                0x00000000000000b9       0x2b /opt/devkitpro/libnds/lib/libnds9.a(touch.o)
 .ARM.attributes
                0x00000000000000e4       0x2b /opt/devkitpro/libnds/lib/libnds9.a(securearea.o)
 .ARM.attributes
                0x000000000000010f       0x2b /opt/devkitpro/libnds/lib/libnds9.a(initSystem.o)
 .ARM.attributes
                0x000000000000013a       0x2b /opt/devkitpro/libnds/lib/libnds9.a(fifosystem.o)
 .ARM.attributes
                0x0000000000000165       0x2b /opt/devkitpro/libnds/lib/libnds9.a(libnds_exit.arm.o)
 .ARM.attributes
                0x0000000000000190       0x2b /opt/devkitpro/libnds/lib/libnds9.a(interrupts.o)
 .ARM.attributes
                0x00000000000001bb       0x21 /opt/devkitpro/libnds/lib/libnds9.a(cpu_clock.o)
 .ARM.attributes
                0x00000000000001dc       0x21 /opt/devkitpro/libnds/lib/libnds9.a(IntrWait.o)
 .ARM.attributes
                0x00000000000001fd       0x21 /opt/devkitpro/libnds/lib/libnds9.a(mpu_setup.o)
 .ARM.attributes
                0x000000000000021e       0x21 /opt/devkitpro/libnds/lib/libnds9.a(swiSoftReset.o)
 .ARM.attributes
                0x000000000000023f       0x1b /opt/devkitpro/libnds/lib/libnds9.a(interruptDispatcher.o)
 .ARM.attributes
                0x000000000000025a       0x2b /opt/devkitpro/libnds/lib/libnds9.a(system.o)
 .ARM.attributes
                0x0000000000000285       0x2b /opt/devkitpro/libnds/lib/libnds9.a(video.o)
 .ARM.attributes
                0x00000000000002b0       0x2b /opt/devkitpro/libnds/lib/libnds9.a(timeSupport.o)
 .ARM.attributes
                0x00000000000002db       0x1b /opt/devkitpro/libnds/lib/libnds9.a(biosCalls.o)
 .ARM.attributes
                0x00000000000002f6       0x30 /opt/devkitpro/devkitARM/lib/gcc/arm-none-eabi/7.1.0/../../../../arm-none-eabi/lib/thumb/libg.a(lib_a-init.o)
 .ARM.attributes
                0x0000000000000326       0x30 /opt/devkitpro/devkitARM/lib/gcc/arm-none-eabi/7.1.0/../../../../arm-none-eabi/lib/thumb/libg.a(lib_a-memcpy-stub.o)
 .ARM.attributes
                0x0000000000000356       0x30 /opt/devkitpro/devkitARM/lib/gcc/arm-none-eabi/7.1.0/../../../../arm-none-eabi/lib/thumb/libg.a(lib_a-rand.o)
 .ARM.attributes
                0x0000000000000386       0x30 /opt/devkitpro/devkitARM/lib/gcc/arm-none-eabi/7.1.0/../../../../arm-none-eabi/lib/thumb/libsysbase.a(malloc_vars.o)
 .ARM.attributes
                0x00000000000003b6       0x30 /opt/devkitpro/devkitARM/lib/gcc/arm-none-eabi/7.1.0/../../../../arm-none-eabi/lib/thumb/libsysbase.a(build_argv.o)
 .ARM.attributes
                0x00000000000003e6       0x30 /opt/devkitpro/devkitARM/lib/gcc/arm-none-eabi/7.1.0/../../../../arm-none-eabi/lib/thumb/libsysbase.a(syscall_support.o)
 .ARM.attributes
                0x0000000000000416       0x30 /opt/devkitpro/devkitARM/lib/gcc/arm-none-eabi/7.1.0/../../../../arm-none-eabi/lib/thumb/libsysbase.a(getreent.o)
 .ARM.attributes
                0x0000000000000446       0x30 /opt/devkitpro/devkitARM/lib/gcc/arm-none-eabi/7.1.0/thumb/libgcc.a(_muldi3.o)
 .ARM.attributes
                0x0000000000000476       0x30 /opt/devkitpro/devkitARM/lib/gcc/arm-none-eabi/7.1.0/../../../../arm-none-eabi/lib/thumb/libg.a(lib_a-impure.o)
 .ARM.attributes
                0x00000000000004a6       0x30 /opt/devkitpro/devkitARM/lib/gcc/arm-none-eabi/7.1.0/thumb/crtend.o
 .ARM.attributes
                0x00000000000004d6       0x16 /opt/devkitpro/devkitARM/lib/gcc/arm-none-eabi/7.1.0/thumb/crtn.o

.debug
 *(.debug)

.line
 *(.line)

.debug_srcinfo
 *(.debug_srcinfo)

.debug_sfnames
 *(.debug_sfnames)

.debug_aranges  0x0000000000000000      0x468
 *(.debug_aranges)
 .debug_aranges
                0x0000000000000000       0x28 main.o
 .debug_aranges
                0x0000000000000028       0x50 /opt/devkitpro/libnds/lib/libnds9.a(keys.o)
 .debug_aranges
                0x0000000000000078       0x28 /opt/devkitpro/libnds/lib/libnds9.a(touch.o)
 .debug_aranges
                0x00000000000000a0       0x18 /opt/devkitpro/libnds/lib/libnds9.a(securearea.o)
 .debug_aranges
                0x00000000000000b8       0x20 /opt/devkitpro/libnds/lib/libnds9.a(initSystem.o)
 .debug_aranges
                0x00000000000000d8       0xc8 /opt/devkitpro/libnds/lib/libnds9.a(fifosystem.o)
 .debug_aranges
                0x00000000000001a0       0x28 /opt/devkitpro/libnds/lib/libnds9.a(libnds_exit.arm.o)
 .debug_aranges
                0x00000000000001c8       0x50 /opt/devkitpro/libnds/lib/libnds9.a(interrupts.o)
 .debug_aranges
                0x0000000000000218       0x20 /opt/devkitpro/libnds/lib/libnds9.a(cpu_clock.o)
 .debug_aranges
                0x0000000000000238       0x28 /opt/devkitpro/libnds/lib/libnds9.a(IntrWait.o)
 .debug_aranges
                0x0000000000000260       0x30 /opt/devkitpro/libnds/lib/libnds9.a(mpu_setup.o)
 .debug_aranges
                0x0000000000000290       0x20 /opt/devkitpro/libnds/lib/libnds9.a(swiSoftReset.o)
 .debug_aranges
                0x00000000000002b0       0x20 /opt/devkitpro/libnds/lib/libnds9.a(interruptDispatcher.o)
 .debug_aranges
                0x00000000000002d0       0x68 /opt/devkitpro/libnds/lib/libnds9.a(system.o)
 .debug_aranges
                0x0000000000000338       0x48 /opt/devkitpro/libnds/lib/libnds9.a(video.o)
 .debug_aranges
                0x0000000000000380       0x20 /opt/devkitpro/libnds/lib/libnds9.a(timeSupport.o)
 .debug_aranges
                0x00000000000003a0       0xc8 /opt/devkitpro/libnds/lib/libnds9.a(biosCalls.o)

.debug_pubnames
 *(.debug_pubnames)

.debug_info     0x0000000000000000     0xaba2
 *(.debug_info)
 .debug_info    0x0000000000000000     0x1e32 main.o
 .debug_info    0x0000000000001e32      0xd35 /opt/devkitpro/libnds/lib/libnds9.a(keys.o)
 .debug_info    0x0000000000002b67      0xc5b /opt/devkitpro/libnds/lib/libnds9.a(touch.o)
 .debug_info    0x00000000000037c2       0x58 /opt/devkitpro/libnds/lib/libnds9.a(securearea.o)
 .debug_info    0x000000000000381a     0x1c23 /opt/devkitpro/libnds/lib/libnds9.a(initSystem.o)
 .debug_info    0x000000000000543d     0x1f7b /opt/devkitpro/libnds/lib/libnds9.a(fifosystem.o)
 .debug_info    0x00000000000073b8      0xc50 /opt/devkitpro/libnds/lib/libnds9.a(libnds_exit.arm.o)
 .debug_info    0x0000000000008008      0x66d /opt/devkitpro/libnds/lib/libnds9.a(interrupts.o)
 .debug_info    0x0000000000008675       0x26 /opt/devkitpro/libnds/lib/libnds9.a(cpu_clock.o)
 .debug_info    0x000000000000869b       0x22 /opt/devkitpro/libnds/lib/libnds9.a(IntrWait.o)
 .debug_info    0x00000000000086bd       0x22 /opt/devkitpro/libnds/lib/libnds9.a(mpu_setup.o)
 .debug_info    0x00000000000086df       0x26 /opt/devkitpro/libnds/lib/libnds9.a(swiSoftReset.o)
 .debug_info    0x0000000000008705       0x26 /opt/devkitpro/libnds/lib/libnds9.a(interruptDispatcher.o)
 .debug_info    0x000000000000872b     0x1326 /opt/devkitpro/libnds/lib/libnds9.a(system.o)
 .debug_info    0x0000000000009a51      0x724 /opt/devkitpro/libnds/lib/libnds9.a(video.o)
 .debug_info    0x000000000000a175      0xa0b /opt/devkitpro/libnds/lib/libnds9.a(timeSupport.o)
 .debug_info    0x000000000000ab80       0x22 /opt/devkitpro/libnds/lib/libnds9.a(biosCalls.o)

.debug_abbrev   0x0000000000000000     0x1ecc
 *(.debug_abbrev)
 .debug_abbrev  0x0000000000000000      0x448 main.o
 .debug_abbrev  0x0000000000000448      0x286 /opt/devkitpro/libnds/lib/libnds9.a(keys.o)
 .debug_abbrev  0x00000000000006ce      0x231 /opt/devkitpro/libnds/lib/libnds9.a(touch.o)
 .debug_abbrev  0x00000000000008ff       0x45 /opt/devkitpro/libnds/lib/libnds9.a(securearea.o)
 .debug_abbrev  0x0000000000000944      0x35a /opt/devkitpro/libnds/lib/libnds9.a(initSystem.o)
 .debug_abbrev  0x0000000000000c9e      0x542 /opt/devkitpro/libnds/lib/libnds9.a(fifosystem.o)
 .debug_abbrev  0x00000000000011e0      0x289 /opt/devkitpro/libnds/lib/libnds9.a(libnds_exit.arm.o)
 .debug_abbrev  0x0000000000001469      0x28e /opt/devkitpro/libnds/lib/libnds9.a(interrupts.o)
 .debug_abbrev  0x00000000000016f7       0x14 /opt/devkitpro/libnds/lib/libnds9.a(cpu_clock.o)
 .debug_abbrev  0x000000000000170b       0x12 /opt/devkitpro/libnds/lib/libnds9.a(IntrWait.o)
 .debug_abbrev  0x000000000000171d       0x12 /opt/devkitpro/libnds/lib/libnds9.a(mpu_setup.o)
 .debug_abbrev  0x000000000000172f       0x14 /opt/devkitpro/libnds/lib/libnds9.a(swiSoftReset.o)
 .debug_abbrev  0x0000000000001743       0x14 /opt/devkitpro/libnds/lib/libnds9.a(interruptDispatcher.o)
 .debug_abbrev  0x0000000000001757      0x373 /opt/devkitpro/libnds/lib/libnds9.a(system.o)
 .debug_abbrev  0x0000000000001aca      0x216 /opt/devkitpro/libnds/lib/libnds9.a(video.o)
 .debug_abbrev  0x0000000000001ce0      0x1da /opt/devkitpro/libnds/lib/libnds9.a(timeSupport.o)
 .debug_abbrev  0x0000000000001eba       0x12 /opt/devkitpro/libnds/lib/libnds9.a(biosCalls.o)

.debug_line     0x0000000000000000     0x29fd
 *(.debug_line)
 .debug_line    0x0000000000000000      0x3d2 main.o
 .debug_line    0x00000000000003d2      0x328 /opt/devkitpro/libnds/lib/libnds9.a(keys.o)
 .debug_line    0x00000000000006fa      0x2bd /opt/devkitpro/libnds/lib/libnds9.a(touch.o)
 .debug_line    0x00000000000009b7       0x7f /opt/devkitpro/libnds/lib/libnds9.a(securearea.o)
 .debug_line    0x0000000000000a36      0x3a1 /opt/devkitpro/libnds/lib/libnds9.a(initSystem.o)
 .debug_line    0x0000000000000dd7      0x8a0 /opt/devkitpro/libnds/lib/libnds9.a(fifosystem.o)
 .debug_line    0x0000000000001677      0x2a6 /opt/devkitpro/libnds/lib/libnds9.a(libnds_exit.arm.o)
 .debug_line    0x000000000000191d      0x2e6 /opt/devkitpro/libnds/lib/libnds9.a(interrupts.o)
 .debug_line    0x0000000000001c03       0xa0 /opt/devkitpro/libnds/lib/libnds9.a(cpu_clock.o)
 .debug_line    0x0000000000001ca3       0xb4 /opt/devkitpro/libnds/lib/libnds9.a(IntrWait.o)
 .debug_line    0x0000000000001d57      0x12c /opt/devkitpro/libnds/lib/libnds9.a(mpu_setup.o)
 .debug_line    0x0000000000001e83       0x99 /opt/devkitpro/libnds/lib/libnds9.a(swiSoftReset.o)
 .debug_line    0x0000000000001f1c       0xc9 /opt/devkitpro/libnds/lib/libnds9.a(interruptDispatcher.o)
 .debug_line    0x0000000000001fe5      0x3c6 /opt/devkitpro/libnds/lib/libnds9.a(system.o)
 .debug_line    0x00000000000023ab      0x285 /opt/devkitpro/libnds/lib/libnds9.a(video.o)
 .debug_line    0x0000000000002630      0x1de /opt/devkitpro/libnds/lib/libnds9.a(timeSupport.o)
 .debug_line    0x000000000000280e      0x1ef /opt/devkitpro/libnds/lib/libnds9.a(biosCalls.o)

.debug_frame    0x0000000000000000      0x6a0
 *(.debug_frame)
 .debug_frame   0x0000000000000000       0x40 main.o
 .debug_frame   0x0000000000000040       0x8c /opt/devkitpro/libnds/lib/libnds9.a(keys.o)
 .debug_frame   0x00000000000000cc       0x3c /opt/devkitpro/libnds/lib/libnds9.a(touch.o)
 .debug_frame   0x0000000000000108       0x28 /opt/devkitpro/libnds/lib/libnds9.a(initSystem.o)
 .debug_frame   0x0000000000000130      0x2c0 /opt/devkitpro/libnds/lib/libnds9.a(fifosystem.o)
 .debug_frame   0x00000000000003f0       0x3c /opt/devkitpro/libnds/lib/libnds9.a(libnds_exit.arm.o)
 .debug_frame   0x000000000000042c       0xa4 /opt/devkitpro/libnds/lib/libnds9.a(interrupts.o)
 .debug_frame   0x00000000000004d0       0xf8 /opt/devkitpro/libnds/lib/libnds9.a(system.o)
 .debug_frame   0x00000000000005c8       0xb8 /opt/devkitpro/libnds/lib/libnds9.a(video.o)
 .debug_frame   0x0000000000000680       0x20 /opt/devkitpro/libnds/lib/libnds9.a(timeSupport.o)

.debug_str      0x0000000000000000     0x3195
 *(.debug_str)
 .debug_str     0x0000000000000000     0x1147 main.o
                                       0x12d6 (size before relaxing)
 .debug_str     0x0000000000001147      0x250 /opt/devkitpro/libnds/lib/libnds9.a(keys.o)
                                        0x894 (size before relaxing)
 .debug_str     0x0000000000001397       0x68 /opt/devkitpro/libnds/lib/libnds9.a(touch.o)
                                        0x7cc (size before relaxing)
 .debug_str     0x00000000000013ff       0x6f /opt/devkitpro/libnds/lib/libnds9.a(securearea.o)
                                        0x14d (size before relaxing)
 .debug_str     0x000000000000146e      0x67e /opt/devkitpro/libnds/lib/libnds9.a(initSystem.o)
                                       0x1222 (size before relaxing)
 .debug_str     0x0000000000001aec      0x5c2 /opt/devkitpro/libnds/lib/libnds9.a(fifosystem.o)
                                        0xdad (size before relaxing)
 .debug_str     0x00000000000020ae      0x122 /opt/devkitpro/libnds/lib/libnds9.a(libnds_exit.arm.o)
                                        0x865 (size before relaxing)
 .debug_str     0x00000000000021d0       0xa3 /opt/devkitpro/libnds/lib/libnds9.a(interrupts.o)
                                        0x4d7 (size before relaxing)
 .debug_str     0x0000000000002273       0x6a /opt/devkitpro/libnds/lib/libnds9.a(cpu_clock.o)
                                         0xae (size before relaxing)
 .debug_str     0x00000000000022dd       0x5d /opt/devkitpro/libnds/lib/libnds9.a(IntrWait.o)
                                         0xad (size before relaxing)
 .debug_str     0x000000000000233a       0x5e /opt/devkitpro/libnds/lib/libnds9.a(mpu_setup.o)
                                         0xae (size before relaxing)
 .debug_str     0x0000000000002398       0x5c /opt/devkitpro/libnds/lib/libnds9.a(swiSoftReset.o)
                                         0xac (size before relaxing)
 .debug_str     0x00000000000023f4       0x63 /opt/devkitpro/libnds/lib/libnds9.a(interruptDispatcher.o)
                                         0xb3 (size before relaxing)
 .debug_str     0x0000000000002457      0x363 /opt/devkitpro/libnds/lib/libnds9.a(system.o)
                                        0xc2b (size before relaxing)
 .debug_str     0x00000000000027ba      0x914 /opt/devkitpro/libnds/lib/libnds9.a(video.o)
                                        0xc4f (size before relaxing)
 .debug_str     0x00000000000030ce       0x6e /opt/devkitpro/libnds/lib/libnds9.a(timeSupport.o)
                                        0x693 (size before relaxing)
 .debug_str     0x000000000000313c       0x59 /opt/devkitpro/libnds/lib/libnds9.a(biosCalls.o)
                                         0xa9 (size before relaxing)

.debug_loc      0x0000000000000000     0x1aa5
 *(.debug_loc)
 .debug_loc     0x0000000000000000       0x3e main.o
 .debug_loc     0x000000000000003e       0xa5 /opt/devkitpro/libnds/lib/libnds9.a(touch.o)
 .debug_loc     0x00000000000000e3       0xd8 /opt/devkitpro/libnds/lib/libnds9.a(initSystem.o)
 .debug_loc     0x00000000000001bb     0x1279 /opt/devkitpro/libnds/lib/libnds9.a(fifosystem.o)
 .debug_loc     0x0000000000001434       0x58 /opt/devkitpro/libnds/lib/libnds9.a(libnds_exit.arm.o)
 .debug_loc     0x000000000000148c      0x179 /opt/devkitpro/libnds/lib/libnds9.a(interrupts.o)
 .debug_loc     0x0000000000001605      0x1f9 /opt/devkitpro/libnds/lib/libnds9.a(system.o)
 .debug_loc     0x00000000000017fe      0x286 /opt/devkitpro/libnds/lib/libnds9.a(video.o)
 .debug_loc     0x0000000000001a84       0x21 /opt/devkitpro/libnds/lib/libnds9.a(timeSupport.o)

.debug_macinfo
 *(.debug_macinfo)

.debug_weaknames
 *(.debug_weaknames)

.debug_funcnames
 *(.debug_funcnames)

.debug_typenames
 *(.debug_typenames)

.debug_varnames
 *(.debug_varnames)

.stack          0x0000000000080000        0x0
                0x0000000000080000                _stack = .
 *(.stack)
LOAD /opt/devkitpro/devkitARM/lib/gcc/arm-none-eabi/7.1.0/../../../../arm-none-eabi/lib/thumb/ds_arm9_crt0.o
LOAD /opt/devkitpro/devkitARM/lib/gcc/arm-none-eabi/7.1.0/thumb/crti.o
LOAD /opt/devkitpro/devkitARM/lib/gcc/arm-none-eabi/7.1.0/thumb/crtbegin.o
LOAD main.o
LOAD /opt/devkitpro/libnds/lib/libnds9.a
LOAD /opt/devkitpro/devkitARM/lib/gcc/arm-none-eabi/7.1.0/../../../../arm-none-eabi/lib/thumb/libstdc++.a
LOAD /opt/devkitpro/devkitARM/lib/gcc/arm-none-eabi/7.1.0/../../../../arm-none-eabi/lib/thumb/libm.a
START GROUP
LOAD /opt/devkitpro/devkitARM/lib/gcc/arm-none-eabi/7.1.0/thumb/libgcc.a
LOAD /opt/devkitpro/devkitARM/lib/gcc/arm-none-eabi/7.1.0/../../../../arm-none-eabi/lib/thumb/libg.a
LOAD /opt/devkitpro/devkitARM/lib/gcc/arm-none-eabi/7.1.0/../../../../arm-none-eabi/lib/thumb/libc.a
LOAD /opt/devkitpro/devkitARM/lib/gcc/arm-none-eabi/7.1.0/../../../../arm-none-eabi/lib/thumb/libsysbase.a
END GROUP
LOAD /opt/devkitpro/devkitARM/lib/gcc/arm-none-eabi/7.1.0/thumb/crtend.o
LOAD /opt/devkitpro/devkitARM/lib/gcc/arm-none-eabi/7.1.0/thumb/crtn.o
OUTPUT(/home/yuki/Desktop/AEV/prac2/simplePaint/simplePaint.elf elf32-littlearm)

.debug_ranges   0x0000000000000000      0x870
 .debug_ranges  0x0000000000000000       0x90 main.o
 .debug_ranges  0x0000000000000090       0x58 /opt/devkitpro/libnds/lib/libnds9.a(keys.o)
 .debug_ranges  0x00000000000000e8       0x30 /opt/devkitpro/libnds/lib/libnds9.a(touch.o)
 .debug_ranges  0x0000000000000118       0x10 /opt/devkitpro/libnds/lib/libnds9.a(initSystem.o)
 .debug_ranges  0x0000000000000128      0x488 /opt/devkitpro/libnds/lib/libnds9.a(fifosystem.o)
 .debug_ranges  0x00000000000005b0       0x18 /opt/devkitpro/libnds/lib/libnds9.a(libnds_exit.arm.o)
 .debug_ranges  0x00000000000005c8       0xe8 /opt/devkitpro/libnds/lib/libnds9.a(interrupts.o)
 .debug_ranges  0x00000000000006b0       0x20 /opt/devkitpro/libnds/lib/libnds9.a(IntrWait.o)
 .debug_ranges  0x00000000000006d0       0x28 /opt/devkitpro/libnds/lib/libnds9.a(mpu_setup.o)
 .debug_ranges  0x00000000000006f8       0x58 /opt/devkitpro/libnds/lib/libnds9.a(system.o)
 .debug_ranges  0x0000000000000750       0x50 /opt/devkitpro/libnds/lib/libnds9.a(video.o)
 .debug_ranges  0x00000000000007a0       0x10 /opt/devkitpro/libnds/lib/libnds9.a(timeSupport.o)
 .debug_ranges  0x00000000000007b0       0xc0 /opt/devkitpro/libnds/lib/libnds9.a(biosCalls.o)
