Archive member included to satisfy reference by file (symbol)

/opt/devkitpro/libnds/lib/libnds9.a(keys.o)
                              advanced.o (scanKeys)
/opt/devkitpro/libnds/lib/libnds9.a(shadowRegs.o)
                              advanced.o (mosaicShadow)
/opt/devkitpro/libnds/lib/libnds9.a(console.o)
                              main.o (consoleDemoInit)
/opt/devkitpro/libnds/lib/libnds9.a(system.o)
                              main.o (systemSleep)
/opt/devkitpro/libnds/lib/libnds9.a(sassert.o)
                              advanced.o (__sassert)
/opt/devkitpro/libnds/lib/libnds9.a(background.o)
                              advanced.o (bgIsText)
/opt/devkitpro/libnds/lib/libnds9.a(securearea.o)
                              /opt/devkitpro/devkitARM/lib/gcc/arm-none-eabi/7.1.0/../../../../arm-none-eabi/lib/thumb/ds_arm9_crt0.o (__secure_area__)
/opt/devkitpro/libnds/lib/libnds9.a(initSystem.o)
                              /opt/devkitpro/devkitARM/lib/gcc/arm-none-eabi/7.1.0/../../../../arm-none-eabi/lib/thumb/ds_arm9_crt0.o (initSystem)
/opt/devkitpro/libnds/lib/libnds9.a(fifosystem.o)
                              /opt/devkitpro/libnds/lib/libnds9.a(initSystem.o) (fifoSetValue32Handler)
/opt/devkitpro/libnds/lib/libnds9.a(libnds_exit.arm.o)
                              /opt/devkitpro/devkitARM/lib/gcc/arm-none-eabi/7.1.0/../../../../arm-none-eabi/lib/thumb/ds_arm9_crt0.o (__libnds_exit)
/opt/devkitpro/libnds/lib/libnds9.a(interrupts.o)
                              /opt/devkitpro/libnds/lib/libnds9.a(fifosystem.o) (irqSet)
/opt/devkitpro/libnds/lib/libnds9.a(cpu_clock.o)
                              /opt/devkitpro/libnds/lib/libnds9.a(initSystem.o) (setCpuClock)
/opt/devkitpro/libnds/lib/libnds9.a(IntrWait.o)
                              advanced.o (swiWaitForVBlank)
/opt/devkitpro/libnds/lib/libnds9.a(mpu_setup.o)
                              /opt/devkitpro/devkitARM/lib/gcc/arm-none-eabi/7.1.0/../../../../arm-none-eabi/lib/thumb/ds_arm9_crt0.o (__libnds_mpu_setup)
/opt/devkitpro/libnds/lib/libnds9.a(swiSoftReset.o)
                              /opt/devkitpro/libnds/lib/libnds9.a(fifosystem.o) (swiSoftReset)
/opt/devkitpro/libnds/lib/libnds9.a(debugprint.o)
                              /opt/devkitpro/libnds/lib/libnds9.a(console.o) (nocashWrite)
/opt/devkitpro/libnds/lib/libnds9.a(biosCalls.o)
                              /opt/devkitpro/libnds/lib/libnds9.a(system.o) (swiDelay)
/opt/devkitpro/libnds/lib/libnds9.a(interruptDispatcher.o)
                              /opt/devkitpro/libnds/lib/libnds9.a(interrupts.o) (IntrMain)
/opt/devkitpro/libnds/lib/libnds9.a(default_font.bin.o)
                              /opt/devkitpro/libnds/lib/libnds9.a(console.o) (default_font_bin)
/opt/devkitpro/libnds/lib/libnds9.a(trig.o)
                              /opt/devkitpro/libnds/lib/libnds9.a(background.o) (sinLerp)
/opt/devkitpro/libnds/lib/libnds9.a(video.o)
                              /opt/devkitpro/libnds/lib/libnds9.a(initSystem.o) (vramDefault)
/opt/devkitpro/libnds/lib/libnds9.a(timeSupport.o)
                              /opt/devkitpro/libnds/lib/libnds9.a(initSystem.o) (__libnds_gtod)
/opt/devkitpro/devkitARM/lib/gcc/arm-none-eabi/7.1.0/thumb/libgcc.a(_divsi3.o)
                              /opt/devkitpro/libnds/lib/libnds9.a(console.o) (__aeabi_idivmod)
/opt/devkitpro/devkitARM/lib/gcc/arm-none-eabi/7.1.0/thumb/libgcc.a(_dvmd_tls.o)
                              /opt/devkitpro/devkitARM/lib/gcc/arm-none-eabi/7.1.0/thumb/libgcc.a(_divsi3.o) (__aeabi_idiv0)
/opt/devkitpro/devkitARM/lib/gcc/arm-none-eabi/7.1.0/../../../../arm-none-eabi/lib/thumb/libg.a(lib_a-bsearch.o)
                              /opt/devkitpro/libnds/lib/libnds9.a(trig.o) (bsearch)
/opt/devkitpro/devkitARM/lib/gcc/arm-none-eabi/7.1.0/../../../../arm-none-eabi/lib/thumb/libg.a(lib_a-exit.o)
                              main.o (exit)
/opt/devkitpro/devkitARM/lib/gcc/arm-none-eabi/7.1.0/../../../../arm-none-eabi/lib/thumb/libg.a(lib_a-impure.o)
                              /opt/devkitpro/devkitARM/lib/gcc/arm-none-eabi/7.1.0/../../../../arm-none-eabi/lib/thumb/libg.a(lib_a-exit.o) (_global_impure_ptr)
/opt/devkitpro/devkitARM/lib/gcc/arm-none-eabi/7.1.0/../../../../arm-none-eabi/lib/thumb/libg.a(lib_a-init.o)
                              /opt/devkitpro/devkitARM/lib/gcc/arm-none-eabi/7.1.0/../../../../arm-none-eabi/lib/thumb/ds_arm9_crt0.o (__libc_init_array)
/opt/devkitpro/devkitARM/lib/gcc/arm-none-eabi/7.1.0/../../../../arm-none-eabi/lib/thumb/libg.a(lib_a-iprintf.o)
                              advanced.o (iprintf)
/opt/devkitpro/devkitARM/lib/gcc/arm-none-eabi/7.1.0/../../../../arm-none-eabi/lib/thumb/libg.a(lib_a-memcpy-stub.o)
                              /opt/devkitpro/libnds/lib/libnds9.a(console.o) (memcpy)
/opt/devkitpro/devkitARM/lib/gcc/arm-none-eabi/7.1.0/../../../../arm-none-eabi/lib/thumb/libg.a(lib_a-memset.o)
                              functions.o (memset)
[...]
Memory Configuration

Name             Origin             Length             Attributes
ewram            0x0000000002000000 0x0000000000380000
dtcm             0x000000000b000000 0x0000000000004000
vectors          0x0000000001000000 0x0000000000000100
itcm             0x0000000001000100 0x0000000000007f00
*default*        0x0000000000000000 0xffffffffffffffff

Linker script and memory map

                0x0000000002380000                __ewram_end = (ORIGIN (ewram) + LENGTH (ewram))
                0x0000000002380000                __eheap_end = (ORIGIN (ewram) + LENGTH (ewram))
                0x000000000b004000                __dtcm_top = (ORIGIN (dtcm) + LENGTH (dtcm))
                0x000000000b003ff8                __irq_flags = (__dtcm_top - 0x8)
                0x000000000b003ffc                __irq_vector = (__dtcm_top - 0x4)
                0x000000000b003f00                __sp_svc = (__dtcm_top - 0x100)
                0x000000000b003e00                __sp_irq = (__sp_svc - 0x100)
                0x000000000b003d00                __sp_usr = (__sp_irq - 0x100)

.secure         0x0000000002000000      0x800
 *(.secure)
 .secure        0x0000000002000000      0x800 /opt/devkitpro/libnds/lib/libnds9.a(securearea.o)
                0x0000000002000000                __secure_area__

.crt0           0x0000000002000800      0x300
                0x0000000002000800                __text_start = .
 *(.crt0)
 .crt0          0x0000000002000800      0x300 /opt/devkitpro/devkitARM/lib/gcc/arm-none-eabi/7.1.0/../../../../arm-none-eabi/lib/thumb/ds_arm9_crt0.o
                0x0000000002000800                _start
                0x0000000002000b00                . = ALIGN (0x4)

.plt
 *(.plt)

.init           0x0000000002000b00        0xc
 *(SORT(.init))
 .init          0x0000000002000b00        0x4 /opt/devkitpro/devkitARM/lib/gcc/arm-none-eabi/7.1.0/thumb/crti.o
                0x0000000002000b00                _init
 .init          0x0000000002000b04        0x8 /opt/devkitpro/devkitARM/lib/gcc/arm-none-eabi/7.1.0/thumb/crtn.o

.text           0x0000000002000b10     0xfcc0
 *(EXCLUDE_FILE(*.twl* *.vectors* *.itcm*) .text)
 .text          0x0000000002000b10      0xb90 advanced.o
                0x0000000002000b10                advMosaic()
                0x0000000002000d1c                advRotating()
                0x0000000002000f78                advScaling()
                0x0000000002001150                advExtendedPalette()
                0x000000000200129c                advMultipleLayers()
 .text          0x00000000020016a0     0x1154 scrolling.o
                0x00000000020016a0                scroll(int, int, int)
                0x0000000002001774                scrollText()
                0x0000000002001940                scrollRotation()
                0x0000000002001b0c                scrollVertical()
                0x0000000002001cf8                scrollHorizontalText()
                0x0000000002001f1c                scrollHorizontalExRotation()
                0x0000000002002128                scroll4wayText()
                0x00000000020024a8                scroll4wayExRotation()
 .text          0x00000000020027f4      0x130 handmade.o
                0x00000000020027f4                HandMadeTiles()
 .text          0x0000000002002924     0x1564 basic.o
                0x0000000002002924                Text256x256()
                0x0000000002002a54                Text256x512()
                0x0000000002002b88                Text512x256()
                0x0000000002002d0c                Text512x512()
                0x0000000002002ed8                ExRot128x128()
                0x0000000002002fe0                ExRot256x256()
                0x00000000020030f0                ExRot512x512()
                0x0000000002003200                ExRot1024x1024()
                0x0000000002003310                Rot128x128()
                0x000000000200341c                Rot256x256()
                0x000000000200352c                Rot512x512()
                0x000000000200363c                Rot1024x1024()
                0x000000000200374c                Bmp8_128x128()
                0x00000000020037fc                Bmp8_256x256()
                0x00000000020038b0                Bmp8_512x256()
                0x0000000002003968                Bmp8_512x512()
                0x0000000002003a28                Bmp8_512x1024()
                0x0000000002003afc                Bmp8_1024x512()
                0x0000000002003bd0                Bmp16_128x128()
                0x0000000002003c70                Bmp16_256x256()
                0x0000000002003d14                Bmp16_512x256()
                0x0000000002003dc4                Bmp16_512x512()
 .text          0x0000000002003e88       0x48 main.o
 .text          0x0000000002003ed0       0x70 functions.o
                0x0000000002003ed0                getUsername()
                0x0000000002003f34                ledBlinking()
 .text          0x0000000002003f40      0x150 /opt/devkitpro/devkitARM/lib/gcc/arm-none-eabi/7.1.0/thumb/libgcc.a(_divsi3.o)
                0x0000000002003f40                __aeabi_idiv
                0x0000000002003f40                __divsi3
                0x0000000002004070                __aeabi_idivmod
 .text          0x0000000002004090        0x4 /opt/devkitpro/devkitARM/lib/gcc/arm-none-eabi/7.1.0/thumb/libgcc.a(_dvmd_tls.o)
                0x0000000002004090                __aeabi_ldiv0
                0x0000000002004090                __aeabi_idiv0
 .text          0x0000000002004094      0x224 /opt/devkitpro/devkitARM/lib/gcc/arm-none-eabi/7.1.0/../../../../arm-none-eabi/lib/thumb/libg.a(lib_a-strcmp.o)
                0x0000000002004094                strcmp
 .text          0x00000000020042b8      0x11c /opt/devkitpro/devkitARM/lib/gcc/arm-none-eabi/7.1.0/thumb/libgcc.a(_udivsi3.o)
                0x00000000020042b8                __udivsi3
                0x00000000020042b8                __aeabi_uidiv
                0x00000000020043b4                __aeabi_uidivmod
 .text          0x00000000020043d4       0x3c /opt/devkitpro/devkitARM/lib/gcc/arm-none-eabi/7.1.0/thumb/libgcc.a(_aeabi_uldivmod.o)
                0x00000000020043d4                __aeabi_uldivmod
 .text          0x0000000002004410       0x28 /opt/devkitpro/devkitARM/lib/gcc/arm-none-eabi/7.1.0/thumb/libgcc.a(_clzdi2.o)
                0x0000000002004410                __clzdi2
 .text          0x0000000002004438       0x48 /opt/devkitpro/devkitARM/lib/gcc/arm-none-eabi/7.1.0/thumb/libgcc.a(_clzsi2.o)
                0x0000000002004438                __clzsi2
 *(EXCLUDE_FILE(*.twl* *.vectors* *.itcm*) .stub)
 *(EXCLUDE_FILE(*.twl* *.vectors* *.itcm*) .text.*)
 .text.deregister_tm_clones
                0x0000000002004480       0x2c /opt/devkitpro/devkitARM/lib/gcc/arm-none-eabi/7.1.0/thumb/crtbegin.o
 .text.register_tm_clones
                0x00000000020044ac       0x34 /opt/devkitpro/devkitARM/lib/gcc/arm-none-eabi/7.1.0/thumb/crtbegin.o
 .text.__do_global_dtors_aux
                0x00000000020044e0       0x30 /opt/devkitpro/devkitARM/lib/gcc/arm-none-eabi/7.1.0/thumb/crtbegin.o
 .text.frame_dummy
                0x0000000002004510       0x28 /opt/devkitpro/devkitARM/lib/gcc/arm-none-eabi/7.1.0/thumb/crtbegin.o
 .text.startup  0x0000000002004538      0x17c main.o
                0x0000000002004538                main
 .text.scanKeys
                0x00000000020046b4       0x8c /opt/devkitpro/libnds/lib/libnds9.a(keys.o)
                0x00000000020046b4                scanKeys
 .text.keysHeld
                0x0000000002004740        0xc /opt/devkitpro/libnds/lib/libnds9.a(keys.o)
                0x0000000002004740                keysHeld
 .text.keysDown
                0x000000000200474c       0x14 /opt/devkitpro/libnds/lib/libnds9.a(keys.o)
                0x000000000200474c                keysDown
 .text.newRow   0x0000000002004760       0xbc /opt/devkitpro/libnds/lib/libnds9.a(console.o)
 .text.consolePrintChar
                0x000000000200481c       0xec /opt/devkitpro/libnds/lib/libnds9.a(console.o)
                0x000000000200481c                consolePrintChar
 .text.consoleCls
                0x0000000002004908       0xec /opt/devkitpro/libnds/lib/libnds9.a(console.o)
 .text.consoleLoadFont
                0x00000000020049f4      0x270 /opt/devkitpro/libnds/lib/libnds9.a(console.o)
                0x00000000020049f4                consoleLoadFont
 .text.consoleInit
                0x0000000002004c64      0x15c /opt/devkitpro/libnds/lib/libnds9.a(console.o)
                0x0000000002004c64                consoleInit
 .text.consoleDemoInit
                0x0000000002004dc0       0x40 /opt/devkitpro/libnds/lib/libnds9.a(console.o)
                0x0000000002004dc0                consoleDemoInit
 .text.con_write
                0x0000000002004e00      0x288 /opt/devkitpro/libnds/lib/libnds9.a(console.o)
                0x0000000002004e00                con_write
 .text.consoleClear
                0x0000000002005088       0x10 /opt/devkitpro/libnds/lib/libnds9.a(console.o)
                0x0000000002005088                consoleClear
 .text.systemValueHandler
                0x0000000002005098       0x48 /opt/devkitpro/libnds/lib/libnds9.a(system.o)
                0x0000000002005098                systemValueHandler
 .text.systemMsgHandler
                0x00000000020050e0       0x5c /opt/devkitpro/libnds/lib/libnds9.a(system.o)
                0x00000000020050e0                systemMsgHandler
 .text.systemSleep
                0x000000000200513c       0x18 /opt/devkitpro/libnds/lib/libnds9.a(system.o)
                0x000000000200513c                systemSleep
 .text.powerOn  0x0000000002005154       0x2c /opt/devkitpro/libnds/lib/libnds9.a(system.o)
                0x0000000002005154                powerOn
 .text.ledBlink
                0x0000000002005180       0x10 /opt/devkitpro/libnds/lib/libnds9.a(system.o)
                0x0000000002005180                ledBlink
 .text.__sassert
                0x0000000002005190       0x34 /opt/devkitpro/libnds/lib/libnds9.a(sassert.o)
                0x0000000002005190                __sassert
 .text.checkIfText.part.0
                0x00000000020051c4       0x3c /opt/devkitpro/libnds/lib/libnds9.a(background.o)
 .text.bgIsText
                0x0000000002005200        0xc /opt/devkitpro/libnds/lib/libnds9.a(background.o)
                0x0000000002005200                bgIsText
 .text.bgUpdate
                0x000000000200520c       0xec /opt/devkitpro/libnds/lib/libnds9.a(background.o)
                0x000000000200520c                bgUpdate
 .text.bgInit_call
                0x00000000020052f8       0xbc /opt/devkitpro/libnds/lib/libnds9.a(background.o)
                0x00000000020052f8                bgInit_call
 .text.bgInitSub_call
                0x00000000020053b4       0xc4 /opt/devkitpro/libnds/lib/libnds9.a(background.o)
                0x00000000020053b4                bgInitSub_call
 .text.initSystem
                0x0000000002005478      0x194 /opt/devkitpro/libnds/lib/libnds9.a(initSystem.o)
                0x0000000002005478                initSystem
 .text.__timeoutvbl
                0x000000000200560c       0x10 /opt/devkitpro/libnds/lib/libnds9.a(fifosystem.o)
 .text.fifo_allocBlock.part.0
                0x000000000200561c       0x34 /opt/devkitpro/libnds/lib/libnds9.a(fifosystem.o)
 .text.fifo_waitBlock
                0x0000000002005650       0x48 /opt/devkitpro/libnds/lib/libnds9.a(fifosystem.o)
 .text.fifo_queueBlock
                0x0000000002005698       0x44 /opt/devkitpro/libnds/lib/libnds9.a(fifosystem.o)
 .text.fifoInternalSendInterrupt
                0x00000000020056dc       0xac /opt/devkitpro/libnds/lib/libnds9.a(fifosystem.o)
 .text.fifoInternalSend.part.3
                0x0000000002005788       0xd4 /opt/devkitpro/libnds/lib/libnds9.a(fifosystem.o)
 .text.fifoGetValue32.part.4
                0x000000000200585c       0x74 /opt/devkitpro/libnds/lib/libnds9.a(fifosystem.o)
 .text.fifoSetValue32Handler
                0x00000000020058d0       0x74 /opt/devkitpro/libnds/lib/libnds9.a(fifosystem.o)
                0x00000000020058d0                fifoSetValue32Handler
 .text.fifoSendValue32
                0x0000000002005944       0x4c /opt/devkitpro/libnds/lib/libnds9.a(fifosystem.o)
                0x0000000002005944                fifoSendValue32
 .text.fifoGetDatamsg
                0x0000000002005990      0x140 /opt/devkitpro/libnds/lib/libnds9.a(fifosystem.o)
                0x0000000002005990                fifoGetDatamsg
 .text.fifoInternalRecvInterrupt
                0x0000000002005ad0      0x3a0 /opt/devkitpro/libnds/lib/libnds9.a(fifosystem.o)
 .text.fifoSetDatamsgHandler
                0x0000000002005e70       0x9c /opt/devkitpro/libnds/lib/libnds9.a(fifosystem.o)
                0x0000000002005e70                fifoSetDatamsgHandler
 .text.fifoInit
                0x0000000002005f0c      0x1cc /opt/devkitpro/libnds/lib/libnds9.a(fifosystem.o)
                0x0000000002005f0c                fifoInit
 .text.systemErrorExit
                0x00000000020060d8        0x4 /opt/devkitpro/libnds/lib/libnds9.a(libnds_exit.arm.o)
                0x00000000020060d8                systemErrorExit
 *fill*         0x00000000020060dc        0x4 ff
 .text.__libnds_exit
                0x00000000020060e0       0x5c /opt/devkitpro/libnds/lib/libnds9.a(libnds_exit.arm.o)
                0x00000000020060e0                __libnds_exit
 .text.irqDummy
                0x000000000200613c        0x4 /opt/devkitpro/libnds/lib/libnds9.a(interrupts.o)
                0x000000000200613c                irqDummy
 .text.irqSet   0x0000000002006140       0x6c /opt/devkitpro/libnds/lib/libnds9.a(interrupts.o)
                0x0000000002006140                irqSet
 .text.irqInit  0x00000000020061ac       0x50 /opt/devkitpro/libnds/lib/libnds9.a(interrupts.o)
                0x00000000020061ac                irqInit
 .text.irqEnable
                0x00000000020061fc       0x64 /opt/devkitpro/libnds/lib/libnds9.a(interrupts.o)
                0x00000000020061fc                irqEnable
 .text.irqDisable
                0x0000000002006260       0x64 /opt/devkitpro/libnds/lib/libnds9.a(interrupts.o)
                0x0000000002006260                irqDisable
 .text.setCpuClock
                0x00000000020062c4       0x50 /opt/devkitpro/libnds/lib/libnds9.a(cpu_clock.o)
                0x00000000020062c4                setCpuClock
 .text.swiWaitForVBlank
                0x0000000002006314        0x8 /opt/devkitpro/libnds/lib/libnds9.a(IntrWait.o)
                0x0000000002006314                swiWaitForVBlank
 .text.swiIntrWait
                0x000000000200631c       0x64 /opt/devkitpro/libnds/lib/libnds9.a(IntrWait.o)
                0x000000000200631c                swiIntrWait
 .text.__libnds_mpu_setup
                0x0000000002006380      0x174 /opt/devkitpro/libnds/lib/libnds9.a(mpu_setup.o)
                0x0000000002006380                __libnds_mpu_setup
 .text.memUncached
                0x00000000020064f4       0x20 /opt/devkitpro/libnds/lib/libnds9.a(mpu_setup.o)
                0x00000000020064f4                memUncached
 .text.swiSoftReset
                0x0000000002006514       0x2c /opt/devkitpro/libnds/lib/libnds9.a(swiSoftReset.o)
                0x0000000002006514                swiSoftReset
 .text.swiDelay
                0x0000000002006540        0x4 /opt/devkitpro/libnds/lib/libnds9.a(biosCalls.o)
                0x0000000002006540                swiDelay
 .text.sinLerp  0x0000000002006544       0xa0 /opt/devkitpro/libnds/lib/libnds9.a(trig.o)
                0x0000000002006544                sinLerp
 .text.cosLerp  0x00000000020065e4       0x14 /opt/devkitpro/libnds/lib/libnds9.a(trig.o)
                0x00000000020065e4                cosLerp
 .text.vramDefault
                0x00000000020065f8       0xd0 /opt/devkitpro/libnds/lib/libnds9.a(video.o)
                0x00000000020065f8                vramDefault
 .text.__libnds_gtod
                0x00000000020066c8       0x24 /opt/devkitpro/libnds/lib/libnds9.a(timeSupport.o)
                0x00000000020066c8                __libnds_gtod
 .text.exit     0x00000000020066ec       0x28 /opt/devkitpro/devkitARM/lib/gcc/arm-none-eabi/7.1.0/../../../../arm-none-eabi/lib/thumb/libg.a(lib_a-exit.o)
                0x00000000020066ec                exit
 .text.__libc_init_array
                0x0000000002006714       0x54 /opt/devkitpro/devkitARM/lib/gcc/arm-none-eabi/7.1.0/../../../../arm-none-eabi/lib/thumb/libg.a(lib_a-init.o)
                0x0000000002006714                __libc_init_array
 .text.iprintf  0x0000000002006768       0x24 /opt/devkitpro/devkitARM/lib/gcc/arm-none-eabi/7.1.0/../../../../arm-none-eabi/lib/thumb/libg.a(lib_a-iprintf.o)
                0x0000000002006768                iprintf
 .text.memcpy   0x000000000200678c       0x8c /opt/devkitpro/devkitARM/lib/gcc/arm-none-eabi/7.1.0/../../../../arm-none-eabi/lib/thumb/libg.a(lib_a-memcpy-stub.o)
                0x000000000200678c                memcpy
 .text.memset   0x0000000002006818       0xa4 /opt/devkitpro/devkitARM/lib/gcc/arm-none-eabi/7.1.0/../../../../arm-none-eabi/lib/thumb/libg.a(lib_a-memset.o)
                0x0000000002006818                memset
 .text.rand     0x00000000020068bc       0x34 /opt/devkitpro/devkitARM/lib/gcc/arm-none-eabi/7.1.0/../../../../arm-none-eabi/lib/thumb/libg.a(lib_a-rand.o)
                0x00000000020068bc                rand
 .text.setvbuf  0x00000000020068f0      0x194 /opt/devkitpro/devkitARM/lib/gcc/arm-none-eabi/7.1.0/../../../../arm-none-eabi/lib/thumb/libg.a(lib_a-setvbuf.o)
                0x00000000020068f0                setvbuf
 .text.siscanf  0x0000000002006a84       0x4c /opt/devkitpro/devkitARM/lib/gcc/arm-none-eabi/7.1.0/../../../../arm-none-eabi/lib/thumb/libg.a(lib_a-siscanf.o)
                0x0000000002006a84                siscanf
 .text.__sread  0x0000000002006ad0       0x34 /opt/devkitpro/devkitARM/lib/gcc/arm-none-eabi/7.1.0/../../../../arm-none-eabi/lib/thumb/libg.a(lib_a-stdio.o)
                0x0000000002006ad0                __sread
 .text.__seofread
                0x0000000002006b04        0x4 /opt/devkitpro/devkitARM/lib/gcc/arm-none-eabi/7.1.0/../../../../arm-none-eabi/lib/thumb/libg.a(lib_a-stdio.o)
                0x0000000002006b04                __seofread
 .text.__swrite
                0x0000000002006b08       0x48 /opt/devkitpro/devkitARM/lib/gcc/arm-none-eabi/7.1.0/../../../../arm-none-eabi/lib/thumb/libg.a(lib_a-stdio.o)
                0x0000000002006b08                __swrite
 .text.__sseek  0x0000000002006b50       0x40 /opt/devkitpro/devkitARM/lib/gcc/arm-none-eabi/7.1.0/../../../../arm-none-eabi/lib/thumb/libg.a(lib_a-stdio.o)
                0x0000000002006b50                __sseek
 .text.__sclose
                0x0000000002006b90       0x10 /opt/devkitpro/devkitARM/lib/gcc/arm-none-eabi/7.1.0/../../../../arm-none-eabi/lib/thumb/libg.a(lib_a-stdio.o)
                0x0000000002006b90                __sclose
 .text.strlen   0x0000000002006ba0       0x68 /opt/devkitpro/devkitARM/lib/gcc/arm-none-eabi/7.1.0/../../../../arm-none-eabi/lib/thumb/libg.a(lib_a-strlen-stub.o)
                0x0000000002006ba0                strlen
 .text._sungetc_r
                0x0000000002006c08       0x88 /opt/devkitpro/devkitARM/lib/gcc/arm-none-eabi/7.1.0/../../../../arm-none-eabi/lib/thumb/libg.a(lib_a-svfiscanf.o)
                0x0000000002006c08                _sungetc_r
 .text.__ssrefill_r
                0x0000000002006c90       0x44 /opt/devkitpro/devkitARM/lib/gcc/arm-none-eabi/7.1.0/../../../../arm-none-eabi/lib/thumb/libg.a(lib_a-svfiscanf.o)
                0x0000000002006c90                __ssrefill_r
 .text._sfread_r
                0x0000000002006cd4       0x90 /opt/devkitpro/devkitARM/lib/gcc/arm-none-eabi/7.1.0/../../../../arm-none-eabi/lib/thumb/libg.a(lib_a-svfiscanf.o)
                0x0000000002006cd4                _sfread_r
 .text.__ssvfiscanf_r
                0x0000000002006d64     0x1344 /opt/devkitpro/devkitARM/lib/gcc/arm-none-eabi/7.1.0/../../../../arm-none-eabi/lib/thumb/libg.a(lib_a-svfiscanf.o)
                0x0000000002006d64                __ssvfiscanf_r
 .text.__submore
                0x00000000020080a8       0x88 /opt/devkitpro/devkitARM/lib/gcc/arm-none-eabi/7.1.0/../../../../arm-none-eabi/lib/thumb/libg.a(lib_a-ungetc.o)
                0x00000000020080a8                __submore
 .text.get_arg  0x0000000002008130     0x3b24 /opt/devkitpro/devkitARM/lib/gcc/arm-none-eabi/7.1.0/../../../../arm-none-eabi/lib/thumb/libg.a(lib_a-vfiprintf.o)
 .text.__sprint_r.part.0
                0x000000000200bc54       0x14 /opt/devkitpro/devkitARM/lib/gcc/arm-none-eabi/7.1.0/../../../../arm-none-eabi/lib/thumb/libg.a(lib_a-vfiprintf.o)
 .text._vfiprintf_r
                0x000000000200bc68     0x1c48 /opt/devkitpro/devkitARM/lib/gcc/arm-none-eabi/7.1.0/../../../../arm-none-eabi/lib/thumb/libg.a(lib_a-vfiprintf.o)
                0x000000000200bc68                _vfiprintf_r
 .text.__sbprintf
                0x000000000200d8b0       0x8c /opt/devkitpro/devkitARM/lib/gcc/arm-none-eabi/7.1.0/../../../../arm-none-eabi/lib/thumb/libg.a(lib_a-vfiprintf.o)
 .text.viprintf
                0x000000000200d93c       0x1c /opt/devkitpro/devkitARM/lib/gcc/arm-none-eabi/7.1.0/../../../../arm-none-eabi/lib/thumb/libg.a(lib_a-viprintf.o)
                0x000000000200d93c                viprintf
 .text._wcrtomb_r
                0x000000000200d958       0x84 /opt/devkitpro/devkitARM/lib/gcc/arm-none-eabi/7.1.0/../../../../arm-none-eabi/lib/thumb/libg.a(lib_a-wcrtomb.o)
                0x000000000200d958                _wcrtomb_r
 .text._wcsrtombs_r
                0x000000000200d9dc       0x1c /opt/devkitpro/devkitARM/lib/gcc/arm-none-eabi/7.1.0/../../../../arm-none-eabi/lib/thumb/libg.a(lib_a-wcsrtombs.o)
                0x000000000200d9dc                _wcsrtombs_r
 .text.__swsetup_r
                0x000000000200d9f8       0xd8 /opt/devkitpro/devkitARM/lib/gcc/arm-none-eabi/7.1.0/../../../../arm-none-eabi/lib/thumb/libg.a(lib_a-wsetup.o)
                0x000000000200d9f8                __swsetup_r
 .text.__call_exitprocs
                0x000000000200dad0      0x11c /opt/devkitpro/devkitARM/lib/gcc/arm-none-eabi/7.1.0/../../../../arm-none-eabi/lib/thumb/libg.a(lib_a-__call_atexit.o)
                0x000000000200dad0                __call_exitprocs
 .text.__sflush_r
                0x000000000200dbec      0x19c /opt/devkitpro/devkitARM/lib/gcc/arm-none-eabi/7.1.0/../../../../arm-none-eabi/lib/thumb/libg.a(lib_a-fflush.o)
                0x000000000200dbec                __sflush_r
 .text._fflush_r
                0x000000000200dd88       0x58 /opt/devkitpro/devkitARM/lib/gcc/arm-none-eabi/7.1.0/../../../../arm-none-eabi/lib/thumb/libg.a(lib_a-fflush.o)
                0x000000000200dd88                _fflush_r
 .text._cleanup_r
                0x000000000200dde0       0x14 /opt/devkitpro/devkitARM/lib/gcc/arm-none-eabi/7.1.0/../../../../arm-none-eabi/lib/thumb/libg.a(lib_a-findfp.o)
                0x000000000200dde0                _cleanup_r
 .text.std.isra.0
                0x000000000200ddf4       0x54 /opt/devkitpro/devkitARM/lib/gcc/arm-none-eabi/7.1.0/../../../../arm-none-eabi/lib/thumb/libg.a(lib_a-findfp.o)
 .text.__sinit  0x000000000200de48       0x64 /opt/devkitpro/devkitARM/lib/gcc/arm-none-eabi/7.1.0/../../../../arm-none-eabi/lib/thumb/libg.a(lib_a-findfp.o)
                0x000000000200de48                __sinit
 .text.__sfp_lock_acquire
                0x000000000200deac       0x14 /opt/devkitpro/devkitARM/lib/gcc/arm-none-eabi/7.1.0/../../../../arm-none-eabi/lib/thumb/libg.a(lib_a-findfp.o)
                0x000000000200deac                __sfp_lock_acquire
 .text.__sfp_lock_release
                0x000000000200dec0       0x14 /opt/devkitpro/devkitARM/lib/gcc/arm-none-eabi/7.1.0/../../../../arm-none-eabi/lib/thumb/libg.a(lib_a-findfp.o)
                0x000000000200dec0                __sfp_lock_release
 .text._malloc_trim_r
                0x000000000200ded4       0xa4 /opt/devkitpro/devkitARM/lib/gcc/arm-none-eabi/7.1.0/../../../../arm-none-eabi/lib/thumb/libg.a(lib_a-freer.o)
                0x000000000200ded4                _malloc_trim_r
 .text._free_r  0x000000000200df78      0x1d8 /opt/devkitpro/devkitARM/lib/gcc/arm-none-eabi/7.1.0/../../../../arm-none-eabi/lib/thumb/libg.a(lib_a-freer.o)
                0x000000000200df78                _free_r
 .text.__sfvwrite_r
                0x000000000200e150      0x328 /opt/devkitpro/devkitARM/lib/gcc/arm-none-eabi/7.1.0/../../../../arm-none-eabi/lib/thumb/libg.a(lib_a-fvwrite.o)
                0x000000000200e150                __sfvwrite_r
 .text._fwalk_reent
                0x000000000200e478       0x54 /opt/devkitpro/devkitARM/lib/gcc/arm-none-eabi/7.1.0/../../../../arm-none-eabi/lib/thumb/libg.a(lib_a-fwalk.o)
                0x000000000200e478                _fwalk_reent
 .text.iswspace
                0x000000000200e4cc       0x78 /opt/devkitpro/devkitARM/lib/gcc/arm-none-eabi/7.1.0/../../../../arm-none-eabi/lib/thumb/libg.a(lib_a-iswspace.o)
                0x000000000200e4cc                iswspace
 .text.__jp2uc  0x000000000200e544      0x1a0 /opt/devkitpro/devkitARM/lib/gcc/arm-none-eabi/7.1.0/../../../../arm-none-eabi/lib/thumb/libg.a(lib_a-jp2uc.o)
 .text._jp2uc   0x000000000200e6e4       0x8c /opt/devkitpro/devkitARM/lib/gcc/arm-none-eabi/7.1.0/../../../../arm-none-eabi/lib/thumb/libg.a(lib_a-jp2uc.o)
                0x000000000200e6e4                _jp2uc
 .text._localeconv_r
                0x000000000200e770       0x1c /opt/devkitpro/devkitARM/lib/gcc/arm-none-eabi/7.1.0/../../../../arm-none-eabi/lib/thumb/libg.a(lib_a-localeconv.o)
                0x000000000200e770                _localeconv_r
 .text.__locale_mb_cur_max
                0x000000000200e78c       0x20 /opt/devkitpro/devkitARM/lib/gcc/arm-none-eabi/7.1.0/../../../../arm-none-eabi/lib/thumb/libg.a(lib_a-locale.o)
                0x000000000200e78c                __locale_mb_cur_max
 .text.__locale_ctype_ptr_l
                0x000000000200e7ac        0x8 /opt/devkitpro/devkitARM/lib/gcc/arm-none-eabi/7.1.0/../../../../arm-none-eabi/lib/thumb/libg.a(lib_a-locale.o)
                0x000000000200e7ac                __locale_ctype_ptr_l
 .text.__locale_ctype_ptr
                0x000000000200e7b4       0x1c /opt/devkitpro/devkitARM/lib/gcc/arm-none-eabi/7.1.0/../../../../arm-none-eabi/lib/thumb/libg.a(lib_a-locale.o)
                0x000000000200e7b4                __locale_ctype_ptr
 .text.__swhatbuf_r
                0x000000000200e7d0       0x64 /opt/devkitpro/devkitARM/lib/gcc/arm-none-eabi/7.1.0/../../../../arm-none-eabi/lib/thumb/libg.a(lib_a-makebuf.o)
                0x000000000200e7d0                __swhatbuf_r
 .text.__smakebuf_r
                0x000000000200e834       0x98 /opt/devkitpro/devkitARM/lib/gcc/arm-none-eabi/7.1.0/../../../../arm-none-eabi/lib/thumb/libg.a(lib_a-makebuf.o)
                0x000000000200e834                __smakebuf_r
 .text.malloc   0x000000000200e8cc       0x14 /opt/devkitpro/devkitARM/lib/gcc/arm-none-eabi/7.1.0/../../../../arm-none-eabi/lib/thumb/libg.a(lib_a-malloc.o)
                0x000000000200e8cc                malloc
 .text.free     0x000000000200e8e0       0x14 /opt/devkitpro/devkitARM/lib/gcc/arm-none-eabi/7.1.0/../../../../arm-none-eabi/lib/thumb/libg.a(lib_a-malloc.o)
                0x000000000200e8e0                free
 .text._malloc_r
                0x000000000200e8f4      0x56c /opt/devkitpro/devkitARM/lib/gcc/arm-none-eabi/7.1.0/../../../../arm-none-eabi/lib/thumb/libg.a(lib_a-mallocr.o)
                0x000000000200e8f4                _malloc_r
 .text._mbrtowc_r
                0x000000000200ee60       0x94 /opt/devkitpro/devkitARM/lib/gcc/arm-none-eabi/7.1.0/../../../../arm-none-eabi/lib/thumb/libg.a(lib_a-mbrtowc.o)
                0x000000000200ee60                _mbrtowc_r
 .text.__utf8_mbtowc
                0x000000000200eef4      0x28c /opt/devkitpro/devkitARM/lib/gcc/arm-none-eabi/7.1.0/../../../../arm-none-eabi/lib/thumb/libg.a(lib_a-mbtowc_r.o)
                0x000000000200eef4                __utf8_mbtowc
 .text.memchr   0x000000000200f180       0x84 /opt/devkitpro/devkitARM/lib/gcc/arm-none-eabi/7.1.0/../../../../arm-none-eabi/lib/thumb/libg.a(lib_a-memchr-stub.o)
                0x000000000200f180                memchr
 .text.memmove  0x000000000200f204       0xa0 /opt/devkitpro/devkitARM/lib/gcc/arm-none-eabi/7.1.0/../../../../arm-none-eabi/lib/thumb/libg.a(lib_a-memmove.o)
                0x000000000200f204                memmove
 .text.__malloc_lock
                0x000000000200f2a4       0x14 /opt/devkitpro/devkitARM/lib/gcc/arm-none-eabi/7.1.0/../../../../arm-none-eabi/lib/thumb/libg.a(lib_a-mlock.o)
                0x000000000200f2a4                __malloc_lock
 .text.__malloc_unlock
                0x000000000200f2b8       0x14 /opt/devkitpro/devkitARM/lib/gcc/arm-none-eabi/7.1.0/../../../../arm-none-eabi/lib/thumb/libg.a(lib_a-mlock.o)
                0x000000000200f2b8                __malloc_unlock
 .text._realloc_r
                0x000000000200f2cc      0x3c4 /opt/devkitpro/devkitARM/lib/gcc/arm-none-eabi/7.1.0/../../../../arm-none-eabi/lib/thumb/libg.a(lib_a-reallocr.o)
                0x000000000200f2cc                _realloc_r
 .text.__sccl   0x000000000200f690       0x7c /opt/devkitpro/devkitARM/lib/gcc/arm-none-eabi/7.1.0/../../../../arm-none-eabi/lib/thumb/libg.a(lib_a-sccl.o)
                0x000000000200f690                __sccl
 .text.strncpy  0x000000000200f70c       0x90 /opt/devkitpro/devkitARM/lib/gcc/arm-none-eabi/7.1.0/../../../../arm-none-eabi/lib/thumb/libg.a(lib_a-strncpy.o)
                0x000000000200f70c                strncpy
 .text._strtoll_l.isra.0
                0x000000000200f79c      0x1bc /opt/devkitpro/devkitARM/lib/gcc/arm-none-eabi/7.1.0/../../../../arm-none-eabi/lib/thumb/libg.a(lib_a-strtoll.o)
 .text._strtoll_r
                0x000000000200f958       0x34 /opt/devkitpro/devkitARM/lib/gcc/arm-none-eabi/7.1.0/../../../../arm-none-eabi/lib/thumb/libg.a(lib_a-strtoll.o)
                0x000000000200f958                _strtoll_r
 .text._strtol_l.isra.0
                0x000000000200f98c      0x140 /opt/devkitpro/devkitARM/lib/gcc/arm-none-eabi/7.1.0/../../../../arm-none-eabi/lib/thumb/libg.a(lib_a-strtol.o)
 .text._strtol_r
                0x000000000200facc       0x34 /opt/devkitpro/devkitARM/lib/gcc/arm-none-eabi/7.1.0/../../../../arm-none-eabi/lib/thumb/libg.a(lib_a-strtol.o)
                0x000000000200facc                _strtol_r
 .text._strtoull_l.isra.0
                0x000000000200fb00      0x1c8 /opt/devkitpro/devkitARM/lib/gcc/arm-none-eabi/7.1.0/../../../../arm-none-eabi/lib/thumb/libg.a(lib_a-strtoull.o)
 .text._strtoull_r
                0x000000000200fcc8       0x34 /opt/devkitpro/devkitARM/lib/gcc/arm-none-eabi/7.1.0/../../../../arm-none-eabi/lib/thumb/libg.a(lib_a-strtoull.o)
                0x000000000200fcc8                _strtoull_r
 .text._strtoul_l.isra.0
                0x000000000200fcfc      0x14c /opt/devkitpro/devkitARM/lib/gcc/arm-none-eabi/7.1.0/../../../../arm-none-eabi/lib/thumb/libg.a(lib_a-strtoul.o)
 .text._strtoul_r
                0x000000000200fe48       0x34 /opt/devkitpro/devkitARM/lib/gcc/arm-none-eabi/7.1.0/../../../../arm-none-eabi/lib/thumb/libg.a(lib_a-strtoul.o)
                0x000000000200fe48                _strtoul_r
 .text._wcsnrtombs_l
                0x000000000200fe7c      0x110 /opt/devkitpro/devkitARM/lib/gcc/arm-none-eabi/7.1.0/../../../../arm-none-eabi/lib/thumb/libg.a(lib_a-wcsnrtombs.o)
                0x000000000200fe7c                _wcsnrtombs_l
 .text._wcsnrtombs_r
                0x000000000200ff8c       0x40 /opt/devkitpro/devkitARM/lib/gcc/arm-none-eabi/7.1.0/../../../../arm-none-eabi/lib/thumb/libg.a(lib_a-wcsnrtombs.o)
                0x000000000200ff8c                _wcsnrtombs_r
 .text.__utf8_wctomb
                0x000000000200ffcc       0xbc /opt/devkitpro/devkitARM/lib/gcc/arm-none-eabi/7.1.0/../../../../arm-none-eabi/lib/thumb/libg.a(lib_a-wctomb_r.o)
                0x000000000200ffcc                __utf8_wctomb
 .text._fclose_r
                0x0000000002010088       0xe0 /opt/devkitpro/devkitARM/lib/gcc/arm-none-eabi/7.1.0/../../../../arm-none-eabi/lib/thumb/libg.a(lib_a-fclose.o)
                0x0000000002010088                _fclose_r
 .text.null_write
                0x0000000002010168        0x4 /opt/devkitpro/devkitARM/lib/gcc/arm-none-eabi/7.1.0/../../../../arm-none-eabi/lib/thumb/libsysbase.a(iosupport.o)
 .text._close_r
                0x000000000201016c       0x5c /opt/devkitpro/devkitARM/lib/gcc/arm-none-eabi/7.1.0/../../../../arm-none-eabi/lib/thumb/libsysbase.a(close.o)
                0x000000000201016c                _close_r
 .text._fstat_r
                0x00000000020101c8       0x4c /opt/devkitpro/devkitARM/lib/gcc/arm-none-eabi/7.1.0/../../../../arm-none-eabi/lib/thumb/libsysbase.a(fstat.o)
                0x00000000020101c8                _fstat_r
 .text._isatty_r
                0x0000000002010214        0x4 /opt/devkitpro/devkitARM/lib/gcc/arm-none-eabi/7.1.0/../../../../arm-none-eabi/lib/thumb/libsysbase.a(isatty.o)
                0x0000000002010214                _isatty_r
 .text._lseek_r
                0x0000000002010218       0x5c /opt/devkitpro/devkitARM/lib/gcc/arm-none-eabi/7.1.0/../../../../arm-none-eabi/lib/thumb/libsysbase.a(lseek.o)
                0x0000000002010218                _lseek_r
 .text._read_r  0x0000000002010274       0x50 /opt/devkitpro/devkitARM/lib/gcc/arm-none-eabi/7.1.0/../../../../arm-none-eabi/lib/thumb/libsysbase.a(read.o)
                0x0000000002010274                _read_r
 .text._sbrk_r  0x00000000020102c4       0x54 /opt/devkitpro/devkitARM/lib/gcc/arm-none-eabi/7.1.0/../../../../arm-none-eabi/lib/thumb/libsysbase.a(sbrk.o)
                0x00000000020102c4                _sbrk_r
 .text._write_r
                0x0000000002010318       0x50 /opt/devkitpro/devkitARM/lib/gcc/arm-none-eabi/7.1.0/../../../../arm-none-eabi/lib/thumb/libsysbase.a(write.o)
                0x0000000002010318                _write_r
 .text._exit    0x0000000002010368       0x18 /opt/devkitpro/devkitARM/lib/gcc/arm-none-eabi/7.1.0/../../../../arm-none-eabi/lib/thumb/libsysbase.a(_exit.o)
                0x0000000002010368                _exit
 .text.build_argv
                0x0000000002010380       0x4c /opt/devkitpro/devkitARM/lib/gcc/arm-none-eabi/7.1.0/../../../../arm-none-eabi/lib/thumb/libsysbase.a(build_argv.o)
                0x0000000002010380                build_argv
 .text.__flockfile
                0x00000000020103cc       0x10 /opt/devkitpro/devkitARM/lib/gcc/arm-none-eabi/7.1.0/../../../../arm-none-eabi/lib/thumb/libsysbase.a(flock.o)
                0x00000000020103cc                __flockfile
 .text.__funlockfile
                0x00000000020103dc       0x10 /opt/devkitpro/devkitARM/lib/gcc/arm-none-eabi/7.1.0/../../../../arm-none-eabi/lib/thumb/libsysbase.a(flock.o)
                0x00000000020103dc                __funlockfile
 .text.__libc_lock_acquire
                0x00000000020103ec       0x1c /opt/devkitpro/devkitARM/lib/gcc/arm-none-eabi/7.1.0/../../../../arm-none-eabi/lib/thumb/libsysbase.a(syscall_support.o)
                0x00000000020103ec                __libc_lock_acquire
 .text.__libc_lock_release
                0x0000000002010408       0x1c /opt/devkitpro/devkitARM/lib/gcc/arm-none-eabi/7.1.0/../../../../arm-none-eabi/lib/thumb/libsysbase.a(syscall_support.o)
                0x0000000002010408                __libc_lock_release
 .text.__libc_lock_init_recursive
                0x0000000002010424       0x1c /opt/devkitpro/devkitARM/lib/gcc/arm-none-eabi/7.1.0/../../../../arm-none-eabi/lib/thumb/libsysbase.a(syscall_support.o)
                0x0000000002010424                __libc_lock_init_recursive
 .text.__libc_lock_acquire_recursive
                0x0000000002010440       0x1c /opt/devkitpro/devkitARM/lib/gcc/arm-none-eabi/7.1.0/../../../../arm-none-eabi/lib/thumb/libsysbase.a(syscall_support.o)
                0x0000000002010440                __libc_lock_acquire_recursive
 .text.__libc_lock_release_recursive
                0x000000000201045c       0x1c /opt/devkitpro/devkitARM/lib/gcc/arm-none-eabi/7.1.0/../../../../arm-none-eabi/lib/thumb/libsysbase.a(syscall_support.o)
                0x000000000201045c                __libc_lock_release_recursive
 .text.__libc_lock_close_recursive
                0x0000000002010478       0x1c /opt/devkitpro/devkitARM/lib/gcc/arm-none-eabi/7.1.0/../../../../arm-none-eabi/lib/thumb/libsysbase.a(syscall_support.o)
                0x0000000002010478                __libc_lock_close_recursive
 .text.__release_handle
                0x0000000002010494       0x6c /opt/devkitpro/devkitARM/lib/gcc/arm-none-eabi/7.1.0/../../../../arm-none-eabi/lib/thumb/libsysbase.a(handle_manager.o)
                0x0000000002010494                __release_handle
 .text.__get_handle
                0x0000000002010500       0x1c /opt/devkitpro/devkitARM/lib/gcc/arm-none-eabi/7.1.0/../../../../arm-none-eabi/lib/thumb/libsysbase.a(handle_manager.o)
                0x0000000002010500                __get_handle
 .text.__getreent
                0x000000000201051c       0x28 /opt/devkitpro/devkitARM/lib/gcc/arm-none-eabi/7.1.0/../../../../arm-none-eabi/lib/thumb/libsysbase.a(getreent.o)
                0x000000000201051c                __getreent
 .text.__muldi3
                0x0000000002010544       0x60 /opt/devkitpro/devkitARM/lib/gcc/arm-none-eabi/7.1.0/thumb/libgcc.a(_muldi3.o)
                0x0000000002010544                __aeabi_lmul
                0x0000000002010544                __muldi3
 .text.__udivmoddi4
                0x00000000020105a4      0x188 /opt/devkitpro/devkitARM/lib/gcc/arm-none-eabi/7.1.0/thumb/libgcc.a(_udivmoddi4.o)
                0x00000000020105a4                __udivmoddi4
 *fill*         0x000000000201072c        0x4 ff
 .text.__udivmoddi4.__stub
                0x0000000002010730       0x90 linker stubs
 *(EXCLUDE_FILE(*.twl*) .gnu.warning)
 *(EXCLUDE_FILE(*.twl*) .gnu.linkonce.t*)
 *(.glue_7)
 .glue_7        0x00000000020107d0        0x0 linker stubs
 *(.glue_7t)
 .glue_7t       0x00000000020107d0        0x0 linker stubs
                0x00000000020107d0                . = ALIGN (0x4)

.vfp11_veneer   0x00000000020107d0        0x0
 .vfp11_veneer  0x00000000020107d0        0x0 linker stubs

.v4_bx          0x00000000020107d0        0x0
 .v4_bx         0x00000000020107d0        0x0 linker stubs

.iplt           0x00000000020107d0        0x0
 .iplt          0x00000000020107d0        0x0 /opt/devkitpro/devkitARM/lib/gcc/arm-none-eabi/7.1.0/../../../../arm-none-eabi/lib/thumb/ds_arm9_crt0.o

.fini           0x00000000020107d0        0xc
 *(.fini)
 .fini          0x00000000020107d0        0x4 /opt/devkitpro/devkitARM/lib/gcc/arm-none-eabi/7.1.0/thumb/crti.o
                0x00000000020107d0                _fini
 .fini          0x00000000020107d4        0x8 /opt/devkitpro/devkitARM/lib/gcc/arm-none-eabi/7.1.0/thumb/crtn.o
                0x00000000020107dc                __text_end = .

.rodata         0x00000000020107dc    0x32de4
 *(EXCLUDE_FILE(*.twl*) .rodata)
 .rodata        0x00000000020107dc     0x6840 Multilayer.o
                0x00000000020107dc                Layer_1Map
                0x0000000002010fdc                Layer_2Map
                0x00000000020117dc                Layer_3Map
                0x0000000002011fdc                MultilayerPal
                0x00000000020121dc                MultilayerTiles
 .rodata        0x000000000201701c    0x19780 TextBackgrounds.o
                0x000000000201701c                Layer128x128Map
                0x000000000201721c                Layer256x256Map
                0x0000000002017a1c                Layer512x512Map
                0x0000000002019a1c                Layer1024x1024Map
                0x0000000002021a1c                Layer256x512Map
                0x0000000002022a1c                Layer512x256Map
                0x0000000002023a1c                TextBackgroundsPal
                0x0000000002023c1c                TextBackgroundsTiles
 .rodata        0x000000000203079c     0x7240 RotBackgrounds.o
                0x000000000203079c                Layer128x128rMap
                0x000000000203089c                Layer256x256rMap
                0x0000000002030c9c                Layer512x512rMap
                0x0000000002031c9c                Layer1024x1024rMap
                0x0000000002035c9c                RotBackgroundsTiles
                0x00000000020377dc                RotBackgroundsPal
 .rodata        0x00000000020379dc     0x2004 /opt/devkitpro/libnds/lib/libnds9.a(default_font.bin.o)
                0x00000000020379dc                default_font_bin
                0x00000000020399dc                default_font_bin_end
                0x00000000020399dc                default_font_bin_size
 *all.rodata*(*)
 *(EXCLUDE_FILE(*.twl*) .roda)
 *(EXCLUDE_FILE(*.twl*) .rodata.*)
 .rodata.str1.4
                0x00000000020399e0      0x1dc advanced.o
 .rodata.str1.4
                0x0000000002039bbc       0x8f scrolling.o
                                        0x117 (size before relaxing)
 .rodata.str1.4
                0x0000000002039c4b       0x88 handmade.o
 .rodata.str1.4
                0x0000000002039c4b       0x88 basic.o
 *fill*         0x0000000002039c4b        0x1 ff
 .rodata.str1.4
                0x0000000002039c4c      0x94e main.o
                                        0x952 (size before relaxing)
 *fill*         0x000000000203a59a        0x2 ff
 .rodata.str1.4
                0x000000000203a59c       0x26 functions.o
 *fill*         0x000000000203a5c2        0x2 ff
 .rodata.con_write
                0x000000000203a5c4       0xd4 /opt/devkitpro/libnds/lib/libnds9.a(console.o)
 .rodata.con_write.str1.4
                0x000000000203a698       0x30 /opt/devkitpro/libnds/lib/libnds9.a(console.o)
 .rodata.consoleClear.str1.4
                0x000000000203a6c8        0x5 /opt/devkitpro/libnds/lib/libnds9.a(console.o)
 *fill*         0x000000000203a6cd        0x3 ff
 .rodata.dotab_stdout
                0x000000000203a6d0       0x68 /opt/devkitpro/libnds/lib/libnds9.a(console.o)
 .rodata.str1.4
                0x000000000203a738       0x14 /opt/devkitpro/libnds/lib/libnds9.a(console.o)
 .rodata.__sassert.str1.4
                0x000000000203a74c       0x42 /opt/devkitpro/libnds/lib/libnds9.a(sassert.o)
 *fill*         0x000000000203a78e        0x2 ff
 .rodata.SIN_LUT
                0x000000000203a790      0x102 /opt/devkitpro/libnds/lib/libnds9.a(trig.o)
                0x000000000203a790                SIN_LUT
 *fill*         0x000000000203a892        0x2 ff
 .rodata._global_impure_ptr
                0x000000000203a894        0x4 /opt/devkitpro/devkitARM/lib/gcc/arm-none-eabi/7.1.0/../../../../arm-none-eabi/lib/thumb/libg.a(lib_a-impure.o)
                0x000000000203a894                _global_impure_ptr
 .rodata.__ssvfiscanf_r
                0x000000000203a898      0x324 /opt/devkitpro/devkitARM/lib/gcc/arm-none-eabi/7.1.0/../../../../arm-none-eabi/lib/thumb/libg.a(lib_a-svfiscanf.o)
 .rodata.basefix.6821
                0x000000000203abbc       0x22 /opt/devkitpro/devkitARM/lib/gcc/arm-none-eabi/7.1.0/../../../../arm-none-eabi/lib/thumb/libg.a(lib_a-svfiscanf.o)
 *fill*         0x000000000203abde        0x2 ff
 .rodata.get_arg
                0x000000000203abe0     0x4f8c /opt/devkitpro/devkitARM/lib/gcc/arm-none-eabi/7.1.0/../../../../arm-none-eabi/lib/thumb/libg.a(lib_a-vfiprintf.o)
 .rodata._vfiprintf_r
                0x000000000203fb6c      0x16c /opt/devkitpro/devkitARM/lib/gcc/arm-none-eabi/7.1.0/../../../../arm-none-eabi/lib/thumb/libg.a(lib_a-vfiprintf.o)
 .rodata._vfiprintf_r.str1.4
                0x000000000203fcd8       0x2f /opt/devkitpro/devkitARM/lib/gcc/arm-none-eabi/7.1.0/../../../../arm-none-eabi/lib/thumb/libg.a(lib_a-vfiprintf.o)
 *fill*         0x000000000203fd07        0x1 ff
 .rodata.blanks.7270
                0x000000000203fd08       0x10 /opt/devkitpro/devkitARM/lib/gcc/arm-none-eabi/7.1.0/../../../../arm-none-eabi/lib/thumb/libg.a(lib_a-vfiprintf.o)
 .rodata.zeroes.7271
                0x000000000203fd18       0x10 /opt/devkitpro/devkitARM/lib/gcc/arm-none-eabi/7.1.0/../../../../arm-none-eabi/lib/thumb/libg.a(lib_a-vfiprintf.o)
 .rodata.__jp2uc
                0x000000000203fd28       0x20 /opt/devkitpro/devkitARM/lib/gcc/arm-none-eabi/7.1.0/../../../../arm-none-eabi/lib/thumb/libg.a(lib_a-jp2uc.o)
 .rodata._jp2uc.str1.4
                0x000000000203fd48       0x12 /opt/devkitpro/devkitARM/lib/gcc/arm-none-eabi/7.1.0/../../../../arm-none-eabi/lib/thumb/libg.a(lib_a-jp2uc.o)
 *fill*         0x000000000203fd5a        0x2 ff
 .rodata.a1     0x000000000203fd5c       0xbc /opt/devkitpro/devkitARM/lib/gcc/arm-none-eabi/7.1.0/../../../../arm-none-eabi/lib/thumb/libg.a(lib_a-jp2uc.o)
 .rodata.a2     0x000000000203fe18       0xbc /opt/devkitpro/devkitARM/lib/gcc/arm-none-eabi/7.1.0/../../../../arm-none-eabi/lib/thumb/libg.a(lib_a-jp2uc.o)
 .rodata.a3     0x000000000203fed4       0x5b /opt/devkitpro/devkitARM/lib/gcc/arm-none-eabi/7.1.0/../../../../arm-none-eabi/lib/thumb/libg.a(lib_a-jp2uc.o)
 *fill*         0x000000000203ff2f        0x1 ff
 .rodata.a6     0x000000000203ff30       0x70 /opt/devkitpro/devkitARM/lib/gcc/arm-none-eabi/7.1.0/../../../../arm-none-eabi/lib/thumb/libg.a(lib_a-jp2uc.o)
 .rodata.a7     0x000000000203ffa0       0xa2 /opt/devkitpro/devkitARM/lib/gcc/arm-none-eabi/7.1.0/../../../../arm-none-eabi/lib/thumb/libg.a(lib_a-jp2uc.o)
 *fill*         0x0000000002040042        0x2 ff
 .rodata.a8     0x0000000002040044       0x40 /opt/devkitpro/devkitARM/lib/gcc/arm-none-eabi/7.1.0/../../../../arm-none-eabi/lib/thumb/libg.a(lib_a-jp2uc.o)
 .rodata.b02cf  0x0000000002040084     0x172a /opt/devkitpro/devkitARM/lib/gcc/arm-none-eabi/7.1.0/../../../../arm-none-eabi/lib/thumb/libg.a(lib_a-jp2uc.o)
 *fill*         0x00000000020417ae        0x2 ff
 .rodata.d02f4  0x00000000020417b0     0x1a7c /opt/devkitpro/devkitARM/lib/gcc/arm-none-eabi/7.1.0/../../../../arm-none-eabi/lib/thumb/libg.a(lib_a-jp2uc.o)
 .rodata.str1.4
                0x000000000204322c       0x48 /opt/devkitpro/devkitARM/lib/gcc/arm-none-eabi/7.1.0/../../../../arm-none-eabi/lib/thumb/libg.a(lib_a-locale.o)
                                         0x4c (size before relaxing)
 .rodata._mbrtowc_r.str1.4
                0x0000000002043274        0x1 /opt/devkitpro/devkitARM/lib/gcc/arm-none-eabi/7.1.0/../../../../arm-none-eabi/lib/thumb/libg.a(lib_a-mbrtowc.o)
 .rodata.__action_table
                0x0000000002043274       0x6c /opt/devkitpro/devkitARM/lib/gcc/arm-none-eabi/7.1.0/../../../../arm-none-eabi/lib/thumb/libg.a(lib_a-svfiprintf.o)
                0x0000000002043274                __action_table
 .rodata.__chclass
                0x00000000020432e0      0x100 /opt/devkitpro/devkitARM/lib/gcc/arm-none-eabi/7.1.0/../../../../arm-none-eabi/lib/thumb/libg.a(lib_a-svfiprintf.o)
                0x00000000020432e0                __chclass
 .rodata.__state_table
                0x00000000020433e0       0x6c /opt/devkitpro/devkitARM/lib/gcc/arm-none-eabi/7.1.0/../../../../arm-none-eabi/lib/thumb/libg.a(lib_a-svfiprintf.o)
                0x00000000020433e0                __state_table
 .rodata._ctype_
                0x000000000204344c      0x101 /opt/devkitpro/devkitARM/lib/gcc/arm-none-eabi/7.1.0/../../../../arm-none-eabi/lib/thumb/libg.a(lib_a-ctype_.o)
                0x000000000204344c                _ctype_
 *fill*         0x000000000204354d        0x3 ff
 .rodata.AddDevice.str1.4
                0x0000000002043550        0x8 /opt/devkitpro/devkitARM/lib/gcc/arm-none-eabi/7.1.0/../../../../arm-none-eabi/lib/thumb/libsysbase.a(iosupport.o)
 .rodata.dotab_stdnull
                0x0000000002043558       0x68 /opt/devkitpro/devkitARM/lib/gcc/arm-none-eabi/7.1.0/../../../../arm-none-eabi/lib/thumb/libsysbase.a(iosupport.o)
                0x0000000002043558                dotab_stdnull
 *(EXCLUDE_FILE(*.twl*) .gnu.linkonce.r*)
                0x00000000020435c0                . = ALIGN (0x4)

.ARM.extab
 *(.ARM.extab* .gnu.linkonce.armextab.*)
                0x00000000020435c0                __exidx_start = .

ARM.exidx
 *(.ARM.exidx* .gnu.linkonce.armexidx.*)
                0x00000000020435c0                __exidx_end = .
                0x00000000020435c0                . = ALIGN (0x4)
                0x00000000020435c0                PROVIDE (__preinit_array_start, .)

.preinit_array
 *(.preinit_array)
                0x00000000020435c0                PROVIDE (__preinit_array_end, .)
                0x00000000020435c0                PROVIDE (__init_array_start, .)

.init_array     0x00000000020435c0        0x4
 *(SORT(.init_array.*))
 *(.init_array)
 .init_array    0x00000000020435c0        0x4 /opt/devkitpro/devkitARM/lib/gcc/arm-none-eabi/7.1.0/thumb/crtbegin.o
                0x00000000020435c4                PROVIDE (__init_array_end, .)
                [!provide]                        PROVIDE (__fini_array_start, .)

.fini_array     0x00000000020435c4        0x4
 *(.fini_array)
 .fini_array    0x00000000020435c4        0x4 /opt/devkitpro/devkitARM/lib/gcc/arm-none-eabi/7.1.0/thumb/crtbegin.o
 *(SORT(.fini_array.*))
                [!provide]                        PROVIDE (__fini_array_end, .)

.ctors          0x00000000020435c8        0x0
 *crtbegin.o(.ctors)
 *(EXCLUDE_FILE(*crtend.o) .ctors)
 *(SORT(.ctors.*))
 *(.ctors)
                0x00000000020435c8                . = ALIGN (0x4)

.dtors          0x00000000020435c8        0x0
 *crtbegin.o(.dtors)
 *(EXCLUDE_FILE(*crtend.o) .dtors)
 *(SORT(.dtors.*))
 *(.dtors)
                0x00000000020435c8                . = ALIGN (0x4)

.eh_frame       0x00000000020435c8        0x4
 *(.eh_frame)
 .eh_frame      0x00000000020435c8        0x0 /opt/devkitpro/devkitARM/lib/gcc/arm-none-eabi/7.1.0/thumb/crtbegin.o
 .eh_frame      0x00000000020435c8        0x4 /opt/devkitpro/devkitARM/lib/gcc/arm-none-eabi/7.1.0/thumb/crtend.o
                0x00000000020435cc                . = ALIGN (0x4)

.rel.dyn        0x00000000020435cc        0x0
 .rel.iplt      0x00000000020435cc        0x0 /opt/devkitpro/devkitARM/lib/gcc/arm-none-eabi/7.1.0/../../../../arm-none-eabi/lib/thumb/ds_arm9_crt0.o

.gcc_except_table
                0x00000000020435cc        0x0
 *(.gcc_except_table)
                0x00000000020435cc                . = ALIGN (0x4)

.jcr
 *(.jcr)

.got
 *(.got.plt)
 *(.got)
 *(.rel.got)

.ewram          0x00000000020435cc        0x0
                0x00000000020435cc                __ewram_start = ABSOLUTE (.)
 *(.ewram)
 *ewram.*(.text)
                0x00000000020435cc                . = ALIGN (0x4)

.data           0x00000000020435cc     0x26b8
                0x00000000020435cc                __data_start = ABSOLUTE (.)
 *(EXCLUDE_FILE(*.twl*) .data)
 .data          0x00000000020435cc      0x908 handmade.o
                0x00000000020435cc                palette
                0x00000000020435d4                map32x32
                0x0000000002043dd4                tiles
 .data          0x0000000002043ed4      0x234 main.o
                0x0000000002043ed4                categories
                0x0000000002043f10                advancedExamples
                0x0000000002043f4c                scrollingExamples
                0x0000000002043fa0                bitmapExamples
                0x0000000002044018                basicExamples
                0x00000000020440b4                functions
 .data          0x0000000002044108       0x28 /opt/devkitpro/libnds/lib/libnds9.a(mpu_setup.o)
 *(EXCLUDE_FILE(*.twl*) .data.*)
 .data.count    0x0000000002044130        0x1 /opt/devkitpro/libnds/lib/libnds9.a(keys.o)
 .data.delay    0x0000000002044131        0x1 /opt/devkitpro/libnds/lib/libnds9.a(keys.o)
 .data.repeat   0x0000000002044132        0x1 /opt/devkitpro/libnds/lib/libnds9.a(keys.o)
 *fill*         0x0000000002044133        0x1 ff
 .data.currentConsole
                0x0000000002044134        0x4 /opt/devkitpro/libnds/lib/libnds9.a(console.o)
                0x0000000002044134                currentConsole
 .data.defaultConsole
                0x0000000002044138       0x5c /opt/devkitpro/libnds/lib/libnds9.a(console.o)
                0x0000000002044138                defaultConsole
 .data.firstConsoleInit.6490
                0x0000000002044194        0x1 /opt/devkitpro/libnds/lib/libnds9.a(console.o)
 *fill*         0x0000000002044195        0x3 ff
 .data.bgControl
                0x0000000002044198       0x20 /opt/devkitpro/libnds/lib/libnds9.a(background.o)
                0x0000000002044198                bgControl
 .data.bgScrollTable
                0x00000000020441b8       0x20 /opt/devkitpro/libnds/lib/libnds9.a(background.o)
                0x00000000020441b8                bgScrollTable
 .data.bgTransform
                0x00000000020441d8       0x20 /opt/devkitpro/libnds/lib/libnds9.a(background.o)
                0x00000000020441d8                bgTransform
 .data.fifo_buffer_free
                0x00000000020441f8        0x4 /opt/devkitpro/libnds/lib/libnds9.a(fifosystem.o)
                0x00000000020441f8                fifo_buffer_free
 .data.fifo_freewords
                0x00000000020441fc        0x4 /opt/devkitpro/libnds/lib/libnds9.a(fifosystem.o)
                0x00000000020441fc                fifo_freewords
 .data.fifo_receive_queue
                0x0000000002044200        0x4 /opt/devkitpro/libnds/lib/libnds9.a(fifosystem.o)
                0x0000000002044200                fifo_receive_queue
 .data.fifo_send_queue
                0x0000000002044204        0x4 /opt/devkitpro/libnds/lib/libnds9.a(fifosystem.o)
                0x0000000002044204                fifo_send_queue
 .data._impure_ptr
                0x0000000002044208        0x4 /opt/devkitpro/devkitARM/lib/gcc/arm-none-eabi/7.1.0/../../../../arm-none-eabi/lib/thumb/libg.a(lib_a-impure.o)
                0x0000000002044208                _impure_ptr
 *fill*         0x000000000204420c        0x4 ff
 .data.impure_data
                0x0000000002044210      0x460 /opt/devkitpro/devkitARM/lib/gcc/arm-none-eabi/7.1.0/../../../../arm-none-eabi/lib/thumb/libg.a(lib_a-impure.o)
 .data.__atexit_lock
                0x0000000002044670        0xc /opt/devkitpro/devkitARM/lib/gcc/arm-none-eabi/7.1.0/../../../../arm-none-eabi/lib/thumb/libg.a(lib_a-__call_atexit.o)
                0x0000000002044670                __atexit_lock
 .data.__sfp_lock
                0x000000000204467c        0xc /opt/devkitpro/devkitARM/lib/gcc/arm-none-eabi/7.1.0/../../../../arm-none-eabi/lib/thumb/libg.a(lib_a-findfp.o)
 .data.__sinit_lock
                0x0000000002044688        0xc /opt/devkitpro/devkitARM/lib/gcc/arm-none-eabi/7.1.0/../../../../arm-none-eabi/lib/thumb/libg.a(lib_a-findfp.o)
 .data.__global_locale
                0x0000000002044694      0x16c /opt/devkitpro/devkitARM/lib/gcc/arm-none-eabi/7.1.0/../../../../arm-none-eabi/lib/thumb/libg.a(lib_a-locale.o)
                0x0000000002044694                __global_locale
 .data.__malloc_av_
                0x0000000002044800      0x408 /opt/devkitpro/devkitARM/lib/gcc/arm-none-eabi/7.1.0/../../../../arm-none-eabi/lib/thumb/libg.a(lib_a-mallocr.o)
                0x0000000002044800                __malloc_av_
 .data.__malloc_sbrk_base
                0x0000000002044c08        0x4 /opt/devkitpro/devkitARM/lib/gcc/arm-none-eabi/7.1.0/../../../../arm-none-eabi/lib/thumb/libg.a(lib_a-mallocr.o)
                0x0000000002044c08                __malloc_sbrk_base
 .data.__malloc_trim_threshold
                0x0000000002044c0c        0x4 /opt/devkitpro/devkitARM/lib/gcc/arm-none-eabi/7.1.0/../../../../arm-none-eabi/lib/thumb/libg.a(lib_a-mallocr.o)
                0x0000000002044c0c                __malloc_trim_threshold
 .data.__malloc_lock_object
                0x0000000002044c10        0xc /opt/devkitpro/devkitARM/lib/gcc/arm-none-eabi/7.1.0/../../../../arm-none-eabi/lib/thumb/libg.a(lib_a-mlock.o)
 .data.devoptab_list
                0x0000000002044c1c       0x40 /opt/devkitpro/devkitARM/lib/gcc/arm-none-eabi/7.1.0/../../../../arm-none-eabi/lib/thumb/libsysbase.a(iosupport.o)
                0x0000000002044c1c                devoptab_list
 .data.__hndl_lock
                0x0000000002044c5c        0x4 /opt/devkitpro/devkitARM/lib/gcc/arm-none-eabi/7.1.0/../../../../arm-none-eabi/lib/thumb/libsysbase.a(handle_manager.o)
 .data.__stderr_handle
                0x0000000002044c60        0xc /opt/devkitpro/devkitARM/lib/gcc/arm-none-eabi/7.1.0/../../../../arm-none-eabi/lib/thumb/libsysbase.a(handle_manager.o)
 .data.__stdin_handle
                0x0000000002044c6c        0xc /opt/devkitpro/devkitARM/lib/gcc/arm-none-eabi/7.1.0/../../../../arm-none-eabi/lib/thumb/libsysbase.a(handle_manager.o)
 .data.__stdout_handle
                0x0000000002044c78        0xc /opt/devkitpro/devkitARM/lib/gcc/arm-none-eabi/7.1.0/../../../../arm-none-eabi/lib/thumb/libsysbase.a(handle_manager.o)
 .data.handles  0x0000000002044c84     0x1000 /opt/devkitpro/devkitARM/lib/gcc/arm-none-eabi/7.1.0/../../../../arm-none-eabi/lib/thumb/libsysbase.a(handle_manager.o)
 *(EXCLUDE_FILE(*.twl*) .gnu.linkonce.d*)
                0x0000000002045c84                . = ALIGN (0x4)
                0x0000000002045c84                __data_end = ABSOLUTE (.)
                0x0000000002045c84                __bss_vma = .

.igot.plt       0x0000000002045c84        0x0
 .igot.plt      0x0000000002045c84        0x0 /opt/devkitpro/devkitARM/lib/gcc/arm-none-eabi/7.1.0/../../../../arm-none-eabi/lib/thumb/ds_arm9_crt0.o

.tm_clone_table
                0x0000000002045c84        0x0
 .tm_clone_table
                0x0000000002045c84        0x0 /opt/devkitpro/devkitARM/lib/gcc/arm-none-eabi/7.1.0/thumb/crtbegin.o
 .tm_clone_table
                0x0000000002045c84        0x0 /opt/devkitpro/devkitARM/lib/gcc/arm-none-eabi/7.1.0/thumb/crtend.o

.dtcm           0x000000000b000000        0x0 load address 0x0000000002045c84
                0x0000000002045c84                __dtcm_lma = LOADADDR (.dtcm)
                0x000000000b000000                __dtcm_start = ABSOLUTE (.)
 *(.dtcm)
 *(.dtcm.*)
                0x000000000b000000                . = ALIGN (0x4)
                0x000000000b000000                __dtcm_end = ABSOLUTE (.)

.itcm           0x0000000001000100      0x194 load address 0x0000000002045c84
                0x0000000002045c84                __itcm_lma = LOADADDR (.itcm)
                0x0000000001000100                __itcm_start = ABSOLUTE (.)
 *(.itcm)
 .itcm          0x0000000001000100       0xc8 /opt/devkitpro/libnds/lib/libnds9.a(interrupts.o)
                0x0000000001000100                irqTable
 .itcm          0x00000000010001c8       0xcc /opt/devkitpro/libnds/lib/libnds9.a(interruptDispatcher.o)
                0x00000000010001c8                IntrMain
 *.itcm*(.text .stub .text.*)
                0x0000000001000294                . = ALIGN (0x4)
                0x0000000001000294                __itcm_end = ABSOLUTE (.)

.vectors        0x0000000001000000        0x0 load address 0x0000000002045e18
                0x0000000002045e18                __vectors_lma = LOADADDR (.vectors)
                0x0000000001000000                __vectors_start = ABSOLUTE (.)
 *(.vectors)
 *.vectors*(.text .stub .text.*)
                0x0000000001000000                . = ALIGN (0x4)
                0x0000000001000000                __vectors_end = ABSOLUTE (.)

.sbss           0x000000000b000000        0x0
                0x000000000b000000                __sbss_start = ABSOLUTE (.)
                0x000000000b000000                __sbss_start__ = ABSOLUTE (.)
 *(.sbss)
                0x000000000b000000                . = ALIGN (0x4)
                0x000000000b000000                __sbss_end = ABSOLUTE (.)

.bss            0x0000000002045c84      0xc94
                0x0000000002045c84                __bss_start = ABSOLUTE (.)
                0x0000000002045c84                __bss_start__ = ABSOLUTE (.)
 *(EXCLUDE_FILE(*.twl*) .dynbss)
 *(EXCLUDE_FILE(*.twl*) .gnu.linkonce.b*)
 *(EXCLUDE_FILE(*.twl*) .bss*)
 .bss.completed.6484
                0x0000000002045c84        0x1 /opt/devkitpro/devkitARM/lib/gcc/arm-none-eabi/7.1.0/thumb/crtbegin.o
 *fill*         0x0000000002045c85        0x3 
 .bss.object.6489
                0x0000000002045c88       0x18 /opt/devkitpro/devkitARM/lib/gcc/arm-none-eabi/7.1.0/thumb/crtbegin.o
 .bss.keys      0x0000000002045ca0        0x2 /opt/devkitpro/libnds/lib/libnds9.a(keys.o)
 .bss.keysold   0x0000000002045ca2        0x2 /opt/devkitpro/libnds/lib/libnds9.a(keys.o)
 .bss.keysrepeat
                0x0000000002045ca4        0x2 /opt/devkitpro/libnds/lib/libnds9.a(keys.o)
 .bss.mosaicShadow
                0x0000000002045ca6        0x2 /opt/devkitpro/libnds/lib/libnds9.a(shadowRegs.o)
                0x0000000002045ca6                mosaicShadow
 .bss.SDcallback
                0x0000000002045ca8        0x4 /opt/devkitpro/libnds/lib/libnds9.a(system.o)
 .bss.__timeout
                0x0000000002045cac        0x4 /opt/devkitpro/libnds/lib/libnds9.a(fifosystem.o)
 .bss.processing
                0x0000000002045cb0        0x4 /opt/devkitpro/libnds/lib/libnds9.a(fifosystem.o)
                0x0000000002045cb0                processing
 .bss.__malloc_current_mallinfo
                0x0000000002045cb4       0x28 /opt/devkitpro/devkitARM/lib/gcc/arm-none-eabi/7.1.0/../../../../arm-none-eabi/lib/thumb/libg.a(lib_a-mallocr.o)
                0x0000000002045cb4                __malloc_current_mallinfo
 .bss.__malloc_max_sbrked_mem
                0x0000000002045cdc        0x4 /opt/devkitpro/devkitARM/lib/gcc/arm-none-eabi/7.1.0/../../../../arm-none-eabi/lib/thumb/libg.a(lib_a-mallocr.o)
                0x0000000002045cdc                __malloc_max_sbrked_mem
 .bss.__malloc_max_total_mem
                0x0000000002045ce0        0x4 /opt/devkitpro/devkitARM/lib/gcc/arm-none-eabi/7.1.0/../../../../arm-none-eabi/lib/thumb/libg.a(lib_a-mallocr.o)
                0x0000000002045ce0                __malloc_max_total_mem
 .bss.__malloc_top_pad
                0x0000000002045ce4        0x4 /opt/devkitpro/devkitARM/lib/gcc/arm-none-eabi/7.1.0/../../../../arm-none-eabi/lib/thumb/libg.a(lib_a-mallocr.o)
                0x0000000002045ce4                __malloc_top_pad
 .bss.heap_start.5814
                0x0000000002045ce8        0x4 /opt/devkitpro/devkitARM/lib/gcc/arm-none-eabi/7.1.0/../../../../arm-none-eabi/lib/thumb/libsysbase.a(sbrk.o)
 .bss.fake_heap_end
                0x0000000002045cec        0x4 /opt/devkitpro/devkitARM/lib/gcc/arm-none-eabi/7.1.0/../../../../arm-none-eabi/lib/thumb/libsysbase.a(malloc_vars.o)
                0x0000000002045cec                fake_heap_end
 .bss.fake_heap_start
                0x0000000002045cf0        0x4 /opt/devkitpro/devkitARM/lib/gcc/arm-none-eabi/7.1.0/../../../../arm-none-eabi/lib/thumb/libsysbase.a(malloc_vars.o)
                0x0000000002045cf0                fake_heap_start
 .bss.__syscalls
                0x0000000002045cf4       0x38 /opt/devkitpro/devkitARM/lib/gcc/arm-none-eabi/7.1.0/../../../../arm-none-eabi/lib/thumb/libsysbase.a(syscall_support.o)
                0x0000000002045cf4                __syscalls
 *(EXCLUDE_FILE(*.twl*) COMMON)
 COMMON         0x0000000002045d2c       0x5c /opt/devkitpro/libnds/lib/libnds9.a(console.o)
                0x0000000002045d2c                currentCopy
 COMMON         0x0000000002045d88      0x148 /opt/devkitpro/libnds/lib/libnds9.a(background.o)
                0x0000000002045d88                bgState
                0x0000000002045ec8                bgIsTextLut
 COMMON         0x0000000002045ed0        0x1 /opt/devkitpro/libnds/lib/libnds9.a(initSystem.o)
                0x0000000002045ed0                __dsimode
 *fill*         0x0000000002045ed1        0x3 
 COMMON         0x0000000002045ed4      0xa40 /opt/devkitpro/libnds/lib/libnds9.a(fifosystem.o)
                0x0000000002045ed4                fifo_datamsg_data
                0x0000000002045f14                fifo_buffer
                0x0000000002046714                fifo_value32_func
                0x0000000002046754                fifo_address_func
                0x0000000002046794                fifo_value32_data
                0x00000000020467d4                fifo_value32_queue
                0x0000000002046814                fifo_data_queue
                0x0000000002046854                fifo_address_data
                0x0000000002046894                fifo_datamsg_func
                0x00000000020468d4                fifo_address_queue
 COMMON         0x0000000002046914        0x4 /opt/devkitpro/libnds/lib/libnds9.a(timeSupport.o)
                0x0000000002046914                punixTime
                0x0000000002046918                . = ALIGN (0x4)
                0x0000000002046918                __bss_end__ = ABSOLUTE (.)
                0x0000000002046918                __end__ = ABSOLUTE (.)

.twl            0x0000000002046918        0x0 load address 0x0000000002400000
                0x0000000002400000                __arm9i_lma__ = LOADADDR (.twl)
                0x0000000002046918                __arm9i_start__ = ABSOLUTE (.)
 *(.twl)
 *.twl*(.text .stub .text.* .gnu.linkonce.t.*)
 *.twl*(.rodata)
 *.twl*(.roda)
 *.twl*(.rodata.*)
 *.twl*(.data)
 *.twl*(.data.*)
 *.twl*(.gnu.linkonce.d*)
                0x0000000002046918                __arm9i_end__ = ABSOLUTE (.)

.twl_bss        0x0000000002046918        0x0
                0x0000000002046918                __twl_bss_start__ = ABSOLUTE (.)
 *(.twl_bss)
 *.twl*(.dynbss)
 *.twl*(.gnu.linkonce.b*)
 *.twl*(.bss*)
 *.twl*(COMMON)
                0x0000000002046918                . = ALIGN (0x4)
                0x0000000002046918                __twl_bss_end__ = ABSOLUTE (.)
                0x0000000002046918                __twl_end__ = ABSOLUTE (.)

.stab
 *(.stab)

.stabstr
 *(.stabstr)

.stab.excl
 *(.stab.excl)

.stab.exclstr
 *(.stab.exclstr)

.stab.index
 *(.stab.index)

.stab.indexstr
 *(.stab.indexstr)

.comment        0x0000000000000000       0x44
 *(.comment)
 .comment       0x0000000000000000       0x22 /opt/devkitpro/devkitARM/lib/gcc/arm-none-eabi/7.1.0/thumb/crtbegin.o
                                         0x23 (size before relaxing)
 .comment       0x0000000000000022       0x23 advanced.o
 .comment       0x0000000000000022       0x23 scrolling.o
 .comment       0x0000000000000022       0x23 handmade.o
 .comment       0x0000000000000022       0x23 basic.o
 .comment       0x0000000000000022       0x23 main.o
 .comment       0x0000000000000022       0x23 functions.o
 .comment       0x0000000000000022       0x22 /opt/devkitpro/libnds/lib/libnds9.a(keys.o)
                                         0x23 (size before relaxing)
 .comment       0x0000000000000044       0x23 /opt/devkitpro/libnds/lib/libnds9.a(shadowRegs.o)
 .comment       0x0000000000000044       0x23 /opt/devkitpro/libnds/lib/libnds9.a(console.o)
 .comment       0x0000000000000044       0x23 /opt/devkitpro/libnds/lib/libnds9.a(system.o)
 .comment       0x0000000000000044       0x23 /opt/devkitpro/libnds/lib/libnds9.a(sassert.o)
 .comment       0x0000000000000044       0x23 /opt/devkitpro/libnds/lib/libnds9.a(background.o)
 .comment       0x0000000000000044       0x23 /opt/devkitpro/libnds/lib/libnds9.a(securearea.o)
 .comment       0x0000000000000044       0x23 /opt/devkitpro/libnds/lib/libnds9.a(initSystem.o)
 .comment       0x0000000000000044       0x23 /opt/devkitpro/libnds/lib/libnds9.a(fifosystem.o)
 .comment       0x0000000000000044       0x23 /opt/devkitpro/libnds/lib/libnds9.a(libnds_exit.arm.o)
 .comment       0x0000000000000044       0x23 /opt/devkitpro/libnds/lib/libnds9.a(interrupts.o)
 .comment       0x0000000000000044       0x23 /opt/devkitpro/libnds/lib/libnds9.a(trig.o)
 .comment       0x0000000000000044       0x23 /opt/devkitpro/libnds/lib/libnds9.a(video.o)
 .comment       0x0000000000000044       0x23 /opt/devkitpro/libnds/lib/libnds9.a(timeSupport.o)
 .comment       0x0000000000000044       0x23 /opt/devkitpro/devkitARM/lib/gcc/arm-none-eabi/7.1.0/../../../../arm-none-eabi/lib/thumb/libg.a(lib_a-exit.o)
 .comment       0x0000000000000044       0x23 /opt/devkitpro/devkitARM/lib/gcc/arm-none-eabi/7.1.0/../../../../arm-none-eabi/lib/thumb/libg.a(lib_a-impure.o)
 .comment       0x0000000000000044       0x23 /opt/devkitpro/devkitARM/lib/gcc/arm-none-eabi/7.1.0/../../../../arm-none-eabi/lib/thumb/libg.a(lib_a-init.o)
 .comment       0x0000000000000044       0x23 /opt/devkitpro/devkitARM/lib/gcc/arm-none-eabi/7.1.0/../../../../arm-none-eabi/lib/thumb/libg.a(lib_a-iprintf.o)
 .comment       0x0000000000000044       0x23 /opt/devkitpro/devkitARM/lib/gcc/arm-none-eabi/7.1.0/../../../../arm-none-eabi/lib/thumb/libg.a(lib_a-memcpy-stub.o)
 .comment       0x0000000000000044       0x23 /opt/devkitpro/devkitARM/lib/gcc/arm-none-eabi/7.1.0/../../../../arm-none-eabi/lib/thumb/libg.a(lib_a-memset.o)
 .comment       0x0000000000000044       0x23 /opt/devkitpro/devkitARM/lib/gcc/arm-none-eabi/7.1.0/../../../../arm-none-eabi/lib/thumb/libg.a(lib_a-rand.o)
 .comment       0x0000000000000044       0x23 /opt/devkitpro/devkitARM/lib/gcc/arm-none-eabi/7.1.0/../../../../arm-none-eabi/lib/thumb/libg.a(lib_a-setvbuf.o)
 .comment       0x0000000000000044       0x23 /opt/devkitpro/devkitARM/lib/gcc/arm-none-eabi/7.1.0/../../../../arm-none-eabi/lib/thumb/libg.a(lib_a-siscanf.o)
 .comment       0x0000000000000044       0x23 /opt/devkitpro/devkitARM/lib/gcc/arm-none-eabi/7.1.0/../../../../arm-none-eabi/lib/thumb/libg.a(lib_a-stdio.o)
 .comment       0x0000000000000044       0x23 /opt/devkitpro/devkitARM/lib/gcc/arm-none-eabi/7.1.0/../../../../arm-none-eabi/lib/thumb/libg.a(lib_a-strlen-stub.o)
 .comment       0x0000000000000044       0x23 /opt/devkitpro/devkitARM/lib/gcc/arm-none-eabi/7.1.0/../../../../arm-none-eabi/lib/thumb/libg.a(lib_a-svfiscanf.o)
 .comment       0x0000000000000044       0x23 /opt/devkitpro/devkitARM/lib/gcc/arm-none-eabi/7.1.0/../../../../arm-none-eabi/lib/thumb/libg.a(lib_a-ungetc.o)
 .comment       0x0000000000000044       0x23 /opt/devkitpro/devkitARM/lib/gcc/arm-none-eabi/7.1.0/../../../../arm-none-eabi/lib/thumb/libg.a(lib_a-vfiprintf.o)
 .comment       0x0000000000000044       0x23 /opt/devkitpro/devkitARM/lib/gcc/arm-none-eabi/7.1.0/../../../../arm-none-eabi/lib/thumb/libg.a(lib_a-viprintf.o)
 .comment       0x0000000000000044       0x23 /opt/devkitpro/devkitARM/lib/gcc/arm-none-eabi/7.1.0/../../../../arm-none-eabi/lib/thumb/libg.a(lib_a-wcrtomb.o)
 .comment       0x0000000000000044       0x23 /opt/devkitpro/devkitARM/lib/gcc/arm-none-eabi/7.1.0/../../../../arm-none-eabi/lib/thumb/libg.a(lib_a-wcsrtombs.o)
 .comment       0x0000000000000044       0x23 /opt/devkitpro/devkitARM/lib/gcc/arm-none-eabi/7.1.0/../../../../arm-none-eabi/lib/thumb/libg.a(lib_a-wsetup.o)
 .comment       0x0000000000000044       0x23 /opt/devkitpro/devkitARM/lib/gcc/arm-none-eabi/7.1.0/../../../../arm-none-eabi/lib/thumb/libg.a(lib_a-__call_atexit.o)
 .comment       0x0000000000000044       0x23 /opt/devkitpro/devkitARM/lib/gcc/arm-none-eabi/7.1.0/../../../../arm-none-eabi/lib/thumb/libg.a(lib_a-fflush.o)
 .comment       0x0000000000000044       0x23 /opt/devkitpro/devkitARM/lib/gcc/arm-none-eabi/7.1.0/../../../../arm-none-eabi/lib/thumb/libg.a(lib_a-findfp.o)
 .comment       0x0000000000000044       0x23 /opt/devkitpro/devkitARM/lib/gcc/arm-none-eabi/7.1.0/../../../../arm-none-eabi/lib/thumb/libg.a(lib_a-freer.o)
 .comment       0x0000000000000044       0x23 /opt/devkitpro/devkitARM/lib/gcc/arm-none-eabi/7.1.0/../../../../arm-none-eabi/lib/thumb/libg.a(lib_a-fvwrite.o)
 .comment       0x0000000000000044       0x23 /opt/devkitpro/devkitARM/lib/gcc/arm-none-eabi/7.1.0/../../../../arm-none-eabi/lib/thumb/libg.a(lib_a-fwalk.o)
 .comment       0x0000000000000044       0x23 /opt/devkitpro/devkitARM/lib/gcc/arm-none-eabi/7.1.0/../../../../arm-none-eabi/lib/thumb/libg.a(lib_a-iswspace.o)
 .comment       0x0000000000000044       0x23 /opt/devkitpro/devkitARM/lib/gcc/arm-none-eabi/7.1.0/../../../../arm-none-eabi/lib/thumb/libg.a(lib_a-jp2uc.o)
 .comment       0x0000000000000044       0x23 /opt/devkitpro/devkitARM/lib/gcc/arm-none-eabi/7.1.0/../../../../arm-none-eabi/lib/thumb/libg.a(lib_a-localeconv.o)
 .comment       0x0000000000000044       0x23 /opt/devkitpro/devkitARM/lib/gcc/arm-none-eabi/7.1.0/../../../../arm-none-eabi/lib/thumb/libg.a(lib_a-locale.o)
 .comment       0x0000000000000044       0x23 /opt/devkitpro/devkitARM/lib/gcc/arm-none-eabi/7.1.0/../../../../arm-none-eabi/lib/thumb/libg.a(lib_a-makebuf.o)
 .comment       0x0000000000000044       0x23 /opt/devkitpro/devkitARM/lib/gcc/arm-none-eabi/7.1.0/../../../../arm-none-eabi/lib/thumb/libg.a(lib_a-malloc.o)
 .comment       0x0000000000000044       0x23 /opt/devkitpro/devkitARM/lib/gcc/arm-none-eabi/7.1.0/../../../../arm-none-eabi/lib/thumb/libg.a(lib_a-mallocr.o)
 .comment       0x0000000000000044       0x23 /opt/devkitpro/devkitARM/lib/gcc/arm-none-eabi/7.1.0/../../../../arm-none-eabi/lib/thumb/libg.a(lib_a-mbrtowc.o)
 .comment       0x0000000000000044       0x23 /opt/devkitpro/devkitARM/lib/gcc/arm-none-eabi/7.1.0/../../../../arm-none-eabi/lib/thumb/libg.a(lib_a-mbtowc_r.o)
 .comment       0x0000000000000044       0x23 /opt/devkitpro/devkitARM/lib/gcc/arm-none-eabi/7.1.0/../../../../arm-none-eabi/lib/thumb/libg.a(lib_a-memchr-stub.o)
 .comment       0x0000000000000044       0x23 /opt/devkitpro/devkitARM/lib/gcc/arm-none-eabi/7.1.0/../../../../arm-none-eabi/lib/thumb/libg.a(lib_a-memmove.o)
 .comment       0x0000000000000044       0x23 /opt/devkitpro/devkitARM/lib/gcc/arm-none-eabi/7.1.0/../../../../arm-none-eabi/lib/thumb/libg.a(lib_a-mlock.o)
 .comment       0x0000000000000044       0x23 /opt/devkitpro/devkitARM/lib/gcc/arm-none-eabi/7.1.0/../../../../arm-none-eabi/lib/thumb/libg.a(lib_a-reallocr.o)
 .comment       0x0000000000000044       0x23 /opt/devkitpro/devkitARM/lib/gcc/arm-none-eabi/7.1.0/../../../../arm-none-eabi/lib/thumb/libg.a(lib_a-sccl.o)
 .comment       0x0000000000000044       0x23 /opt/devkitpro/devkitARM/lib/gcc/arm-none-eabi/7.1.0/../../../../arm-none-eabi/lib/thumb/libg.a(lib_a-strncpy.o)
 .comment       0x0000000000000044       0x23 /opt/devkitpro/devkitARM/lib/gcc/arm-none-eabi/7.1.0/../../../../arm-none-eabi/lib/thumb/libg.a(lib_a-strtoll.o)
 .comment       0x0000000000000044       0x23 /opt/devkitpro/devkitARM/lib/gcc/arm-none-eabi/7.1.0/../../../../arm-none-eabi/lib/thumb/libg.a(lib_a-strtol.o)
 .comment       0x0000000000000044       0x23 /opt/devkitpro/devkitARM/lib/gcc/arm-none-eabi/7.1.0/../../../../arm-none-eabi/lib/thumb/libg.a(lib_a-strtoull.o)
 .comment       0x0000000000000044       0x23 /opt/devkitpro/devkitARM/lib/gcc/arm-none-eabi/7.1.0/../../../../arm-none-eabi/lib/thumb/libg.a(lib_a-strtoul.o)
 .comment       0x0000000000000044       0x23 /opt/devkitpro/devkitARM/lib/gcc/arm-none-eabi/7.1.0/../../../../arm-none-eabi/lib/thumb/libg.a(lib_a-svfiprintf.o)
 .comment       0x0000000000000044       0x23 /opt/devkitpro/devkitARM/lib/gcc/arm-none-eabi/7.1.0/../../../../arm-none-eabi/lib/thumb/libg.a(lib_a-wcsnrtombs.o)
 .comment       0x0000000000000044       0x23 /opt/devkitpro/devkitARM/lib/gcc/arm-none-eabi/7.1.0/../../../../arm-none-eabi/lib/thumb/libg.a(lib_a-wctomb_r.o)
 .comment       0x0000000000000044       0x23 /opt/devkitpro/devkitARM/lib/gcc/arm-none-eabi/7.1.0/../../../../arm-none-eabi/lib/thumb/libg.a(lib_a-ctype_.o)
 .comment       0x0000000000000044       0x23 /opt/devkitpro/devkitARM/lib/gcc/arm-none-eabi/7.1.0/../../../../arm-none-eabi/lib/thumb/libg.a(lib_a-fclose.o)
 .comment       0x0000000000000044       0x23 /opt/devkitpro/devkitARM/lib/gcc/arm-none-eabi/7.1.0/../../../../arm-none-eabi/lib/thumb/libsysbase.a(iosupport.o)
 .comment       0x0000000000000044       0x23 /opt/devkitpro/devkitARM/lib/gcc/arm-none-eabi/7.1.0/../../../../arm-none-eabi/lib/thumb/libsysbase.a(close.o)
 .comment       0x0000000000000044       0x23 /opt/devkitpro/devkitARM/lib/gcc/arm-none-eabi/7.1.0/../../../../arm-none-eabi/lib/thumb/libsysbase.a(fstat.o)
 .comment       0x0000000000000044       0x23 /opt/devkitpro/devkitARM/lib/gcc/arm-none-eabi/7.1.0/../../../../arm-none-eabi/lib/thumb/libsysbase.a(isatty.o)
 .comment       0x0000000000000044       0x23 /opt/devkitpro/devkitARM/lib/gcc/arm-none-eabi/7.1.0/../../../../arm-none-eabi/lib/thumb/libsysbase.a(lseek.o)
 .comment       0x0000000000000044       0x23 /opt/devkitpro/devkitARM/lib/gcc/arm-none-eabi/7.1.0/../../../../arm-none-eabi/lib/thumb/libsysbase.a(read.o)
 .comment       0x0000000000000044       0x23 /opt/devkitpro/devkitARM/lib/gcc/arm-none-eabi/7.1.0/../../../../arm-none-eabi/lib/thumb/libsysbase.a(sbrk.o)
 .comment       0x0000000000000044       0x23 /opt/devkitpro/devkitARM/lib/gcc/arm-none-eabi/7.1.0/../../../../arm-none-eabi/lib/thumb/libsysbase.a(write.o)
 .comment       0x0000000000000044       0x23 /opt/devkitpro/devkitARM/lib/gcc/arm-none-eabi/7.1.0/../../../../arm-none-eabi/lib/thumb/libsysbase.a(_exit.o)
 .comment       0x0000000000000044       0x23 /opt/devkitpro/devkitARM/lib/gcc/arm-none-eabi/7.1.0/../../../../arm-none-eabi/lib/thumb/libsysbase.a(malloc_vars.o)
 .comment       0x0000000000000044       0x23 /opt/devkitpro/devkitARM/lib/gcc/arm-none-eabi/7.1.0/../../../../arm-none-eabi/lib/thumb/libsysbase.a(build_argv.o)
 .comment       0x0000000000000044       0x23 /opt/devkitpro/devkitARM/lib/gcc/arm-none-eabi/7.1.0/../../../../arm-none-eabi/lib/thumb/libsysbase.a(flock.o)
 .comment       0x0000000000000044       0x23 /opt/devkitpro/devkitARM/lib/gcc/arm-none-eabi/7.1.0/../../../../arm-none-eabi/lib/thumb/libsysbase.a(syscall_support.o)
 .comment       0x0000000000000044       0x23 /opt/devkitpro/devkitARM/lib/gcc/arm-none-eabi/7.1.0/../../../../arm-none-eabi/lib/thumb/libsysbase.a(handle_manager.o)
 .comment       0x0000000000000044       0x23 /opt/devkitpro/devkitARM/lib/gcc/arm-none-eabi/7.1.0/../../../../arm-none-eabi/lib/thumb/libsysbase.a(getreent.o)
 .comment       0x0000000000000044       0x23 /opt/devkitpro/devkitARM/lib/gcc/arm-none-eabi/7.1.0/thumb/libgcc.a(_muldi3.o)
 .comment       0x0000000000000044       0x23 /opt/devkitpro/devkitARM/lib/gcc/arm-none-eabi/7.1.0/thumb/libgcc.a(_udivmoddi4.o)
 .comment       0x0000000000000044       0x23 /opt/devkitpro/devkitARM/lib/gcc/arm-none-eabi/7.1.0/thumb/crtend.o

.ARM.attributes
                0x0000000000000000       0x2d
 .ARM.attributes
                0x0000000000000000       0x21 /opt/devkitpro/devkitARM/lib/gcc/arm-none-eabi/7.1.0/../../../../arm-none-eabi/lib/thumb/ds_arm9_crt0.o
 .ARM.attributes
                0x0000000000000021       0x16 /opt/devkitpro/devkitARM/lib/gcc/arm-none-eabi/7.1.0/thumb/crti.o
 .ARM.attributes
                0x0000000000000037       0x30 /opt/devkitpro/devkitARM/lib/gcc/arm-none-eabi/7.1.0/thumb/crtbegin.o
 .ARM.attributes
                0x0000000000000067       0x27 advanced.o
 .ARM.attributes
                0x000000000000008e       0x27 scrolling.o
 .ARM.attributes
                0x00000000000000b5       0x27 handmade.o
 .ARM.attributes
                0x00000000000000dc       0x27 basic.o
 .ARM.attributes
                0x0000000000000103       0x27 main.o
 .ARM.attributes
                0x000000000000012a       0x27 functions.o
 .ARM.attributes
                0x0000000000000151       0x14 Multilayer.o
 .ARM.attributes
                0x0000000000000165       0x14 TextBackgrounds.o
 .ARM.attributes
                0x0000000000000179       0x14 RotBackgrounds.o
 .ARM.attributes
                0x000000000000018d       0x2b /opt/devkitpro/libnds/lib/libnds9.a(keys.o)
 .ARM.attributes
                0x00000000000001b8       0x2b /opt/devkitpro/libnds/lib/libnds9.a(shadowRegs.o)
 .ARM.attributes
                0x00000000000001e3       0x2b /opt/devkitpro/libnds/lib/libnds9.a(console.o)
 .ARM.attributes
                0x000000000000020e       0x2b /opt/devkitpro/libnds/lib/libnds9.a(system.o)
 .ARM.attributes
                0x0000000000000239       0x2b /opt/devkitpro/libnds/lib/libnds9.a(sassert.o)
 .ARM.attributes
                0x0000000000000264       0x2b /opt/devkitpro/libnds/lib/libnds9.a(background.o)
 .ARM.attributes
                0x000000000000028f       0x2b /opt/devkitpro/libnds/lib/libnds9.a(securearea.o)
 .ARM.attributes
                0x00000000000002ba       0x2b /opt/devkitpro/libnds/lib/libnds9.a(initSystem.o)
 .ARM.attributes
                0x00000000000002e5       0x2b /opt/devkitpro/libnds/lib/libnds9.a(fifosystem.o)
 .ARM.attributes
                0x0000000000000310       0x2b /opt/devkitpro/libnds/lib/libnds9.a(libnds_exit.arm.o)
 .ARM.attributes
                0x000000000000033b       0x2b /opt/devkitpro/libnds/lib/libnds9.a(interrupts.o)
 .ARM.attributes
                0x0000000000000366       0x21 /opt/devkitpro/libnds/lib/libnds9.a(cpu_clock.o)
 .ARM.attributes
                0x0000000000000387       0x21 /opt/devkitpro/libnds/lib/libnds9.a(IntrWait.o)
 .ARM.attributes
                0x00000000000003a8       0x21 /opt/devkitpro/libnds/lib/libnds9.a(mpu_setup.o)
 .ARM.attributes
                0x00000000000003c9       0x21 /opt/devkitpro/libnds/lib/libnds9.a(swiSoftReset.o)
 .ARM.attributes
                0x00000000000003ea       0x1b /opt/devkitpro/libnds/lib/libnds9.a(biosCalls.o)
 .ARM.attributes
                0x0000000000000405       0x1b /opt/devkitpro/libnds/lib/libnds9.a(interruptDispatcher.o)
 .ARM.attributes
                0x0000000000000420       0x14 /opt/devkitpro/libnds/lib/libnds9.a(default_font.bin.o)
 .ARM.attributes
                0x0000000000000434       0x2b /opt/devkitpro/libnds/lib/libnds9.a(trig.o)
 .ARM.attributes
                0x000000000000045f       0x2b /opt/devkitpro/libnds/lib/libnds9.a(video.o)
 .ARM.attributes
                0x000000000000048a       0x2b /opt/devkitpro/libnds/lib/libnds9.a(timeSupport.o)
 .ARM.attributes
                0x00000000000004b5       0x18 /opt/devkitpro/devkitARM/lib/gcc/arm-none-eabi/7.1.0/thumb/libgcc.a(_divsi3.o)
 .ARM.attributes
                0x00000000000004cd       0x16 /opt/devkitpro/devkitARM/lib/gcc/arm-none-eabi/7.1.0/thumb/libgcc.a(_dvmd_tls.o)
 .ARM.attributes
                0x00000000000004e3       0x30 /opt/devkitpro/devkitARM/lib/gcc/arm-none-eabi/7.1.0/../../../../arm-none-eabi/lib/thumb/libg.a(lib_a-exit.o)
 .ARM.attributes
                0x0000000000000513       0x30 /opt/devkitpro/devkitARM/lib/gcc/arm-none-eabi/7.1.0/../../../../arm-none-eabi/lib/thumb/libg.a(lib_a-impure.o)
 .ARM.attributes
                0x0000000000000543       0x30 /opt/devkitpro/devkitARM/lib/gcc/arm-none-eabi/7.1.0/../../../../arm-none-eabi/lib/thumb/libg.a(lib_a-init.o)
 .ARM.attributes
                0x0000000000000573       0x30 /opt/devkitpro/devkitARM/lib/gcc/arm-none-eabi/7.1.0/../../../../arm-none-eabi/lib/thumb/libg.a(lib_a-iprintf.o)
 .ARM.attributes
                0x00000000000005a3       0x30 /opt/devkitpro/devkitARM/lib/gcc/arm-none-eabi/7.1.0/../../../../arm-none-eabi/lib/thumb/libg.a(lib_a-memcpy-stub.o)
 .ARM.attributes
                0x00000000000005d3       0x30 /opt/devkitpro/devkitARM/lib/gcc/arm-none-eabi/7.1.0/../../../../arm-none-eabi/lib/thumb/libg.a(lib_a-memset.o)
 .ARM.attributes
                0x0000000000000603       0x30 /opt/devkitpro/devkitARM/lib/gcc/arm-none-eabi/7.1.0/../../../../arm-none-eabi/lib/thumb/libg.a(lib_a-rand.o)
 .ARM.attributes
                0x0000000000000633       0x30 /opt/devkitpro/devkitARM/lib/gcc/arm-none-eabi/7.1.0/../../../../arm-none-eabi/lib/thumb/libg.a(lib_a-setvbuf.o)
 .ARM.attributes
                0x0000000000000663       0x30 /opt/devkitpro/devkitARM/lib/gcc/arm-none-eabi/7.1.0/../../../../arm-none-eabi/lib/thumb/libg.a(lib_a-siscanf.o)
 .ARM.attributes
                0x0000000000000693       0x30 /opt/devkitpro/devkitARM/lib/gcc/arm-none-eabi/7.1.0/../../../../arm-none-eabi/lib/thumb/libg.a(lib_a-stdio.o)
 .ARM.attributes
                0x00000000000006c3       0x30 /opt/devkitpro/devkitARM/lib/gcc/arm-none-eabi/7.1.0/../../../../arm-none-eabi/lib/thumb/libg.a(lib_a-strlen-stub.o)
 .ARM.attributes
                0x00000000000006f3       0x30 /opt/devkitpro/devkitARM/lib/gcc/arm-none-eabi/7.1.0/../../../../arm-none-eabi/lib/thumb/libg.a(lib_a-svfiscanf.o)
 .ARM.attributes
                0x0000000000000723       0x30 /opt/devkitpro/devkitARM/lib/gcc/arm-none-eabi/7.1.0/../../../../arm-none-eabi/lib/thumb/libg.a(lib_a-ungetc.o)
 .ARM.attributes
                0x0000000000000753       0x30 /opt/devkitpro/devkitARM/lib/gcc/arm-none-eabi/7.1.0/../../../../arm-none-eabi/lib/thumb/libg.a(lib_a-vfiprintf.o)
 .ARM.attributes
                0x0000000000000783       0x30 /opt/devkitpro/devkitARM/lib/gcc/arm-none-eabi/7.1.0/../../../../arm-none-eabi/lib/thumb/libg.a(lib_a-viprintf.o)
 .ARM.attributes
                0x00000000000007b3       0x30 /opt/devkitpro/devkitARM/lib/gcc/arm-none-eabi/7.1.0/../../../../arm-none-eabi/lib/thumb/libg.a(lib_a-wcrtomb.o)
 .ARM.attributes
                0x00000000000007e3       0x30 /opt/devkitpro/devkitARM/lib/gcc/arm-none-eabi/7.1.0/../../../../arm-none-eabi/lib/thumb/libg.a(lib_a-wcsrtombs.o)
 .ARM.attributes
                0x0000000000000813       0x30 /opt/devkitpro/devkitARM/lib/gcc/arm-none-eabi/7.1.0/../../../../arm-none-eabi/lib/thumb/libg.a(lib_a-wsetup.o)
 .ARM.attributes
                0x0000000000000843       0x30 /opt/devkitpro/devkitARM/lib/gcc/arm-none-eabi/7.1.0/../../../../arm-none-eabi/lib/thumb/libg.a(lib_a-__call_atexit.o)
 .ARM.attributes
                0x0000000000000873       0x30 /opt/devkitpro/devkitARM/lib/gcc/arm-none-eabi/7.1.0/../../../../arm-none-eabi/lib/thumb/libg.a(lib_a-fflush.o)
 .ARM.attributes
                0x00000000000008a3       0x30 /opt/devkitpro/devkitARM/lib/gcc/arm-none-eabi/7.1.0/../../../../arm-none-eabi/lib/thumb/libg.a(lib_a-findfp.o)
 .ARM.attributes
                0x00000000000008d3       0x30 /opt/devkitpro/devkitARM/lib/gcc/arm-none-eabi/7.1.0/../../../../arm-none-eabi/lib/thumb/libg.a(lib_a-freer.o)
 .ARM.attributes
                0x0000000000000903       0x30 /opt/devkitpro/devkitARM/lib/gcc/arm-none-eabi/7.1.0/../../../../arm-none-eabi/lib/thumb/libg.a(lib_a-fvwrite.o)
 .ARM.attributes
                0x0000000000000933       0x30 /opt/devkitpro/devkitARM/lib/gcc/arm-none-eabi/7.1.0/../../../../arm-none-eabi/lib/thumb/libg.a(lib_a-fwalk.o)
 .ARM.attributes
                0x0000000000000963       0x30 /opt/devkitpro/devkitARM/lib/gcc/arm-none-eabi/7.1.0/../../../../arm-none-eabi/lib/thumb/libg.a(lib_a-iswspace.o)
 .ARM.attributes
                0x0000000000000993       0x30 /opt/devkitpro/devkitARM/lib/gcc/arm-none-eabi/7.1.0/../../../../arm-none-eabi/lib/thumb/libg.a(lib_a-jp2uc.o)
 .ARM.attributes
                0x00000000000009c3       0x30 /opt/devkitpro/devkitARM/lib/gcc/arm-none-eabi/7.1.0/../../../../arm-none-eabi/lib/thumb/libg.a(lib_a-localeconv.o)
 .ARM.attributes
                0x00000000000009f3       0x30 /opt/devkitpro/devkitARM/lib/gcc/arm-none-eabi/7.1.0/../../../../arm-none-eabi/lib/thumb/libg.a(lib_a-locale.o)
 .ARM.attributes
                0x0000000000000a23       0x30 /opt/devkitpro/devkitARM/lib/gcc/arm-none-eabi/7.1.0/../../../../arm-none-eabi/lib/thumb/libg.a(lib_a-makebuf.o)
 .ARM.attributes
                0x0000000000000a53       0x30 /opt/devkitpro/devkitARM/lib/gcc/arm-none-eabi/7.1.0/../../../../arm-none-eabi/lib/thumb/libg.a(lib_a-malloc.o)
 .ARM.attributes
                0x0000000000000a83       0x30 /opt/devkitpro/devkitARM/lib/gcc/arm-none-eabi/7.1.0/../../../../arm-none-eabi/lib/thumb/libg.a(lib_a-mallocr.o)
 .ARM.attributes
                0x0000000000000ab3       0x30 /opt/devkitpro/devkitARM/lib/gcc/arm-none-eabi/7.1.0/../../../../arm-none-eabi/lib/thumb/libg.a(lib_a-mbrtowc.o)
 .ARM.attributes
                0x0000000000000ae3       0x30 /opt/devkitpro/devkitARM/lib/gcc/arm-none-eabi/7.1.0/../../../../arm-none-eabi/lib/thumb/libg.a(lib_a-mbtowc_r.o)
 .ARM.attributes
                0x0000000000000b13       0x30 /opt/devkitpro/devkitARM/lib/gcc/arm-none-eabi/7.1.0/../../../../arm-none-eabi/lib/thumb/libg.a(lib_a-memchr-stub.o)
 .ARM.attributes
                0x0000000000000b43       0x30 /opt/devkitpro/devkitARM/lib/gcc/arm-none-eabi/7.1.0/../../../../arm-none-eabi/lib/thumb/libg.a(lib_a-memmove.o)
 .ARM.attributes
                0x0000000000000b73       0x30 /opt/devkitpro/devkitARM/lib/gcc/arm-none-eabi/7.1.0/../../../../arm-none-eabi/lib/thumb/libg.a(lib_a-mlock.o)
 .ARM.attributes
                0x0000000000000ba3       0x30 /opt/devkitpro/devkitARM/lib/gcc/arm-none-eabi/7.1.0/../../../../arm-none-eabi/lib/thumb/libg.a(lib_a-reallocr.o)
 .ARM.attributes
                0x0000000000000bd3       0x30 /opt/devkitpro/devkitARM/lib/gcc/arm-none-eabi/7.1.0/../../../../arm-none-eabi/lib/thumb/libg.a(lib_a-sccl.o)
 .ARM.attributes
                0x0000000000000c03       0x16 /opt/devkitpro/devkitARM/lib/gcc/arm-none-eabi/7.1.0/../../../../arm-none-eabi/lib/thumb/libg.a(lib_a-strcmp.o)
 .ARM.attributes
                0x0000000000000c19       0x30 /opt/devkitpro/devkitARM/lib/gcc/arm-none-eabi/7.1.0/../../../../arm-none-eabi/lib/thumb/libg.a(lib_a-strncpy.o)
 .ARM.attributes
                0x0000000000000c49       0x30 /opt/devkitpro/devkitARM/lib/gcc/arm-none-eabi/7.1.0/../../../../arm-none-eabi/lib/thumb/libg.a(lib_a-strtoll.o)
 .ARM.attributes
                0x0000000000000c79       0x30 /opt/devkitpro/devkitARM/lib/gcc/arm-none-eabi/7.1.0/../../../../arm-none-eabi/lib/thumb/libg.a(lib_a-strtol.o)
 .ARM.attributes
                0x0000000000000ca9       0x30 /opt/devkitpro/devkitARM/lib/gcc/arm-none-eabi/7.1.0/../../../../arm-none-eabi/lib/thumb/libg.a(lib_a-strtoull.o)
 .ARM.attributes
                0x0000000000000cd9       0x30 /opt/devkitpro/devkitARM/lib/gcc/arm-none-eabi/7.1.0/../../../../arm-none-eabi/lib/thumb/libg.a(lib_a-strtoul.o)
 .ARM.attributes
                0x0000000000000d09       0x30 /opt/devkitpro/devkitARM/lib/gcc/arm-none-eabi/7.1.0/../../../../arm-none-eabi/lib/thumb/libg.a(lib_a-svfiprintf.o)
 .ARM.attributes
                0x0000000000000d39       0x30 /opt/devkitpro/devkitARM/lib/gcc/arm-none-eabi/7.1.0/../../../../arm-none-eabi/lib/thumb/libg.a(lib_a-wcsnrtombs.o)
 .ARM.attributes
                0x0000000000000d69       0x30 /opt/devkitpro/devkitARM/lib/gcc/arm-none-eabi/7.1.0/../../../../arm-none-eabi/lib/thumb/libg.a(lib_a-wctomb_r.o)
 .ARM.attributes
                0x0000000000000d99       0x30 /opt/devkitpro/devkitARM/lib/gcc/arm-none-eabi/7.1.0/../../../../arm-none-eabi/lib/thumb/libg.a(lib_a-ctype_.o)
 .ARM.attributes
                0x0000000000000dc9       0x30 /opt/devkitpro/devkitARM/lib/gcc/arm-none-eabi/7.1.0/../../../../arm-none-eabi/lib/thumb/libg.a(lib_a-fclose.o)
 .ARM.attributes
                0x0000000000000df9       0x30 /opt/devkitpro/devkitARM/lib/gcc/arm-none-eabi/7.1.0/../../../../arm-none-eabi/lib/thumb/libsysbase.a(iosupport.o)
 .ARM.attributes
                0x0000000000000e29       0x30 /opt/devkitpro/devkitARM/lib/gcc/arm-none-eabi/7.1.0/../../../../arm-none-eabi/lib/thumb/libsysbase.a(close.o)
 .ARM.attributes
                0x0000000000000e59       0x30 /opt/devkitpro/devkitARM/lib/gcc/arm-none-eabi/7.1.0/../../../../arm-none-eabi/lib/thumb/libsysbase.a(fstat.o)
 .ARM.attributes
                0x0000000000000e89       0x30 /opt/devkitpro/devkitARM/lib/gcc/arm-none-eabi/7.1.0/../../../../arm-none-eabi/lib/thumb/libsysbase.a(isatty.o)
 .ARM.attributes
                0x0000000000000eb9       0x30 /opt/devkitpro/devkitARM/lib/gcc/arm-none-eabi/7.1.0/../../../../arm-none-eabi/lib/thumb/libsysbase.a(lseek.o)
 .ARM.attributes
                0x0000000000000ee9       0x30 /opt/devkitpro/devkitARM/lib/gcc/arm-none-eabi/7.1.0/../../../../arm-none-eabi/lib/thumb/libsysbase.a(read.o)
 .ARM.attributes
                0x0000000000000f19       0x30 /opt/devkitpro/devkitARM/lib/gcc/arm-none-eabi/7.1.0/../../../../arm-none-eabi/lib/thumb/libsysbase.a(sbrk.o)
 .ARM.attributes
                0x0000000000000f49       0x30 /opt/devkitpro/devkitARM/lib/gcc/arm-none-eabi/7.1.0/../../../../arm-none-eabi/lib/thumb/libsysbase.a(write.o)
 .ARM.attributes
                0x0000000000000f79       0x30 /opt/devkitpro/devkitARM/lib/gcc/arm-none-eabi/7.1.0/../../../../arm-none-eabi/lib/thumb/libsysbase.a(_exit.o)
 .ARM.attributes
                0x0000000000000fa9       0x30 /opt/devkitpro/devkitARM/lib/gcc/arm-none-eabi/7.1.0/../../../../arm-none-eabi/lib/thumb/libsysbase.a(malloc_vars.o)
 .ARM.attributes
                0x0000000000000fd9       0x30 /opt/devkitpro/devkitARM/lib/gcc/arm-none-eabi/7.1.0/../../../../arm-none-eabi/lib/thumb/libsysbase.a(build_argv.o)
 .ARM.attributes
                0x0000000000001009       0x30 /opt/devkitpro/devkitARM/lib/gcc/arm-none-eabi/7.1.0/../../../../arm-none-eabi/lib/thumb/libsysbase.a(flock.o)
 .ARM.attributes
                0x0000000000001039       0x30 /opt/devkitpro/devkitARM/lib/gcc/arm-none-eabi/7.1.0/../../../../arm-none-eabi/lib/thumb/libsysbase.a(syscall_support.o)
 .ARM.attributes
                0x0000000000001069       0x30 /opt/devkitpro/devkitARM/lib/gcc/arm-none-eabi/7.1.0/../../../../arm-none-eabi/lib/thumb/libsysbase.a(handle_manager.o)
 .ARM.attributes
                0x0000000000001099       0x30 /opt/devkitpro/devkitARM/lib/gcc/arm-none-eabi/7.1.0/../../../../arm-none-eabi/lib/thumb/libsysbase.a(getreent.o)
 .ARM.attributes
                0x00000000000010c9       0x18 /opt/devkitpro/devkitARM/lib/gcc/arm-none-eabi/7.1.0/thumb/libgcc.a(_udivsi3.o)
 .ARM.attributes
                0x00000000000010e1       0x18 /opt/devkitpro/devkitARM/lib/gcc/arm-none-eabi/7.1.0/thumb/libgcc.a(_aeabi_uldivmod.o)
 .ARM.attributes
                0x00000000000010f9       0x30 /opt/devkitpro/devkitARM/lib/gcc/arm-none-eabi/7.1.0/thumb/libgcc.a(_muldi3.o)
 .ARM.attributes
                0x0000000000001129       0x30 /opt/devkitpro/devkitARM/lib/gcc/arm-none-eabi/7.1.0/thumb/libgcc.a(_udivmoddi4.o)
 .ARM.attributes
                0x0000000000001159       0x18 /opt/devkitpro/devkitARM/lib/gcc/arm-none-eabi/7.1.0/thumb/libgcc.a(_clzdi2.o)
 .ARM.attributes