Archive member included to satisfy reference by file (symbol)

/opt/devkitpro/libnds/lib/libnds9.a(securearea.o)
                              /opt/devkitpro/devkitARM/lib/gcc/arm-none-eabi/7.1.0/../../../../arm-none-eabi/lib/thumb/ds_arm9_crt0.o (__secure_area__)
/opt/devkitpro/libnds/lib/libnds9.a(initSystem.o)
                              /opt/devkitpro/devkitARM/lib/gcc/arm-none-eabi/7.1.0/../../../../arm-none-eabi/lib/thumb/ds_arm9_crt0.o (initSystem)
/opt/devkitpro/libnds/lib/libnds9.a(fifosystem.o)
                              /opt/devkitpro/libnds/lib/libnds9.a(initSystem.o) (fifoSetValue32Handler)
/opt/devkitpro/libnds/lib/libnds9.a(libnds_exit.arm.o)
                              /opt/devkitpro/devkitARM/lib/gcc/arm-none-eabi/7.1.0/../../../../arm-none-eabi/lib/thumb/ds_arm9_crt0.o (__libnds_exit)
/opt/devkitpro/libnds/lib/libnds9.a(interrupts.o)
                              /opt/devkitpro/libnds/lib/libnds9.a(fifosystem.o) (irqSet)
/opt/devkitpro/libnds/lib/libnds9.a(cpu_clock.o)
                              /opt/devkitpro/libnds/lib/libnds9.a(initSystem.o) (setCpuClock)
/opt/devkitpro/libnds/lib/libnds9.a(IntrWait.o)
                              /opt/devkitpro/libnds/lib/libnds9.a(fifosystem.o) (swiIntrWait)
/opt/devkitpro/libnds/lib/libnds9.a(mpu_setup.o)
                              /opt/devkitpro/devkitARM/lib/gcc/arm-none-eabi/7.1.0/../../../../arm-none-eabi/lib/thumb/ds_arm9_crt0.o (__libnds_mpu_setup)
/opt/devkitpro/libnds/lib/libnds9.a(swiSoftReset.o)
                              /opt/devkitpro/libnds/lib/libnds9.a(fifosystem.o) (swiSoftReset)
/opt/devkitpro/libnds/lib/libnds9.a(interruptDispatcher.o)
                              /opt/devkitpro/libnds/lib/libnds9.a(interrupts.o) (IntrMain)
/opt/devkitpro/libnds/lib/libnds9.a(system.o)
                              /opt/devkitpro/libnds/lib/libnds9.a(initSystem.o) (systemValueHandler)
/opt/devkitpro/libnds/lib/libnds9.a(video.o)
                              /opt/devkitpro/libnds/lib/libnds9.a(initSystem.o) (vramDefault)
/opt/devkitpro/libnds/lib/libnds9.a(timeSupport.o)
                              /opt/devkitpro/libnds/lib/libnds9.a(initSystem.o) (__libnds_gtod)
/opt/devkitpro/libnds/lib/libnds9.a(biosCalls.o)
                              /opt/devkitpro/libnds/lib/libnds9.a(system.o) (swiDelay)
/opt/devkitpro/devkitARM/lib/gcc/arm-none-eabi/7.1.0/../../../../arm-none-eabi/lib/thumb/libg.a(lib_a-init.o)
                              /opt/devkitpro/devkitARM/lib/gcc/arm-none-eabi/7.1.0/../../../../arm-none-eabi/lib/thumb/ds_arm9_crt0.o (__libc_init_array)
/opt/devkitpro/devkitARM/lib/gcc/arm-none-eabi/7.1.0/../../../../arm-none-eabi/lib/thumb/libg.a(lib_a-memcpy-stub.o)
                              /opt/devkitpro/libnds/lib/libnds9.a(fifosystem.o) (memcpy)
/opt/devkitpro/devkitARM/lib/gcc/arm-none-eabi/7.1.0/../../../../arm-none-eabi/lib/thumb/libsysbase.a(malloc_vars.o)
                              /opt/devkitpro/devkitARM/lib/gcc/arm-none-eabi/7.1.0/../../../../arm-none-eabi/lib/thumb/ds_arm9_crt0.o (fake_heap_start)
/opt/devkitpro/devkitARM/lib/gcc/arm-none-eabi/7.1.0/../../../../arm-none-eabi/lib/thumb/libsysbase.a(build_argv.o)
                              /opt/devkitpro/devkitARM/lib/gcc/arm-none-eabi/7.1.0/../../../../arm-none-eabi/lib/thumb/ds_arm9_crt0.o (build_argv)
/opt/devkitpro/devkitARM/lib/gcc/arm-none-eabi/7.1.0/../../../../arm-none-eabi/lib/thumb/libsysbase.a(syscall_support.o)
                              /opt/devkitpro/libnds/lib/libnds9.a(initSystem.o) (__syscalls)

Allocating common symbols
Common symbol       size              file

fifo_datamsg_data   0x40              /opt/devkitpro/libnds/lib/libnds9.a(fifosystem.o)
__dsimode           0x1               /opt/devkitpro/libnds/lib/libnds9.a(initSystem.o)
fifo_buffer         0x800             /opt/devkitpro/libnds/lib/libnds9.a(fifosystem.o)
fifo_value32_func   0x40              /opt/devkitpro/libnds/lib/libnds9.a(fifosystem.o)
fifo_address_func   0x40              /opt/devkitpro/libnds/lib/libnds9.a(fifosystem.o)
fifo_value32_data   0x40              /opt/devkitpro/libnds/lib/libnds9.a(fifosystem.o)
fifo_value32_queue  0x40              /opt/devkitpro/libnds/lib/libnds9.a(fifosystem.o)
fifo_data_queue     0x40              /opt/devkitpro/libnds/lib/libnds9.a(fifosystem.o)
punixTime           0x4               /opt/devkitpro/libnds/lib/libnds9.a(timeSupport.o)
fifo_address_data   0x40              /opt/devkitpro/libnds/lib/libnds9.a(fifosystem.o)
fifo_datamsg_func   0x40              /opt/devkitpro/libnds/lib/libnds9.a(fifosystem.o)
fifo_address_queue  0x40              /opt/devkitpro/libnds/lib/libnds9.a(fifosystem.o)

Discarded input sections

 .text          0x0000000000000000        0x0 /opt/devkitpro/devkitARM/lib/gcc/arm-none-eabi/7.1.0/../../../../arm-none-eabi/lib/thumb/ds_arm9_crt0.o
 .data          0x0000000000000000        0x0 /opt/devkitpro/devkitARM/lib/gcc/arm-none-eabi/7.1.0/../../../../arm-none-eabi/lib/thumb/ds_arm9_crt0.o
 .bss           0x0000000000000000        0x0 /opt/devkitpro/devkitARM/lib/gcc/arm-none-eabi/7.1.0/../../../../arm-none-eabi/lib/thumb/ds_arm9_crt0.o
 .text          0x0000000000000000        0x0 /opt/devkitpro/devkitARM/lib/gcc/arm-none-eabi/7.1.0/thumb/crti.o
 .data          0x0000000000000000        0x0 /opt/devkitpro/devkitARM/lib/gcc/arm-none-eabi/7.1.0/thumb/crti.o
 .bss           0x0000000000000000        0x0 /opt/devkitpro/devkitARM/lib/gcc/arm-none-eabi/7.1.0/thumb/crti.o
 .text          0x0000000000000000        0x0 /opt/devkitpro/devkitARM/lib/gcc/arm-none-eabi/7.1.0/thumb/crtbegin.o
 .data          0x0000000000000000        0x0 /opt/devkitpro/devkitARM/lib/gcc/arm-none-eabi/7.1.0/thumb/crtbegin.o
 .bss           0x0000000000000000        0x0 /opt/devkitpro/devkitARM/lib/gcc/arm-none-eabi/7.1.0/thumb/crtbegin.o
 .data.__dso_handle
                0x0000000000000000        0x4 /opt/devkitpro/devkitARM/lib/gcc/arm-none-eabi/7.1.0/thumb/crtbegin.o
 .text          0x0000000000000000        0x0 /opt/devkitpro/libnds/lib/libnds9.a(securearea.o)
 .data          0x0000000000000000        0x0 /opt/devkitpro/libnds/lib/libnds9.a(securearea.o)
 .bss           0x0000000000000000        0x0 /opt/devkitpro/libnds/lib/libnds9.a(securearea.o)
 .text          0x0000000000000000        0x0 /opt/devkitpro/libnds/lib/libnds9.a(initSystem.o)
 .data          0x0000000000000000        0x0 /opt/devkitpro/libnds/lib/libnds9.a(initSystem.o)
 .bss           0x0000000000000000        0x0 /opt/devkitpro/libnds/lib/libnds9.a(initSystem.o)
 .text          0x0000000000000000        0x0 /opt/devkitpro/libnds/lib/libnds9.a(fifosystem.o)
 .data          0x0000000000000000        0x0 /opt/devkitpro/libnds/lib/libnds9.a(fifosystem.o)
 .bss           0x0000000000000000        0x0 /opt/devkitpro/libnds/lib/libnds9.a(fifosystem.o)
 .text.fifoSendAddress
                0x0000000000000000       0x38 /opt/devkitpro/libnds/lib/libnds9.a(fifosystem.o)
 .text.fifoSendDatamsg
                0x0000000000000000       0x90 /opt/devkitpro/libnds/lib/libnds9.a(fifosystem.o)
 .text.fifoGetAddress
                0x0000000000000000       0x70 /opt/devkitpro/libnds/lib/libnds9.a(fifosystem.o)
 .text.fifoSetAddressHandler
                0x0000000000000000       0x74 /opt/devkitpro/libnds/lib/libnds9.a(fifosystem.o)
 .text.fifoGetValue32
                0x0000000000000000       0x14 /opt/devkitpro/libnds/lib/libnds9.a(fifosystem.o)
 .text.fifoCheckAddress
                0x0000000000000000       0x24 /opt/devkitpro/libnds/lib/libnds9.a(fifosystem.o)
 .text.fifoCheckDatamsg
                0x0000000000000000       0x24 /opt/devkitpro/libnds/lib/libnds9.a(fifosystem.o)
 .text.fifoCheckDatamsgLength
                0x0000000000000000       0x30 /opt/devkitpro/libnds/lib/libnds9.a(fifosystem.o)
 .text.fifoCheckValue32
                0x0000000000000000       0x24 /opt/devkitpro/libnds/lib/libnds9.a(fifosystem.o)
 .text          0x0000000000000000        0x0 /opt/devkitpro/libnds/lib/libnds9.a(libnds_exit.arm.o)
 .data          0x0000000000000000        0x0 /opt/devkitpro/libnds/lib/libnds9.a(libnds_exit.arm.o)
 .bss           0x0000000000000000        0x0 /opt/devkitpro/libnds/lib/libnds9.a(libnds_exit.arm.o)
 .text          0x0000000000000000        0x0 /opt/devkitpro/libnds/lib/libnds9.a(interrupts.o)
 .data          0x0000000000000000        0x0 /opt/devkitpro/libnds/lib/libnds9.a(interrupts.o)
 .bss           0x0000000000000000        0x0 /opt/devkitpro/libnds/lib/libnds9.a(interrupts.o)
 .text.irqInitHandler
                0x0000000000000000       0x28 /opt/devkitpro/libnds/lib/libnds9.a(interrupts.o)
 .text.irqClear
                0x0000000000000000       0x38 /opt/devkitpro/libnds/lib/libnds9.a(interrupts.o)
 .text          0x0000000000000000        0x0 /opt/devkitpro/libnds/lib/libnds9.a(cpu_clock.o)
 .data          0x0000000000000000        0x0 /opt/devkitpro/libnds/lib/libnds9.a(cpu_clock.o)
 .bss           0x0000000000000000        0x0 /opt/devkitpro/libnds/lib/libnds9.a(cpu_clock.o)
 .itcm          0x0000000000000000        0x0 /opt/devkitpro/libnds/lib/libnds9.a(cpu_clock.o)
 .text          0x0000000000000000        0x0 /opt/devkitpro/libnds/lib/libnds9.a(IntrWait.o)
 .data          0x0000000000000000        0x0 /opt/devkitpro/libnds/lib/libnds9.a(IntrWait.o)
 .bss           0x0000000000000000        0x0 /opt/devkitpro/libnds/lib/libnds9.a(IntrWait.o)
 .text.swiWaitForVBlank
                0x0000000000000000        0x8 /opt/devkitpro/libnds/lib/libnds9.a(IntrWait.o)
 .text          0x0000000000000000        0x0 /opt/devkitpro/libnds/lib/libnds9.a(mpu_setup.o)
 .bss           0x0000000000000000        0x0 /opt/devkitpro/libnds/lib/libnds9.a(mpu_setup.o)
 .text.memCached
                0x0000000000000000       0x20 /opt/devkitpro/libnds/lib/libnds9.a(mpu_setup.o)
 .text          0x0000000000000000        0x0 /opt/devkitpro/libnds/lib/libnds9.a(swiSoftReset.o)
 .data          0x0000000000000000        0x0 /opt/devkitpro/libnds/lib/libnds9.a(swiSoftReset.o)
 .bss           0x0000000000000000        0x0 /opt/devkitpro/libnds/lib/libnds9.a(swiSoftReset.o)
 .text          0x0000000000000000        0x0 /opt/devkitpro/libnds/lib/libnds9.a(interruptDispatcher.o)
 .data          0x0000000000000000        0x0 /opt/devkitpro/libnds/lib/libnds9.a(interruptDispatcher.o)
 .bss           0x0000000000000000        0x0 /opt/devkitpro/libnds/lib/libnds9.a(interruptDispatcher.o)
 .text          0x0000000000000000        0x0 /opt/devkitpro/libnds/lib/libnds9.a(system.o)
 .data          0x0000000000000000        0x0 /opt/devkitpro/libnds/lib/libnds9.a(system.o)
 .bss           0x0000000000000000        0x0 /opt/devkitpro/libnds/lib/libnds9.a(system.o)
 .text.setSDcallback
                0x0000000000000000        0xc /opt/devkitpro/libnds/lib/libnds9.a(system.o)
 .text.systemSleep
                0x0000000000000000       0x18 /opt/devkitpro/libnds/lib/libnds9.a(system.o)
 .text.powerOff
                0x0000000000000000       0x28 /opt/devkitpro/libnds/lib/libnds9.a(system.o)
 .text.ledBlink
                0x0000000000000000       0x10 /opt/devkitpro/libnds/lib/libnds9.a(system.o)
 .text.getBatteryLevel
                0x0000000000000000       0x20 /opt/devkitpro/libnds/lib/libnds9.a(system.o)
 .text.enableSlot1
                0x0000000000000000       0x1c /opt/devkitpro/libnds/lib/libnds9.a(system.o)
 .text.disableSlot1
                0x0000000000000000       0x1c /opt/devkitpro/libnds/lib/libnds9.a(system.o)
 .text          0x0000000000000000        0x0 /opt/devkitpro/libnds/lib/libnds9.a(video.o)
 .data          0x0000000000000000        0x0 /opt/devkitpro/libnds/lib/libnds9.a(video.o)
 .bss           0x0000000000000000        0x0 /opt/devkitpro/libnds/lib/libnds9.a(video.o)
 .text.vramSetPrimaryBanks
                0x0000000000000000       0x44 /opt/devkitpro/libnds/lib/libnds9.a(video.o)
 .text.vramSetMainBanks
                0x0000000000000000        0x8 /opt/devkitpro/libnds/lib/libnds9.a(video.o)
 .text.vramSetBanks_EFG
                0x0000000000000000       0x38 /opt/devkitpro/libnds/lib/libnds9.a(video.o)
 .text.vramRestorePrimaryBanks
                0x0000000000000000        0xc /opt/devkitpro/libnds/lib/libnds9.a(video.o)
 .text.vramRestoreMainBanks
                0x0000000000000000        0xc /opt/devkitpro/libnds/lib/libnds9.a(video.o)
 .text.vramRestoreBanks_EFG
                0x0000000000000000        0xc /opt/devkitpro/libnds/lib/libnds9.a(video.o)
 .text.setBrightness
                0x0000000000000000       0x40 /opt/devkitpro/libnds/lib/libnds9.a(video.o)
 .text          0x0000000000000000        0x0 /opt/devkitpro/libnds/lib/libnds9.a(timeSupport.o)
 .data          0x0000000000000000        0x0 /opt/devkitpro/libnds/lib/libnds9.a(timeSupport.o)
 .bss           0x0000000000000000        0x0 /opt/devkitpro/libnds/lib/libnds9.a(timeSupport.o)
 .text          0x0000000000000000        0x0 /opt/devkitpro/libnds/lib/libnds9.a(biosCalls.o)
 .data          0x0000000000000000        0x0 /opt/devkitpro/libnds/lib/libnds9.a(biosCalls.o)
 .bss           0x0000000000000000        0x0 /opt/devkitpro/libnds/lib/libnds9.a(biosCalls.o)
 .text.swiSleep
                0x0000000000000000        0x4 /opt/devkitpro/libnds/lib/libnds9.a(biosCalls.o)
 .text.swiChangeSoundBias
                0x0000000000000000        0x4 /opt/devkitpro/libnds/lib/libnds9.a(biosCalls.o)
 .text.swiDivide
                0x0000000000000000        0x4 /opt/devkitpro/libnds/lib/libnds9.a(biosCalls.o)
 .text.swiRemainder
                0x0000000000000000        0x8 /opt/devkitpro/libnds/lib/libnds9.a(biosCalls.o)
 .text.swiDivMod
                0x0000000000000000        0xc /opt/devkitpro/libnds/lib/libnds9.a(biosCalls.o)
 .text.swiCopy  0x0000000000000000        0x4 /opt/devkitpro/libnds/lib/libnds9.a(biosCalls.o)
 .text.swiFastCopy
                0x0000000000000000        0x4 /opt/devkitpro/libnds/lib/libnds9.a(biosCalls.o)
 .text.swiSqrt  0x0000000000000000        0x4 /opt/devkitpro/libnds/lib/libnds9.a(biosCalls.o)
 .text.swiCRC16
                0x0000000000000000        0x4 /opt/devkitpro/libnds/lib/libnds9.a(biosCalls.o)
 .text.swiIsDebugger
                0x0000000000000000        0x4 /opt/devkitpro/libnds/lib/libnds9.a(biosCalls.o)
 .text.swiUnpackBits
                0x0000000000000000        0x4 /opt/devkitpro/libnds/lib/libnds9.a(biosCalls.o)
 .text.swiDecompressLZSSWram
                0x0000000000000000        0x4 /opt/devkitpro/libnds/lib/libnds9.a(biosCalls.o)
 .text.swiDecompressLZSSVramNTR
                0x0000000000000000        0x4 /opt/devkitpro/libnds/lib/libnds9.a(biosCalls.o)
 .text.swiDecompressLZSSVramTWL
                0x0000000000000000        0x4 /opt/devkitpro/libnds/lib/libnds9.a(biosCalls.o)
 .text.swiDecompressHuffman
                0x0000000000000000        0x4 /opt/devkitpro/libnds/lib/libnds9.a(biosCalls.o)
 .text.swiDecompressRLEWram
                0x0000000000000000        0x4 /opt/devkitpro/libnds/lib/libnds9.a(biosCalls.o)
 .text.swiDecompressRLEVram
                0x0000000000000000        0x4 /opt/devkitpro/libnds/lib/libnds9.a(biosCalls.o)
 .text.swiWaitForIRQ
                0x0000000000000000        0x4 /opt/devkitpro/libnds/lib/libnds9.a(biosCalls.o)
 .text.swiDecodeDelta8
                0x0000000000000000        0x4 /opt/devkitpro/libnds/lib/libnds9.a(biosCalls.o)
 .text.swiDecodeDelta16
                0x0000000000000000        0x4 /opt/devkitpro/libnds/lib/libnds9.a(biosCalls.o)
 .text.swiSetHaltCR
                0x0000000000000000        0x4 /opt/devkitpro/libnds/lib/libnds9.a(biosCalls.o)
 .text          0x0000000000000000        0x0 /opt/devkitpro/devkitARM/lib/gcc/arm-none-eabi/7.1.0/../../../../arm-none-eabi/lib/thumb/libg.a(lib_a-init.o)
 .data          0x0000000000000000        0x0 /opt/devkitpro/devkitARM/lib/gcc/arm-none-eabi/7.1.0/../../../../arm-none-eabi/lib/thumb/libg.a(lib_a-init.o)
 .bss           0x0000000000000000        0x0 /opt/devkitpro/devkitARM/lib/gcc/arm-none-eabi/7.1.0/../../../../arm-none-eabi/lib/thumb/libg.a(lib_a-init.o)
 .text          0x0000000000000000        0x0 /opt/devkitpro/devkitARM/lib/gcc/arm-none-eabi/7.1.0/../../../../arm-none-eabi/lib/thumb/libg.a(lib_a-memcpy-stub.o)
 .data          0x0000000000000000        0x0 /opt/devkitpro/devkitARM/lib/gcc/arm-none-eabi/7.1.0/../../../../arm-none-eabi/lib/thumb/libg.a(lib_a-memcpy-stub.o)
 .bss           0x0000000000000000        0x0 /opt/devkitpro/devkitARM/lib/gcc/arm-none-eabi/7.1.0/../../../../arm-none-eabi/lib/thumb/libg.a(lib_a-memcpy-stub.o)
 .text          0x0000000000000000        0x0 /opt/devkitpro/devkitARM/lib/gcc/arm-none-eabi/7.1.0/../../../../arm-none-eabi/lib/thumb/libsysbase.a(malloc_vars.o)
 .data          0x0000000000000000        0x0 /opt/devkitpro/devkitARM/lib/gcc/arm-none-eabi/7.1.0/../../../../arm-none-eabi/lib/thumb/libsysbase.a(malloc_vars.o)
 .bss           0x0000000000000000        0x0 /opt/devkitpro/devkitARM/lib/gcc/arm-none-eabi/7.1.0/../../../../arm-none-eabi/lib/thumb/libsysbase.a(malloc_vars.o)
 .text          0x0000000000000000        0x0 /opt/devkitpro/devkitARM/lib/gcc/arm-none-eabi/7.1.0/../../../../arm-none-eabi/lib/thumb/libsysbase.a(build_argv.o)
 .data          0x0000000000000000        0x0 /opt/devkitpro/devkitARM/lib/gcc/arm-none-eabi/7.1.0/../../../../arm-none-eabi/lib/thumb/libsysbase.a(build_argv.o)
 .bss           0x0000000000000000        0x0 /opt/devkitpro/devkitARM/lib/gcc/arm-none-eabi/7.1.0/../../../../arm-none-eabi/lib/thumb/libsysbase.a(build_argv.o)
 .text          0x0000000000000000        0x0 /opt/devkitpro/devkitARM/lib/gcc/arm-none-eabi/7.1.0/../../../../arm-none-eabi/lib/thumb/libsysbase.a(syscall_support.o)
 .data          0x0000000000000000        0x0 /opt/devkitpro/devkitARM/lib/gcc/arm-none-eabi/7.1.0/../../../../arm-none-eabi/lib/thumb/libsysbase.a(syscall_support.o)
 .bss           0x0000000000000000        0x0 /opt/devkitpro/devkitARM/lib/gcc/arm-none-eabi/7.1.0/../../../../arm-none-eabi/lib/thumb/libsysbase.a(syscall_support.o)
 .text.__libc_lock_init
                0x0000000000000000       0x1c /opt/devkitpro/devkitARM/lib/gcc/arm-none-eabi/7.1.0/../../../../arm-none-eabi/lib/thumb/libsysbase.a(syscall_support.o)
 .text.__libc_lock_acquire
                0x0000000000000000       0x1c /opt/devkitpro/devkitARM/lib/gcc/arm-none-eabi/7.1.0/../../../../arm-none-eabi/lib/thumb/libsysbase.a(syscall_support.o)
 .text.__libc_lock_try_acquire
                0x0000000000000000       0x24 /opt/devkitpro/devkitARM/lib/gcc/arm-none-eabi/7.1.0/../../../../arm-none-eabi/lib/thumb/libsysbase.a(syscall_support.o)
 .text.__libc_lock_release
                0x0000000000000000       0x1c /opt/devkitpro/devkitARM/lib/gcc/arm-none-eabi/7.1.0/../../../../arm-none-eabi/lib/thumb/libsysbase.a(syscall_support.o)
 .text.__libc_lock_close
                0x0000000000000000       0x1c /opt/devkitpro/devkitARM/lib/gcc/arm-none-eabi/7.1.0/../../../../arm-none-eabi/lib/thumb/libsysbase.a(syscall_support.o)
 .text.__libc_lock_init_recursive
                0x0000000000000000       0x1c /opt/devkitpro/devkitARM/lib/gcc/arm-none-eabi/7.1.0/../../../../arm-none-eabi/lib/thumb/libsysbase.a(syscall_support.o)
 .text.__libc_lock_acquire_recursive
                0x0000000000000000       0x1c /opt/devkitpro/devkitARM/lib/gcc/arm-none-eabi/7.1.0/../../../../arm-none-eabi/lib/thumb/libsysbase.a(syscall_support.o)
 .text.__libc_lock_try_acquire_recursive
                0x0000000000000000       0x24 /opt/devkitpro/devkitARM/lib/gcc/arm-none-eabi/7.1.0/../../../../arm-none-eabi/lib/thumb/libsysbase.a(syscall_support.o)
 .text.__libc_lock_release_recursive
                0x0000000000000000       0x1c /opt/devkitpro/devkitARM/lib/gcc/arm-none-eabi/7.1.0/../../../../arm-none-eabi/lib/thumb/libsysbase.a(syscall_support.o)
 .text.__libc_lock_close_recursive
                0x0000000000000000       0x1c /opt/devkitpro/devkitARM/lib/gcc/arm-none-eabi/7.1.0/../../../../arm-none-eabi/lib/thumb/libsysbase.a(syscall_support.o)
 .text          0x0000000000000000        0x0 /opt/devkitpro/devkitARM/lib/gcc/arm-none-eabi/7.1.0/thumb/crtend.o
 .data          0x0000000000000000        0x0 /opt/devkitpro/devkitARM/lib/gcc/arm-none-eabi/7.1.0/thumb/crtend.o
 .bss           0x0000000000000000        0x0 /opt/devkitpro/devkitARM/lib/gcc/arm-none-eabi/7.1.0/thumb/crtend.o
 .text          0x0000000000000000        0x0 /opt/devkitpro/devkitARM/lib/gcc/arm-none-eabi/7.1.0/thumb/crtn.o
 .data          0x0000000000000000        0x0 /opt/devkitpro/devkitARM/lib/gcc/arm-none-eabi/7.1.0/thumb/crtn.o
 .bss           0x0000000000000000        0x0 /opt/devkitpro/devkitARM/lib/gcc/arm-none-eabi/7.1.0/thumb/crtn.o

Memory Configuration

Name             Origin             Length             Attributes
ewram            0x0000000002000000 0x0000000000380000
dtcm             0x000000000b000000 0x0000000000004000
vectors          0x0000000001000000 0x0000000000000100
itcm             0x0000000001000100 0x0000000000007f00
*default*        0x0000000000000000 0xffffffffffffffff

Linker script and memory map

                0x0000000002380000                __ewram_end = (ORIGIN (ewram) + LENGTH (ewram))
                0x0000000002380000                __eheap_end = (ORIGIN (ewram) + LENGTH (ewram))
                0x000000000b004000                __dtcm_top = (ORIGIN (dtcm) + LENGTH (dtcm))
                0x000000000b003ff8                __irq_flags = (__dtcm_top - 0x8)
                0x000000000b003ffc                __irq_vector = (__dtcm_top - 0x4)
                0x000000000b003f00                __sp_svc = (__dtcm_top - 0x100)
                0x000000000b003e00                __sp_irq = (__sp_svc - 0x100)
                0x000000000b003d00                __sp_usr = (__sp_irq - 0x100)

.secure         0x0000000002000000      0x800
 *(.secure)
 .secure        0x0000000002000000      0x800 /opt/devkitpro/libnds/lib/libnds9.a(securearea.o)
                0x0000000002000000                __secure_area__

.crt0           0x0000000002000800      0x300
                0x0000000002000800                __text_start = .
 *(.crt0)
 .crt0          0x0000000002000800      0x300 /opt/devkitpro/devkitARM/lib/gcc/arm-none-eabi/7.1.0/../../../../arm-none-eabi/lib/thumb/ds_arm9_crt0.o
                0x0000000002000800                _start
                0x0000000002000b00                . = ALIGN (0x4)

.plt
 *(.plt)

.init           0x0000000002000b00        0xc
 *(SORT(.init))
 .init          0x0000000002000b00        0x4 /opt/devkitpro/devkitARM/lib/gcc/arm-none-eabi/7.1.0/thumb/crti.o
                0x0000000002000b00                _init
 .init          0x0000000002000b04        0x8 /opt/devkitpro/devkitARM/lib/gcc/arm-none-eabi/7.1.0/thumb/crtn.o

.text           0x0000000002000b10     0x14a0
 *(EXCLUDE_FILE(*.twl* *.vectors* *.itcm*) .text)
 *(EXCLUDE_FILE(*.twl* *.vectors* *.itcm*) .stub)
 *(EXCLUDE_FILE(*.twl* *.vectors* *.itcm*) .text.*)
 .text.deregister_tm_clones
                0x0000000002000b10       0x2c /opt/devkitpro/devkitARM/lib/gcc/arm-none-eabi/7.1.0/thumb/crtbegin.o
 .text.register_tm_clones
                0x0000000002000b3c       0x34 /opt/devkitpro/devkitARM/lib/gcc/arm-none-eabi/7.1.0/thumb/crtbegin.o
 .text.__do_global_dtors_aux
                0x0000000002000b70       0x30 /opt/devkitpro/devkitARM/lib/gcc/arm-none-eabi/7.1.0/thumb/crtbegin.o
 .text.frame_dummy
                0x0000000002000ba0       0x28 /opt/devkitpro/devkitARM/lib/gcc/arm-none-eabi/7.1.0/thumb/crtbegin.o
 .text.initSystem
                0x0000000002000bc8      0x194 /opt/devkitpro/libnds/lib/libnds9.a(initSystem.o)
                0x0000000002000bc8                initSystem
 .text.__timeoutvbl
                0x0000000002000d5c       0x10 /opt/devkitpro/libnds/lib/libnds9.a(fifosystem.o)
 .text.fifo_allocBlock.part.0
                0x0000000002000d6c       0x34 /opt/devkitpro/libnds/lib/libnds9.a(fifosystem.o)
 .text.fifo_waitBlock
                0x0000000002000da0       0x48 /opt/devkitpro/libnds/lib/libnds9.a(fifosystem.o)
 .text.fifo_queueBlock
                0x0000000002000de8       0x44 /opt/devkitpro/libnds/lib/libnds9.a(fifosystem.o)
 .text.fifoInternalSendInterrupt
                0x0000000002000e2c       0xac /opt/devkitpro/libnds/lib/libnds9.a(fifosystem.o)
 .text.fifoInternalSend.part.3
                0x0000000002000ed8       0xd4 /opt/devkitpro/libnds/lib/libnds9.a(fifosystem.o)
 .text.fifoGetValue32.part.4
                0x0000000002000fac       0x74 /opt/devkitpro/libnds/lib/libnds9.a(fifosystem.o)
 .text.fifoSetValue32Handler
                0x0000000002001020       0x74 /opt/devkitpro/libnds/lib/libnds9.a(fifosystem.o)
                0x0000000002001020                fifoSetValue32Handler
 .text.fifoSendValue32
                0x0000000002001094       0x4c /opt/devkitpro/libnds/lib/libnds9.a(fifosystem.o)
                0x0000000002001094                fifoSendValue32
 .text.fifoGetDatamsg
                0x00000000020010e0      0x140 /opt/devkitpro/libnds/lib/libnds9.a(fifosystem.o)
                0x00000000020010e0                fifoGetDatamsg
 .text.fifoInternalRecvInterrupt
                0x0000000002001220      0x3a0 /opt/devkitpro/libnds/lib/libnds9.a(fifosystem.o)
 .text.fifoSetDatamsgHandler
                0x00000000020015c0       0x9c /opt/devkitpro/libnds/lib/libnds9.a(fifosystem.o)
                0x00000000020015c0                fifoSetDatamsgHandler
 .text.fifoInit
                0x000000000200165c      0x1cc /opt/devkitpro/libnds/lib/libnds9.a(fifosystem.o)
                0x000000000200165c                fifoInit
 .text.systemErrorExit
                0x0000000002001828        0x4 /opt/devkitpro/libnds/lib/libnds9.a(libnds_exit.arm.o)
                0x0000000002001828                systemErrorExit
 *fill*         0x000000000200182c        0x4 ff
 .text.__libnds_exit
                0x0000000002001830       0x5c /opt/devkitpro/libnds/lib/libnds9.a(libnds_exit.arm.o)
                0x0000000002001830                __libnds_exit
 .text.irqDummy
                0x000000000200188c        0x4 /opt/devkitpro/libnds/lib/libnds9.a(interrupts.o)
                0x000000000200188c                irqDummy
 .text.irqSet   0x0000000002001890       0x6c /opt/devkitpro/libnds/lib/libnds9.a(interrupts.o)
                0x0000000002001890                irqSet
 .text.irqInit  0x00000000020018fc       0x50 /opt/devkitpro/libnds/lib/libnds9.a(interrupts.o)
                0x00000000020018fc                irqInit
 .text.irqEnable
                0x000000000200194c       0x64 /opt/devkitpro/libnds/lib/libnds9.a(interrupts.o)
                0x000000000200194c                irqEnable
 .text.irqDisable
                0x00000000020019b0       0x64 /opt/devkitpro/libnds/lib/libnds9.a(interrupts.o)
                0x00000000020019b0                irqDisable
 .text.setCpuClock
                0x0000000002001a14       0x50 /opt/devkitpro/libnds/lib/libnds9.a(cpu_clock.o)
                0x0000000002001a14                setCpuClock
 .text.swiIntrWait
                0x0000000002001a64       0x64 /opt/devkitpro/libnds/lib/libnds9.a(IntrWait.o)
                0x0000000002001a64                swiIntrWait
 .text.__libnds_mpu_setup
                0x0000000002001ac8      0x174 /opt/devkitpro/libnds/lib/libnds9.a(mpu_setup.o)
                0x0000000002001ac8                __libnds_mpu_setup
 .text.memUncached
                0x0000000002001c3c       0x20 /opt/devkitpro/libnds/lib/libnds9.a(mpu_setup.o)
                0x0000000002001c3c                memUncached
 .text.swiSoftReset
                0x0000000002001c5c       0x2c /opt/devkitpro/libnds/lib/libnds9.a(swiSoftReset.o)
                0x0000000002001c5c                swiSoftReset
 .text.systemValueHandler
                0x0000000002001c88       0x48 /opt/devkitpro/libnds/lib/libnds9.a(system.o)
                0x0000000002001c88                systemValueHandler
 .text.systemMsgHandler
                0x0000000002001cd0       0x5c /opt/devkitpro/libnds/lib/libnds9.a(system.o)
                0x0000000002001cd0                systemMsgHandler
 .text.powerOn  0x0000000002001d2c       0x2c /opt/devkitpro/libnds/lib/libnds9.a(system.o)
                0x0000000002001d2c                powerOn
 .text.vramDefault
                0x0000000002001d58       0xd0 /opt/devkitpro/libnds/lib/libnds9.a(video.o)
                0x0000000002001d58                vramDefault
 .text.__libnds_gtod
                0x0000000002001e28       0x24 /opt/devkitpro/libnds/lib/libnds9.a(timeSupport.o)
                0x0000000002001e28                __libnds_gtod
 .text.swiDelay
                0x0000000002001e4c        0x4 /opt/devkitpro/libnds/lib/libnds9.a(biosCalls.o)
                0x0000000002001e4c                swiDelay
 .text.__libc_init_array
                0x0000000002001e50       0x54 /opt/devkitpro/devkitARM/lib/gcc/arm-none-eabi/7.1.0/../../../../arm-none-eabi/lib/thumb/libg.a(lib_a-init.o)
                0x0000000002001e50                __libc_init_array
 .text.memcpy   0x0000000002001ea4       0x8c /opt/devkitpro/devkitARM/lib/gcc/arm-none-eabi/7.1.0/../../../../arm-none-eabi/lib/thumb/libg.a(lib_a-memcpy-stub.o)
                0x0000000002001ea4                memcpy
 .text.build_argv
                0x0000000002001f30       0x4c /opt/devkitpro/devkitARM/lib/gcc/arm-none-eabi/7.1.0/../../../../arm-none-eabi/lib/thumb/libsysbase.a(build_argv.o)
                0x0000000002001f30                build_argv
 *fill*         0x0000000002001f7c        0x4 ff
 .text.build_argv.__stub
                0x0000000002001f80       0x2c linker stubs
 *(EXCLUDE_FILE(*.twl*) .gnu.warning)
 *(EXCLUDE_FILE(*.twl*) .gnu.linkonce.t*)
 *(.glue_7)
 .glue_7        0x0000000002001fb0        0x0 linker stubs
 *(.glue_7t)
 .glue_7t       0x0000000002001fb0        0x0 linker stubs
                0x0000000002001fb0                . = ALIGN (0x4)

.vfp11_veneer   0x0000000002001fb0        0x0
 .vfp11_veneer  0x0000000002001fb0        0x0 linker stubs

.v4_bx          0x0000000002001fb0        0x0
 .v4_bx         0x0000000002001fb0        0x0 linker stubs

.iplt           0x0000000002001fb0        0x0
 .iplt          0x0000000002001fb0        0x0 /opt/devkitpro/devkitARM/lib/gcc/arm-none-eabi/7.1.0/../../../../arm-none-eabi/lib/thumb/ds_arm9_crt0.o

.fini           0x0000000002001fb0        0xc
 *(.fini)
 .fini          0x0000000002001fb0        0x4 /opt/devkitpro/devkitARM/lib/gcc/arm-none-eabi/7.1.0/thumb/crti.o
                0x0000000002001fb0                _fini
 .fini          0x0000000002001fb4        0x8 /opt/devkitpro/devkitARM/lib/gcc/arm-none-eabi/7.1.0/thumb/crtn.o
                0x0000000002001fbc                __text_end = .

.rodata         0x0000000002001fbc        0x0
 *(EXCLUDE_FILE(*.twl*) .rodata)
 *all.rodata*(*)
 *(EXCLUDE_FILE(*.twl*) .roda)
 *(EXCLUDE_FILE(*.twl*) .rodata.*)
 *(EXCLUDE_FILE(*.twl*) .gnu.linkonce.r*)
                0x0000000002001fbc                . = ALIGN (0x4)

.ARM.extab
 *(.ARM.extab* .gnu.linkonce.armextab.*)
                0x0000000002001fbc                __exidx_start = .

ARM.exidx
 *(.ARM.exidx* .gnu.linkonce.armexidx.*)
                0x0000000002001fbc                __exidx_end = .
                0x0000000002001fbc                . = ALIGN (0x4)
                0x0000000002001fbc                PROVIDE (__preinit_array_start, .)

.preinit_array
 *(.preinit_array)
                0x0000000002001fbc                PROVIDE (__preinit_array_end, .)
                0x0000000002001fbc                PROVIDE (__init_array_start, .)

.init_array     0x0000000002001fbc        0x4
 *(SORT(.init_array.*))
 *(.init_array)
 .init_array    0x0000000002001fbc        0x4 /opt/devkitpro/devkitARM/lib/gcc/arm-none-eabi/7.1.0/thumb/crtbegin.o
                0x0000000002001fc0                PROVIDE (__init_array_end, .)
                [!provide]                        PROVIDE (__fini_array_start, .)

.fini_array     0x0000000002001fc0        0x4
 *(.fini_array)
 .fini_array    0x0000000002001fc0        0x4 /opt/devkitpro/devkitARM/lib/gcc/arm-none-eabi/7.1.0/thumb/crtbegin.o
 *(SORT(.fini_array.*))
                [!provide]                        PROVIDE (__fini_array_end, .)

.ctors          0x0000000002001fc4        0x0
 *crtbegin.o(.ctors)
 *(EXCLUDE_FILE(*crtend.o) .ctors)
 *(SORT(.ctors.*))
 *(.ctors)
                0x0000000002001fc4                . = ALIGN (0x4)

.dtors          0x0000000002001fc4        0x0
 *crtbegin.o(.dtors)
 *(EXCLUDE_FILE(*crtend.o) .dtors)
 *(SORT(.dtors.*))
 *(.dtors)
                0x0000000002001fc4                . = ALIGN (0x4)

.eh_frame       0x0000000002001fc4        0x4
 *(.eh_frame)
 .eh_frame      0x0000000002001fc4        0x0 /opt/devkitpro/devkitARM/lib/gcc/arm-none-eabi/7.1.0/thumb/crtbegin.o
 .eh_frame      0x0000000002001fc4        0x4 /opt/devkitpro/devkitARM/lib/gcc/arm-none-eabi/7.1.0/thumb/crtend.o
                0x0000000002001fc8                . = ALIGN (0x4)

.rel.dyn        0x0000000002001fc8        0x0
 .rel.iplt      0x0000000002001fc8        0x0 /opt/devkitpro/devkitARM/lib/gcc/arm-none-eabi/7.1.0/../../../../arm-none-eabi/lib/thumb/ds_arm9_crt0.o

.gcc_except_table
                0x0000000002001fc8        0x0
 *(.gcc_except_table)
                0x0000000002001fc8                . = ALIGN (0x4)

.jcr
 *(.jcr)

.got
 *(.got.plt)
 *(.got)
 *(.rel.got)

.ewram          0x0000000002001fc8        0x0
                0x0000000002001fc8                __ewram_start = ABSOLUTE (.)
 *(.ewram)
 *ewram.*(.text)
                0x0000000002001fc8                . = ALIGN (0x4)

.data           0x0000000002001fc8       0x38
                0x0000000002001fc8                __data_start = ABSOLUTE (.)
 *(EXCLUDE_FILE(*.twl*) .data)
 .data          0x0000000002001fc8       0x28 /opt/devkitpro/libnds/lib/libnds9.a(mpu_setup.o)
 *(EXCLUDE_FILE(*.twl*) .data.*)
 .data.fifo_buffer_free
                0x0000000002001ff0        0x4 /opt/devkitpro/libnds/lib/libnds9.a(fifosystem.o)
                0x0000000002001ff0                fifo_buffer_free
 .data.fifo_freewords
                0x0000000002001ff4        0x4 /opt/devkitpro/libnds/lib/libnds9.a(fifosystem.o)
                0x0000000002001ff4                fifo_freewords
 .data.fifo_receive_queue
                0x0000000002001ff8        0x4 /opt/devkitpro/libnds/lib/libnds9.a(fifosystem.o)
                0x0000000002001ff8                fifo_receive_queue
 .data.fifo_send_queue
                0x0000000002001ffc        0x4 /opt/devkitpro/libnds/lib/libnds9.a(fifosystem.o)
                0x0000000002001ffc                fifo_send_queue
 *(EXCLUDE_FILE(*.twl*) .gnu.linkonce.d*)
                0x0000000002002000                . = ALIGN (0x4)
                0x0000000002002000                __data_end = ABSOLUTE (.)
                0x0000000002002000                __bss_vma = .

.igot.plt       0x0000000002002000        0x0
 .igot.plt      0x0000000002002000        0x0 /opt/devkitpro/devkitARM/lib/gcc/arm-none-eabi/7.1.0/../../../../arm-none-eabi/lib/thumb/ds_arm9_crt0.o

.tm_clone_table
                0x0000000002002000        0x0
 .tm_clone_table
                0x0000000002002000        0x0 /opt/devkitpro/devkitARM/lib/gcc/arm-none-eabi/7.1.0/thumb/crtbegin.o
 .tm_clone_table
                0x0000000002002000        0x0 /opt/devkitpro/devkitARM/lib/gcc/arm-none-eabi/7.1.0/thumb/crtend.o

.dtcm           0x000000000b000000        0x0 load address 0x0000000002002000
                0x0000000002002000                __dtcm_lma = LOADADDR (.dtcm)
                0x000000000b000000                __dtcm_start = ABSOLUTE (.)
 *(.dtcm)
 *(.dtcm.*)
                0x000000000b000000                . = ALIGN (0x4)
                0x000000000b000000                __dtcm_end = ABSOLUTE (.)

.itcm           0x0000000001000100      0x194 load address 0x0000000002002000
                0x0000000002002000                __itcm_lma = LOADADDR (.itcm)
                0x0000000001000100                __itcm_start = ABSOLUTE (.)
 *(.itcm)
 .itcm          0x0000000001000100       0xc8 /opt/devkitpro/libnds/lib/libnds9.a(interrupts.o)
                0x0000000001000100                irqTable
 .itcm          0x00000000010001c8       0xcc /opt/devkitpro/libnds/lib/libnds9.a(interruptDispatcher.o)
                0x00000000010001c8                IntrMain
 *.itcm*(.text .stub .text.*)
                0x0000000001000294                . = ALIGN (0x4)
                0x0000000001000294                __itcm_end = ABSOLUTE (.)

.vectors        0x0000000001000000        0x0 load address 0x0000000002002194
                0x0000000002002194                __vectors_lma = LOADADDR (.vectors)
                0x0000000001000000                __vectors_start = ABSOLUTE (.)
 *(.vectors)
 *.vectors*(.text .stub .text.*)
                0x0000000001000000                . = ALIGN (0x4)
                0x0000000001000000                __vectors_end = ABSOLUTE (.)

.sbss           0x000000000b000000        0x0
                0x000000000b000000                __sbss_start = ABSOLUTE (.)
                0x000000000b000000                __sbss_start__ = ABSOLUTE (.)
 *(.sbss)
                0x000000000b000000                . = ALIGN (0x4)
                0x000000000b000000                __sbss_end = ABSOLUTE (.)

.bss            0x0000000002002000      0xab0
                0x0000000002002000                __bss_start = ABSOLUTE (.)
                0x0000000002002000                __bss_start__ = ABSOLUTE (.)
 *(EXCLUDE_FILE(*.twl*) .dynbss)
 *(EXCLUDE_FILE(*.twl*) .gnu.linkonce.b*)
 *(EXCLUDE_FILE(*.twl*) .bss*)
 .bss.completed.6484
                0x0000000002002000        0x1 /opt/devkitpro/devkitARM/lib/gcc/arm-none-eabi/7.1.0/thumb/crtbegin.o
 *fill*         0x0000000002002001        0x3 
 .bss.object.6489
                0x0000000002002004       0x18 /opt/devkitpro/devkitARM/lib/gcc/arm-none-eabi/7.1.0/thumb/crtbegin.o
 .bss.__timeout
                0x000000000200201c        0x4 /opt/devkitpro/libnds/lib/libnds9.a(fifosystem.o)
 .bss.processing
                0x0000000002002020        0x4 /opt/devkitpro/libnds/lib/libnds9.a(fifosystem.o)
                0x0000000002002020                processing
 .bss.SDcallback
                0x0000000002002024        0x4 /opt/devkitpro/libnds/lib/libnds9.a(system.o)
 .bss.fake_heap_end
                0x0000000002002028        0x4 /opt/devkitpro/devkitARM/lib/gcc/arm-none-eabi/7.1.0/../../../../arm-none-eabi/lib/thumb/libsysbase.a(malloc_vars.o)
                0x0000000002002028                fake_heap_end
 .bss.fake_heap_start
                0x000000000200202c        0x4 /opt/devkitpro/devkitARM/lib/gcc/arm-none-eabi/7.1.0/../../../../arm-none-eabi/lib/thumb/libsysbase.a(malloc_vars.o)
                0x000000000200202c                fake_heap_start
 .bss.__syscalls
                0x0000000002002030       0x38 /opt/devkitpro/devkitARM/lib/gcc/arm-none-eabi/7.1.0/../../../../arm-none-eabi/lib/thumb/libsysbase.a(syscall_support.o)
                0x0000000002002030                __syscalls
 *(EXCLUDE_FILE(*.twl*) COMMON)
 COMMON         0x0000000002002068        0x1 /opt/devkitpro/libnds/lib/libnds9.a(initSystem.o)
                0x0000000002002068                __dsimode
 *fill*         0x0000000002002069        0x3 
 COMMON         0x000000000200206c      0xa40 /opt/devkitpro/libnds/lib/libnds9.a(fifosystem.o)
                0x000000000200206c                fifo_datamsg_data
                0x00000000020020ac                fifo_buffer
                0x00000000020028ac                fifo_value32_func
                0x00000000020028ec                fifo_address_func
                0x000000000200292c                fifo_value32_data
                0x000000000200296c                fifo_value32_queue
                0x00000000020029ac                fifo_data_queue
                0x00000000020029ec                fifo_address_data
                0x0000000002002a2c                fifo_datamsg_func
                0x0000000002002a6c                fifo_address_queue
 COMMON         0x0000000002002aac        0x4 /opt/devkitpro/libnds/lib/libnds9.a(timeSupport.o)
                0x0000000002002aac                punixTime
                0x0000000002002ab0                . = ALIGN (0x4)
                0x0000000002002ab0                __bss_end__ = ABSOLUTE (.)
                0x0000000002002ab0                __end__ = ABSOLUTE (.)

.twl            0x0000000002002ab0        0x0 load address 0x0000000002400000
                0x0000000002400000                __arm9i_lma__ = LOADADDR (.twl)
                0x0000000002002ab0                __arm9i_start__ = ABSOLUTE (.)
 *(.twl)
 *.twl*(.text .stub .text.* .gnu.linkonce.t.*)
 *.twl*(.rodata)
 *.twl*(.roda)
 *.twl*(.rodata.*)
 *.twl*(.data)
 *.twl*(.data.*)
 *.twl*(.gnu.linkonce.d*)
                0x0000000002002ab0                __arm9i_end__ = ABSOLUTE (.)

.twl_bss        0x0000000002002ab0        0x0
                0x0000000002002ab0                __twl_bss_start__ = ABSOLUTE (.)
 *(.twl_bss)
 *.twl*(.dynbss)
 *.twl*(.gnu.linkonce.b*)
 *.twl*(.bss*)
 *.twl*(COMMON)
                0x0000000002002ab0                . = ALIGN (0x4)
                0x0000000002002ab0                __twl_bss_end__ = ABSOLUTE (.)
                0x0000000002002ab0                __twl_end__ = ABSOLUTE (.)

.stab
 *(.stab)

.stabstr
 *(.stabstr)

.stab.excl
 *(.stab.excl)

.stab.exclstr
 *(.stab.exclstr)

.stab.index
 *(.stab.index)

.stab.indexstr
 *(.stab.indexstr)

.comment        0x0000000000000000       0x44
 *(.comment)
 .comment       0x0000000000000000       0x22 /opt/devkitpro/devkitARM/lib/gcc/arm-none-eabi/7.1.0/thumb/crtbegin.o
                                         0x23 (size before relaxing)
 .comment       0x0000000000000022       0x22 /opt/devkitpro/libnds/lib/libnds9.a(securearea.o)
                                         0x23 (size before relaxing)
 .comment       0x0000000000000044       0x23 /opt/devkitpro/libnds/lib/libnds9.a(initSystem.o)
 .comment       0x0000000000000044       0x23 /opt/devkitpro/libnds/lib/libnds9.a(fifosystem.o)
 .comment       0x0000000000000044       0x23 /opt/devkitpro/libnds/lib/libnds9.a(libnds_exit.arm.o)
 .comment       0x0000000000000044       0x23 /opt/devkitpro/libnds/lib/libnds9.a(interrupts.o)
 .comment       0x0000000000000044       0x23 /opt/devkitpro/libnds/lib/libnds9.a(system.o)
 .comment       0x0000000000000044       0x23 /opt/devkitpro/libnds/lib/libnds9.a(video.o)
 .comment       0x0000000000000044       0x23 /opt/devkitpro/libnds/lib/libnds9.a(timeSupport.o)
 .comment       0x0000000000000044       0x23 /opt/devkitpro/devkitARM/lib/gcc/arm-none-eabi/7.1.0/../../../../arm-none-eabi/lib/thumb/libg.a(lib_a-init.o)
 .comment       0x0000000000000044       0x23 /opt/devkitpro/devkitARM/lib/gcc/arm-none-eabi/7.1.0/../../../../arm-none-eabi/lib/thumb/libg.a(lib_a-memcpy-stub.o)
 .comment       0x0000000000000044       0x23 /opt/devkitpro/devkitARM/lib/gcc/arm-none-eabi/7.1.0/../../../../arm-none-eabi/lib/thumb/libsysbase.a(malloc_vars.o)
 .comment       0x0000000000000044       0x23 /opt/devkitpro/devkitARM/lib/gcc/arm-none-eabi/7.1.0/../../../../arm-none-eabi/lib/thumb/libsysbase.a(build_argv.o)
 .comment       0x0000000000000044       0x23 /opt/devkitpro/devkitARM/lib/gcc/arm-none-eabi/7.1.0/../../../../arm-none-eabi/lib/thumb/libsysbase.a(syscall_support.o)
 .comment       0x0000000000000044       0x23 /opt/devkitpro/devkitARM/lib/gcc/arm-none-eabi/7.1.0/thumb/crtend.o

.ARM.attributes
                0x0000000000000000       0x2d
 .ARM.attributes
                0x0000000000000000       0x21 /opt/devkitpro/devkitARM/lib/gcc/arm-none-eabi/7.1.0/../../../../arm-none-eabi/lib/thumb/ds_arm9_crt0.o
 .ARM.attributes
                0x0000000000000021       0x16 /opt/devkitpro/devkitARM/lib/gcc/arm-none-eabi/7.1.0/thumb/crti.o
 .ARM.attributes
                0x0000000000000037       0x30 /opt/devkitpro/devkitARM/lib/gcc/arm-none-eabi/7.1.0/thumb/crtbegin.o
 .ARM.attributes
                0x0000000000000067       0x2b /opt/devkitpro/libnds/lib/libnds9.a(securearea.o)
 .ARM.attributes
                0x0000000000000092       0x2b /opt/devkitpro/libnds/lib/libnds9.a(initSystem.o)
 .ARM.attributes
                0x00000000000000bd       0x2b /opt/devkitpro/libnds/lib/libnds9.a(fifosystem.o)
 .ARM.attributes
                0x00000000000000e8       0x2b /opt/devkitpro/libnds/lib/libnds9.a(libnds_exit.arm.o)
 .ARM.attributes
                0x0000000000000113       0x2b /opt/devkitpro/libnds/lib/libnds9.a(interrupts.o)
 .ARM.attributes
                0x000000000000013e       0x21 /opt/devkitpro/libnds/lib/libnds9.a(cpu_clock.o)
 .ARM.attributes
                0x000000000000015f       0x21 /opt/devkitpro/libnds/lib/libnds9.a(IntrWait.o)
 .ARM.attributes
                0x0000000000000180       0x21 /opt/devkitpro/libnds/lib/libnds9.a(mpu_setup.o)
 .ARM.attributes
                0x00000000000001a1       0x21 /opt/devkitpro/libnds/lib/libnds9.a(swiSoftReset.o)
 .ARM.attributes
                0x00000000000001c2       0x1b /opt/devkitpro/libnds/lib/libnds9.a(interruptDispatcher.o)
 .ARM.attributes
                0x00000000000001dd       0x2b /opt/devkitpro/libnds/lib/libnds9.a(system.o)
 .ARM.attributes
                0x0000000000000208       0x2b /opt/devkitpro/libnds/lib/libnds9.a(video.o)
 .ARM.attributes
                0x0000000000000233       0x2b /opt/devkitpro/libnds/lib/libnds9.a(timeSupport.o)
 .ARM.attributes
                0x000000000000025e       0x1b /opt/devkitpro/libnds/lib/libnds9.a(biosCalls.o)
 .ARM.attributes
                0x0000000000000279       0x30 /opt/devkitpro/devkitARM/lib/gcc/arm-none-eabi/7.1.0/../../../../arm-none-eabi/lib/thumb/libg.a(lib_a-init.o)
 .ARM.attributes
                0x00000000000002a9       0x30 /opt/devkitpro/devkitARM/lib/gcc/arm-none-eabi/7.1.0/../../../../arm-none-eabi/lib/thumb/libg.a(lib_a-memcpy-stub.o)
 .ARM.attributes
                0x00000000000002d9       0x30 /opt/devkitpro/devkitARM/lib/gcc/arm-none-eabi/7.1.0/../../../../arm-none-eabi/lib/thumb/libsysbase.a(malloc_vars.o)
 .ARM.attributes
                0x0000000000000309       0x30 /opt/devkitpro/devkitARM/lib/gcc/arm-none-eabi/7.1.0/../../../../arm-none-eabi/lib/thumb/libsysbase.a(build_argv.o)
 .ARM.attributes
                0x0000000000000339       0x30 /opt/devkitpro/devkitARM/lib/gcc/arm-none-eabi/7.1.0/../../../../arm-none-eabi/lib/thumb/libsysbase.a(syscall_support.o)
 .ARM.attributes
                0x0000000000000369       0x30 /opt/devkitpro/devkitARM/lib/gcc/arm-none-eabi/7.1.0/thumb/crtend.o
 .ARM.attributes
                0x0000000000000399       0x16 /opt/devkitpro/devkitARM/lib/gcc/arm-none-eabi/7.1.0/thumb/crtn.o

.debug
 *(.debug)

.line
 *(.line)

.debug_srcinfo
 *(.debug_srcinfo)

.debug_sfnames
 *(.debug_sfnames)

.debug_aranges  0x0000000000000000      0x3c8
 *(.debug_aranges)
 .debug_aranges
                0x0000000000000000       0x18 /opt/devkitpro/libnds/lib/libnds9.a(securearea.o)
 .debug_aranges
                0x0000000000000018       0x20 /opt/devkitpro/libnds/lib/libnds9.a(initSystem.o)
 .debug_aranges
                0x0000000000000038       0xc8 /opt/devkitpro/libnds/lib/libnds9.a(fifosystem.o)
 .debug_aranges
                0x0000000000000100       0x28 /opt/devkitpro/libnds/lib/libnds9.a(libnds_exit.arm.o)
 .debug_aranges
                0x0000000000000128       0x50 /opt/devkitpro/libnds/lib/libnds9.a(interrupts.o)
 .debug_aranges
                0x0000000000000178       0x20 /opt/devkitpro/libnds/lib/libnds9.a(cpu_clock.o)
 .debug_aranges
                0x0000000000000198       0x28 /opt/devkitpro/libnds/lib/libnds9.a(IntrWait.o)
 .debug_aranges
                0x00000000000001c0       0x30 /opt/devkitpro/libnds/lib/libnds9.a(mpu_setup.o)
 .debug_aranges
                0x00000000000001f0       0x20 /opt/devkitpro/libnds/lib/libnds9.a(swiSoftReset.o)
 .debug_aranges
                0x0000000000000210       0x20 /opt/devkitpro/libnds/lib/libnds9.a(interruptDispatcher.o)
 .debug_aranges
                0x0000000000000230       0x68 /opt/devkitpro/libnds/lib/libnds9.a(system.o)
 .debug_aranges
                0x0000000000000298       0x48 /opt/devkitpro/libnds/lib/libnds9.a(video.o)
 .debug_aranges
                0x00000000000002e0       0x20 /opt/devkitpro/libnds/lib/libnds9.a(timeSupport.o)
 .debug_aranges
                0x0000000000000300       0xc8 /opt/devkitpro/libnds/lib/libnds9.a(biosCalls.o)

.debug_pubnames
 *(.debug_pubnames)

.debug_info     0x0000000000000000     0x73e0
 *(.debug_info)
 .debug_info    0x0000000000000000       0x58 /opt/devkitpro/libnds/lib/libnds9.a(securearea.o)
 .debug_info    0x0000000000000058     0x1c23 /opt/devkitpro/libnds/lib/libnds9.a(initSystem.o)
 .debug_info    0x0000000000001c7b     0x1f7b /opt/devkitpro/libnds/lib/libnds9.a(fifosystem.o)
 .debug_info    0x0000000000003bf6      0xc50 /opt/devkitpro/libnds/lib/libnds9.a(libnds_exit.arm.o)
 .debug_info    0x0000000000004846      0x66d /opt/devkitpro/libnds/lib/libnds9.a(interrupts.o)
 .debug_info    0x0000000000004eb3       0x26 /opt/devkitpro/libnds/lib/libnds9.a(cpu_clock.o)
 .debug_info    0x0000000000004ed9       0x22 /opt/devkitpro/libnds/lib/libnds9.a(IntrWait.o)
 .debug_info    0x0000000000004efb       0x22 /opt/devkitpro/libnds/lib/libnds9.a(mpu_setup.o)
 .debug_info    0x0000000000004f1d       0x26 /opt/devkitpro/libnds/lib/libnds9.a(swiSoftReset.o)
 .debug_info    0x0000000000004f43       0x26 /opt/devkitpro/libnds/lib/libnds9.a(interruptDispatcher.o)
 .debug_info    0x0000000000004f69     0x1326 /opt/devkitpro/libnds/lib/libnds9.a(system.o)
 .debug_info    0x000000000000628f      0x724 /opt/devkitpro/libnds/lib/libnds9.a(video.o)
 .debug_info    0x00000000000069b3      0xa0b /opt/devkitpro/libnds/lib/libnds9.a(timeSupport.o)
 .debug_info    0x00000000000073be       0x22 /opt/devkitpro/libnds/lib/libnds9.a(biosCalls.o)

.debug_abbrev   0x0000000000000000     0x15cd
 *(.debug_abbrev)
 .debug_abbrev  0x0000000000000000       0x45 /opt/devkitpro/libnds/lib/libnds9.a(securearea.o)
 .debug_abbrev  0x0000000000000045      0x35a /opt/devkitpro/libnds/lib/libnds9.a(initSystem.o)
 .debug_abbrev  0x000000000000039f      0x542 /opt/devkitpro/libnds/lib/libnds9.a(fifosystem.o)
 .debug_abbrev  0x00000000000008e1      0x289 /opt/devkitpro/libnds/lib/libnds9.a(libnds_exit.arm.o)
 .debug_abbrev  0x0000000000000b6a      0x28e /opt/devkitpro/libnds/lib/libnds9.a(interrupts.o)
 .debug_abbrev  0x0000000000000df8       0x14 /opt/devkitpro/libnds/lib/libnds9.a(cpu_clock.o)
 .debug_abbrev  0x0000000000000e0c       0x12 /opt/devkitpro/libnds/lib/libnds9.a(IntrWait.o)
 .debug_abbrev  0x0000000000000e1e       0x12 /opt/devkitpro/libnds/lib/libnds9.a(mpu_setup.o)
 .debug_abbrev  0x0000000000000e30       0x14 /opt/devkitpro/libnds/lib/libnds9.a(swiSoftReset.o)
 .debug_abbrev  0x0000000000000e44       0x14 /opt/devkitpro/libnds/lib/libnds9.a(interruptDispatcher.o)
 .debug_abbrev  0x0000000000000e58      0x373 /opt/devkitpro/libnds/lib/libnds9.a(system.o)
 .debug_abbrev  0x00000000000011cb      0x216 /opt/devkitpro/libnds/lib/libnds9.a(video.o)
 .debug_abbrev  0x00000000000013e1      0x1da /opt/devkitpro/libnds/lib/libnds9.a(timeSupport.o)
 .debug_abbrev  0x00000000000015bb       0x12 /opt/devkitpro/libnds/lib/libnds9.a(biosCalls.o)

.debug_line     0x0000000000000000     0x2046
 *(.debug_line)
 .debug_line    0x0000000000000000       0x7f /opt/devkitpro/libnds/lib/libnds9.a(securearea.o)
 .debug_line    0x000000000000007f      0x3a1 /opt/devkitpro/libnds/lib/libnds9.a(initSystem.o)
 .debug_line    0x0000000000000420      0x8a0 /opt/devkitpro/libnds/lib/libnds9.a(fifosystem.o)
 .debug_line    0x0000000000000cc0      0x2a6 /opt/devkitpro/libnds/lib/libnds9.a(libnds_exit.arm.o)
 .debug_line    0x0000000000000f66      0x2e6 /opt/devkitpro/libnds/lib/libnds9.a(interrupts.o)
 .debug_line    0x000000000000124c       0xa0 /opt/devkitpro/libnds/lib/libnds9.a(cpu_clock.o)
 .debug_line    0x00000000000012ec       0xb4 /opt/devkitpro/libnds/lib/libnds9.a(IntrWait.o)
 .debug_line    0x00000000000013a0      0x12c /opt/devkitpro/libnds/lib/libnds9.a(mpu_setup.o)
 .debug_line    0x00000000000014cc       0x99 /opt/devkitpro/libnds/lib/libnds9.a(swiSoftReset.o)
 .debug_line    0x0000000000001565       0xc9 /opt/devkitpro/libnds/lib/libnds9.a(interruptDispatcher.o)
 .debug_line    0x000000000000162e      0x3c6 /opt/devkitpro/libnds/lib/libnds9.a(system.o)
 .debug_line    0x00000000000019f4      0x285 /opt/devkitpro/libnds/lib/libnds9.a(video.o)
 .debug_line    0x0000000000001c79      0x1de /opt/devkitpro/libnds/lib/libnds9.a(timeSupport.o)
 .debug_line    0x0000000000001e57      0x1ef /opt/devkitpro/libnds/lib/libnds9.a(biosCalls.o)

.debug_frame    0x0000000000000000      0x598
 *(.debug_frame)
 .debug_frame   0x0000000000000000       0x28 /opt/devkitpro/libnds/lib/libnds9.a(initSystem.o)
 .debug_frame   0x0000000000000028      0x2c0 /opt/devkitpro/libnds/lib/libnds9.a(fifosystem.o)
 .debug_frame   0x00000000000002e8       0x3c /opt/devkitpro/libnds/lib/libnds9.a(libnds_exit.arm.o)
 .debug_frame   0x0000000000000324       0xa4 /opt/devkitpro/libnds/lib/libnds9.a(interrupts.o)
 .debug_frame   0x00000000000003c8       0xf8 /opt/devkitpro/libnds/lib/libnds9.a(system.o)
 .debug_frame   0x00000000000004c0       0xb8 /opt/devkitpro/libnds/lib/libnds9.a(video.o)
 .debug_frame   0x0000000000000578       0x20 /opt/devkitpro/libnds/lib/libnds9.a(timeSupport.o)

.debug_str      0x0000000000000000     0x29c4
 *(.debug_str)
 .debug_str     0x0000000000000000      0x13b /opt/devkitpro/libnds/lib/libnds9.a(securearea.o)
                                        0x14d (size before relaxing)
 .debug_str     0x000000000000013b      0xfc0 /opt/devkitpro/libnds/lib/libnds9.a(initSystem.o)
                                       0x1222 (size before relaxing)
 .debug_str     0x00000000000010fb      0x5ca /opt/devkitpro/libnds/lib/libnds9.a(fifosystem.o)
                                        0xdad (size before relaxing)
 .debug_str     0x00000000000016c5      0x1d2 /opt/devkitpro/libnds/lib/libnds9.a(libnds_exit.arm.o)
                                        0x865 (size before relaxing)
 .debug_str     0x0000000000001897       0xa3 /opt/devkitpro/libnds/lib/libnds9.a(interrupts.o)
                                        0x4d7 (size before relaxing)
 .debug_str     0x000000000000193a       0x6a /opt/devkitpro/libnds/lib/libnds9.a(cpu_clock.o)
                                         0xae (size before relaxing)
 .debug_str     0x00000000000019a4       0x5d /opt/devkitpro/libnds/lib/libnds9.a(IntrWait.o)
                                         0xad (size before relaxing)
 .debug_str     0x0000000000001a01       0x5e /opt/devkitpro/libnds/lib/libnds9.a(mpu_setup.o)
                                         0xae (size before relaxing)
 .debug_str     0x0000000000001a5f       0x5c /opt/devkitpro/libnds/lib/libnds9.a(swiSoftReset.o)
                                         0xac (size before relaxing)
 .debug_str     0x0000000000001abb       0x63 /opt/devkitpro/libnds/lib/libnds9.a(interruptDispatcher.o)
                                         0xb3 (size before relaxing)
 .debug_str     0x0000000000001b1e      0x38b /opt/devkitpro/libnds/lib/libnds9.a(system.o)
                                        0xc2b (size before relaxing)
 .debug_str     0x0000000000001ea9      0xa54 /opt/devkitpro/libnds/lib/libnds9.a(video.o)
                                        0xc4f (size before relaxing)
 .debug_str     0x00000000000028fd       0x6e /opt/devkitpro/libnds/lib/libnds9.a(timeSupport.o)
                                        0x693 (size before relaxing)
 .debug_str     0x000000000000296b       0x59 /opt/devkitpro/libnds/lib/libnds9.a(biosCalls.o)
                                         0xa9 (size before relaxing)

.debug_loc      0x0000000000000000     0x19c2
 *(.debug_loc)
 .debug_loc     0x0000000000000000       0xd8 /opt/devkitpro/libnds/lib/libnds9.a(initSystem.o)
 .debug_loc     0x00000000000000d8     0x1279 /opt/devkitpro/libnds/lib/libnds9.a(fifosystem.o)
 .debug_loc     0x0000000000001351       0x58 /opt/devkitpro/libnds/lib/libnds9.a(libnds_exit.arm.o)
 .debug_loc     0x00000000000013a9      0x179 /opt/devkitpro/libnds/lib/libnds9.a(interrupts.o)
 .debug_loc     0x0000000000001522      0x1f9 /opt/devkitpro/libnds/lib/libnds9.a(system.o)
 .debug_loc     0x000000000000171b      0x286 /opt/devkitpro/libnds/lib/libnds9.a(video.o)
 .debug_loc     0x00000000000019a1       0x21 /opt/devkitpro/libnds/lib/libnds9.a(timeSupport.o)

.debug_macinfo
 *(.debug_macinfo)

.debug_weaknames
 *(.debug_weaknames)

.debug_funcnames
 *(.debug_funcnames)

.debug_typenames
 *(.debug_typenames)

.debug_varnames
 *(.debug_varnames)

.stack          0x0000000000080000        0x0
                0x0000000000080000                _stack = .
 *(.stack)
LOAD /opt/devkitpro/devkitARM/lib/gcc/arm-none-eabi/7.1.0/../../../../arm-none-eabi/lib/thumb/ds_arm9_crt0.o
LOAD /opt/devkitpro/devkitARM/lib/gcc/arm-none-eabi/7.1.0/thumb/crti.o
LOAD /opt/devkitpro/devkitARM/lib/gcc/arm-none-eabi/7.1.0/thumb/crtbegin.o
LOAD /opt/devkitpro/libnds/lib/libnds9.a
START GROUP
LOAD /opt/devkitpro/devkitARM/lib/gcc/arm-none-eabi/7.1.0/thumb/libgcc.a
LOAD /opt/devkitpro/devkitARM/lib/gcc/arm-none-eabi/7.1.0/../../../../arm-none-eabi/lib/thumb/libg.a
LOAD /opt/devkitpro/devkitARM/lib/gcc/arm-none-eabi/7.1.0/../../../../arm-none-eabi/lib/thumb/libc.a
LOAD /opt/devkitpro/devkitARM/lib/gcc/arm-none-eabi/7.1.0/../../../../arm-none-eabi/lib/thumb/libsysbase.a
END GROUP
LOAD /opt/devkitpro/devkitARM/lib/gcc/arm-none-eabi/7.1.0/thumb/crtend.o
LOAD /opt/devkitpro/devkitARM/lib/gcc/arm-none-eabi/7.1.0/thumb/crtn.o
OUTPUT(/home/yuki/Desktop/AEV/prac2/prac2.elf elf32-littlearm)

.debug_ranges   0x0000000000000000      0x758
 .debug_ranges  0x0000000000000000       0x10 /opt/devkitpro/libnds/lib/libnds9.a(initSystem.o)
 .debug_ranges  0x0000000000000010      0x488 /opt/devkitpro/libnds/lib/libnds9.a(fifosystem.o)
 .debug_ranges  0x0000000000000498       0x18 /opt/devkitpro/libnds/lib/libnds9.a(libnds_exit.arm.o)
 .debug_ranges  0x00000000000004b0       0xe8 /opt/devkitpro/libnds/lib/libnds9.a(interrupts.o)
 .debug_ranges  0x0000000000000598       0x20 /opt/devkitpro/libnds/lib/libnds9.a(IntrWait.o)
 .debug_ranges  0x00000000000005b8       0x28 /opt/devkitpro/libnds/lib/libnds9.a(mpu_setup.o)
 .debug_ranges  0x00000000000005e0       0x58 /opt/devkitpro/libnds/lib/libnds9.a(system.o)
 .debug_ranges  0x0000000000000638       0x50 /opt/devkitpro/libnds/lib/libnds9.a(video.o)
 .debug_ranges  0x0000000000000688       0x10 /opt/devkitpro/libnds/lib/libnds9.a(timeSupport.o)
 .debug_ranges  0x0000000000000698       0xc0 /opt/devkitpro/libnds/lib/libnds9.a(biosCalls.o)
